EXTI_program.c:37:6:EXTI_voidInitLine	16	static
EXTI_program.c:57:6:EXTI_voidEnableEXTI	16	static
EXTI_program.c:62:6:EXTI_voidDisableEXTI	16	static
EXTI_program.c:67:6:EXTI_voidSoftwareTrigger	16	static
EXTI_program.c:71:6:EXTI_voidChangeLineTrigger	16	static
EXTI_program.c:76:6:EXTI_voidSetCallBackFCN	16	static
EXTI_program.c:82:9:EXTI0_IRQHandler	8	static
EXTI_program.c:89:9:EXTI1_IRQHandler	8	static
EXTI_program.c:95:9:EXTI2_IRQHandler	8	static
EXTI_program.c:101:9:EXTI3_IRQHandler	8	static
EXTI_program.c:107:9:EXTI4_IRQHandler	8	static
EXTI_program.c:113:9:EXTI5_IRQHandler	8	static
EXTI_program.c:119:9:EXTI6_IRQHandler	8	static
EXTI_program.c:125:9:EXTI7_IRQHandler	8	static
EXTI_program.c:132:9:EXTI8_IRQHandler	8	static
EXTI_program.c:138:9:EXTI9_IRQHandler	8	static
EXTI_program.c:144:9:EXTI10_IRQHandler	8	static
EXTI_program.c:150:9:EXTI11_IRQHandler	8	static
EXTI_program.c:156:9:EXTI12_IRQHandler	8	static
EXTI_program.c:162:9:EXTI13_IRQHandler	8	static
EXTI_program.c:168:9:EXTI14_IRQHandler	8	static
EXTI_program.c:174:9:EXTI15_IRQHandler	8	static
