Archive member included to satisfy reference by file (symbol)

c:/st/stm32cubeide_1.4.0/stm32cubeide/plugins/com.st.stm32cube.ide.mcu.externaltools.gnu-tools-for-stm32.7-2018-q2-update.win32_1.4.0.202007081208/tools/bin/../lib/gcc/arm-none-eabi/7.3.1/../../../../arm-none-eabi/lib/thumb/v7-m\libc_nano.a(lib_a-errno.o)
                              Src/syscalls.o (__errno)
c:/st/stm32cubeide_1.4.0/stm32cubeide/plugins/com.st.stm32cube.ide.mcu.externaltools.gnu-tools-for-stm32.7-2018-q2-update.win32_1.4.0.202007081208/tools/bin/../lib/gcc/arm-none-eabi/7.3.1/../../../../arm-none-eabi/lib/thumb/v7-m\libc_nano.a(lib_a-exit.o)
                              c:/st/stm32cubeide_1.4.0/stm32cubeide/plugins/com.st.stm32cube.ide.mcu.externaltools.gnu-tools-for-stm32.7-2018-q2-update.win32_1.4.0.202007081208/tools/bin/../lib/gcc/arm-none-eabi/7.3.1/../../../../arm-none-eabi/lib/thumb/v7-m/crt0.o (exit)
c:/st/stm32cubeide_1.4.0/stm32cubeide/plugins/com.st.stm32cube.ide.mcu.externaltools.gnu-tools-for-stm32.7-2018-q2-update.win32_1.4.0.202007081208/tools/bin/../lib/gcc/arm-none-eabi/7.3.1/../../../../arm-none-eabi/lib/thumb/v7-m\libc_nano.a(lib_a-impure.o)
                              c:/st/stm32cubeide_1.4.0/stm32cubeide/plugins/com.st.stm32cube.ide.mcu.externaltools.gnu-tools-for-stm32.7-2018-q2-update.win32_1.4.0.202007081208/tools/bin/../lib/gcc/arm-none-eabi/7.3.1/../../../../arm-none-eabi/lib/thumb/v7-m\libc_nano.a(lib_a-exit.o) (_global_impure_ptr)
c:/st/stm32cubeide_1.4.0/stm32cubeide/plugins/com.st.stm32cube.ide.mcu.externaltools.gnu-tools-for-stm32.7-2018-q2-update.win32_1.4.0.202007081208/tools/bin/../lib/gcc/arm-none-eabi/7.3.1/../../../../arm-none-eabi/lib/thumb/v7-m\libc_nano.a(lib_a-init.o)
                              c:/st/stm32cubeide_1.4.0/stm32cubeide/plugins/com.st.stm32cube.ide.mcu.externaltools.gnu-tools-for-stm32.7-2018-q2-update.win32_1.4.0.202007081208/tools/bin/../lib/gcc/arm-none-eabi/7.3.1/../../../../arm-none-eabi/lib/thumb/v7-m/crt0.o (__libc_init_array)
c:/st/stm32cubeide_1.4.0/stm32cubeide/plugins/com.st.stm32cube.ide.mcu.externaltools.gnu-tools-for-stm32.7-2018-q2-update.win32_1.4.0.202007081208/tools/bin/../lib/gcc/arm-none-eabi/7.3.1/../../../../arm-none-eabi/lib/thumb/v7-m\libc_nano.a(lib_a-memset.o)
                              c:/st/stm32cubeide_1.4.0/stm32cubeide/plugins/com.st.stm32cube.ide.mcu.externaltools.gnu-tools-for-stm32.7-2018-q2-update.win32_1.4.0.202007081208/tools/bin/../lib/gcc/arm-none-eabi/7.3.1/../../../../arm-none-eabi/lib/thumb/v7-m/crt0.o (memset)

Allocating common symbols
Common symbol       size              file

GP_IRQ_CALLBACK     0x40              Stm32_F103C6_Drivers/Stm32_f103c6_Drivers_EXTI.o
PinCfg              0x4               HAL/KEY_PAD.o

Discarded input sections

 .text          0x0000000000000000        0x0 c:/st/stm32cubeide_1.4.0/stm32cubeide/plugins/com.st.stm32cube.ide.mcu.externaltools.gnu-tools-for-stm32.7-2018-q2-update.win32_1.4.0.202007081208/tools/bin/../lib/gcc/arm-none-eabi/7.3.1/thumb/v7-m/crti.o
 .data          0x0000000000000000        0x0 c:/st/stm32cubeide_1.4.0/stm32cubeide/plugins/com.st.stm32cube.ide.mcu.externaltools.gnu-tools-for-stm32.7-2018-q2-update.win32_1.4.0.202007081208/tools/bin/../lib/gcc/arm-none-eabi/7.3.1/thumb/v7-m/crti.o
 .bss           0x0000000000000000        0x0 c:/st/stm32cubeide_1.4.0/stm32cubeide/plugins/com.st.stm32cube.ide.mcu.externaltools.gnu-tools-for-stm32.7-2018-q2-update.win32_1.4.0.202007081208/tools/bin/../lib/gcc/arm-none-eabi/7.3.1/thumb/v7-m/crti.o
 .data          0x0000000000000000        0x4 c:/st/stm32cubeide_1.4.0/stm32cubeide/plugins/com.st.stm32cube.ide.mcu.externaltools.gnu-tools-for-stm32.7-2018-q2-update.win32_1.4.0.202007081208/tools/bin/../lib/gcc/arm-none-eabi/7.3.1/thumb/v7-m/crtbegin.o
 .text          0x0000000000000000       0x74 c:/st/stm32cubeide_1.4.0/stm32cubeide/plugins/com.st.stm32cube.ide.mcu.externaltools.gnu-tools-for-stm32.7-2018-q2-update.win32_1.4.0.202007081208/tools/bin/../lib/gcc/arm-none-eabi/7.3.1/../../../../arm-none-eabi/lib/thumb/v7-m/crt0.o
 .data          0x0000000000000000        0x0 c:/st/stm32cubeide_1.4.0/stm32cubeide/plugins/com.st.stm32cube.ide.mcu.externaltools.gnu-tools-for-stm32.7-2018-q2-update.win32_1.4.0.202007081208/tools/bin/../lib/gcc/arm-none-eabi/7.3.1/../../../../arm-none-eabi/lib/thumb/v7-m/crt0.o
 .bss           0x0000000000000000        0x0 c:/st/stm32cubeide_1.4.0/stm32cubeide/plugins/com.st.stm32cube.ide.mcu.externaltools.gnu-tools-for-stm32.7-2018-q2-update.win32_1.4.0.202007081208/tools/bin/../lib/gcc/arm-none-eabi/7.3.1/../../../../arm-none-eabi/lib/thumb/v7-m/crt0.o
 .ARM.extab     0x0000000000000000        0x0 c:/st/stm32cubeide_1.4.0/stm32cubeide/plugins/com.st.stm32cube.ide.mcu.externaltools.gnu-tools-for-stm32.7-2018-q2-update.win32_1.4.0.202007081208/tools/bin/../lib/gcc/arm-none-eabi/7.3.1/../../../../arm-none-eabi/lib/thumb/v7-m/crt0.o
 .ARM.exidx     0x0000000000000000        0x8 c:/st/stm32cubeide_1.4.0/stm32cubeide/plugins/com.st.stm32cube.ide.mcu.externaltools.gnu-tools-for-stm32.7-2018-q2-update.win32_1.4.0.202007081208/tools/bin/../lib/gcc/arm-none-eabi/7.3.1/../../../../arm-none-eabi/lib/thumb/v7-m/crt0.o
 .ARM.attributes
                0x0000000000000000       0x1b c:/st/stm32cubeide_1.4.0/stm32cubeide/plugins/com.st.stm32cube.ide.mcu.externaltools.gnu-tools-for-stm32.7-2018-q2-update.win32_1.4.0.202007081208/tools/bin/../lib/gcc/arm-none-eabi/7.3.1/../../../../arm-none-eabi/lib/thumb/v7-m/crt0.o
 .group         0x0000000000000000        0xc HAL/KEY_PAD.o
 .group         0x0000000000000000        0xc HAL/KEY_PAD.o
 .group         0x0000000000000000        0xc HAL/KEY_PAD.o
 .group         0x0000000000000000        0xc HAL/KEY_PAD.o
 .group         0x0000000000000000        0xc HAL/KEY_PAD.o
 .group         0x0000000000000000        0xc HAL/KEY_PAD.o
 .group         0x0000000000000000        0xc HAL/KEY_PAD.o
 .group         0x0000000000000000        0xc HAL/KEY_PAD.o
 .group         0x0000000000000000        0xc HAL/KEY_PAD.o
 .group         0x0000000000000000        0xc HAL/KEY_PAD.o
 .group         0x0000000000000000        0xc HAL/KEY_PAD.o
 .group         0x0000000000000000        0xc HAL/KEY_PAD.o
 .group         0x0000000000000000        0xc HAL/KEY_PAD.o
 .group         0x0000000000000000        0xc HAL/KEY_PAD.o
 .group         0x0000000000000000        0xc HAL/KEY_PAD.o
 .group         0x0000000000000000        0xc HAL/KEY_PAD.o
 .group         0x0000000000000000        0xc HAL/KEY_PAD.o
 .group         0x0000000000000000        0xc HAL/KEY_PAD.o
 .group         0x0000000000000000        0xc HAL/KEY_PAD.o
 .group         0x0000000000000000        0xc HAL/KEY_PAD.o
 .group         0x0000000000000000        0xc HAL/KEY_PAD.o
 .group         0x0000000000000000        0xc HAL/KEY_PAD.o
 .group         0x0000000000000000        0xc HAL/KEY_PAD.o
 .group         0x0000000000000000        0xc HAL/KEY_PAD.o
 .group         0x0000000000000000        0xc HAL/KEY_PAD.o
 .text          0x0000000000000000        0x0 HAL/KEY_PAD.o
 .data          0x0000000000000000        0x0 HAL/KEY_PAD.o
 .bss           0x0000000000000000        0x0 HAL/KEY_PAD.o
 .data.Key_padRow
                0x0000000000000000       0x10 HAL/KEY_PAD.o
 .data.Key_padCol
                0x0000000000000000       0x10 HAL/KEY_PAD.o
 .text.Intialize_KEYPAD
                0x0000000000000000       0xe4 HAL/KEY_PAD.o
 .text.Keypad_init
                0x0000000000000000       0xec HAL/KEY_PAD.o
 .text.Keypad_getkey
                0x0000000000000000      0x194 HAL/KEY_PAD.o
 .group         0x0000000000000000        0xc HAL/LCD.o
 .group         0x0000000000000000        0xc HAL/LCD.o
 .group         0x0000000000000000        0xc HAL/LCD.o
 .group         0x0000000000000000        0xc HAL/LCD.o
 .group         0x0000000000000000        0xc HAL/LCD.o
 .group         0x0000000000000000        0xc HAL/LCD.o
 .group         0x0000000000000000        0xc HAL/LCD.o
 .group         0x0000000000000000        0xc HAL/LCD.o
 .group         0x0000000000000000        0xc HAL/LCD.o
 .group         0x0000000000000000        0xc HAL/LCD.o
 .group         0x0000000000000000        0xc HAL/LCD.o
 .group         0x0000000000000000        0xc HAL/LCD.o
 .group         0x0000000000000000        0xc HAL/LCD.o
 .group         0x0000000000000000        0xc HAL/LCD.o
 .group         0x0000000000000000        0xc HAL/LCD.o
 .group         0x0000000000000000        0xc HAL/LCD.o
 .group         0x0000000000000000        0xc HAL/LCD.o
 .group         0x0000000000000000        0xc HAL/LCD.o
 .group         0x0000000000000000        0xc HAL/LCD.o
 .group         0x0000000000000000        0xc HAL/LCD.o
 .group         0x0000000000000000        0xc HAL/LCD.o
 .group         0x0000000000000000        0xc HAL/LCD.o
 .group         0x0000000000000000        0xc HAL/LCD.o
 .group         0x0000000000000000        0xc HAL/LCD.o
 .group         0x0000000000000000        0xc HAL/LCD.o
 .group         0x0000000000000000        0xc HAL/LCD.o
 .group         0x0000000000000000        0xc HAL/LCD.o
 .group         0x0000000000000000        0xc HAL/LCD.o
 .group         0x0000000000000000        0xc HAL/LCD.o
 .group         0x0000000000000000        0xc HAL/LCD.o
 .group         0x0000000000000000        0xc HAL/LCD.o
 .group         0x0000000000000000        0xc HAL/LCD.o
 .group         0x0000000000000000        0xc HAL/LCD.o
 .group         0x0000000000000000        0xc HAL/LCD.o
 .group         0x0000000000000000        0xc HAL/LCD.o
 .group         0x0000000000000000        0xc HAL/LCD.o
 .group         0x0000000000000000        0xc HAL/LCD.o
 .group         0x0000000000000000        0xc HAL/LCD.o
 .group         0x0000000000000000        0xc HAL/LCD.o
 .text          0x0000000000000000        0x0 HAL/LCD.o
 .data          0x0000000000000000        0x0 HAL/LCD.o
 .bss           0x0000000000000000        0x0 HAL/LCD.o
 .text.LCD_check_lcd_isbusy
                0x0000000000000000       0xd8 HAL/LCD.o
 .debug_macro   0x0000000000000000      0xa60 HAL/LCD.o
 .debug_macro   0x0000000000000000       0x18 HAL/LCD.o
 .debug_macro   0x0000000000000000       0x22 HAL/LCD.o
 .debug_macro   0x0000000000000000       0x40 HAL/LCD.o
 .debug_macro   0x0000000000000000       0x94 HAL/LCD.o
 .debug_macro   0x0000000000000000       0x3c HAL/LCD.o
 .debug_macro   0x0000000000000000       0x34 HAL/LCD.o
 .debug_macro   0x0000000000000000       0x16 HAL/LCD.o
 .debug_macro   0x0000000000000000      0x10e HAL/LCD.o
 .debug_macro   0x0000000000000000       0x8d HAL/LCD.o
 .debug_macro   0x0000000000000000       0x57 HAL/LCD.o
 .debug_macro   0x0000000000000000       0x52 HAL/LCD.o
 .debug_macro   0x0000000000000000       0x1f HAL/LCD.o
 .debug_macro   0x0000000000000000       0x43 HAL/LCD.o
 .debug_macro   0x0000000000000000       0x20 HAL/LCD.o
 .debug_macro   0x0000000000000000      0x1a3 HAL/LCD.o
 .debug_macro   0x0000000000000000      0x330 HAL/LCD.o
 .debug_macro   0x0000000000000000       0x16 HAL/LCD.o
 .debug_macro   0x0000000000000000       0x29 HAL/LCD.o
 .debug_macro   0x0000000000000000       0x6a HAL/LCD.o
 .debug_macro   0x0000000000000000       0xef HAL/LCD.o
 .debug_macro   0x0000000000000000      0x1df HAL/LCD.o
 .debug_macro   0x0000000000000000      0x1b0 HAL/LCD.o
 .debug_macro   0x0000000000000000       0xd0 HAL/LCD.o
 .group         0x0000000000000000        0xc Src/main.o
 .group         0x0000000000000000        0xc Src/main.o
 .group         0x0000000000000000        0xc Src/main.o
 .group         0x0000000000000000        0xc Src/main.o
 .group         0x0000000000000000        0xc Src/main.o
 .group         0x0000000000000000        0xc Src/main.o
 .group         0x0000000000000000        0xc Src/main.o
 .group         0x0000000000000000        0xc Src/main.o
 .group         0x0000000000000000        0xc Src/main.o
 .group         0x0000000000000000        0xc Src/main.o
 .group         0x0000000000000000        0xc Src/main.o
 .group         0x0000000000000000        0xc Src/main.o
 .group         0x0000000000000000        0xc Src/main.o
 .group         0x0000000000000000        0xc Src/main.o
 .group         0x0000000000000000        0xc Src/main.o
 .group         0x0000000000000000        0xc Src/main.o
 .group         0x0000000000000000        0xc Src/main.o
 .group         0x0000000000000000        0xc Src/main.o
 .group         0x0000000000000000        0xc Src/main.o
 .group         0x0000000000000000        0xc Src/main.o
 .group         0x0000000000000000        0xc Src/main.o
 .group         0x0000000000000000        0xc Src/main.o
 .group         0x0000000000000000        0xc Src/main.o
 .group         0x0000000000000000        0xc Src/main.o
 .group         0x0000000000000000        0xc Src/main.o
 .group         0x0000000000000000        0xc Src/main.o
 .group         0x0000000000000000        0xc Src/main.o
 .group         0x0000000000000000        0xc Src/main.o
 .group         0x0000000000000000        0xc Src/main.o
 .group         0x0000000000000000        0xc Src/main.o
 .group         0x0000000000000000        0xc Src/main.o
 .group         0x0000000000000000        0xc Src/main.o
 .group         0x0000000000000000        0xc Src/main.o
 .group         0x0000000000000000        0xc Src/main.o
 .group         0x0000000000000000        0xc Src/main.o
 .group         0x0000000000000000        0xc Src/main.o
 .group         0x0000000000000000        0xc Src/main.o
 .group         0x0000000000000000        0xc Src/main.o
 .group         0x0000000000000000        0xc Src/main.o
 .group         0x0000000000000000        0xc Src/main.o
 .group         0x0000000000000000        0xc Src/main.o
 .text          0x0000000000000000        0x0 Src/main.o
 .data          0x0000000000000000        0x0 Src/main.o
 .bss           0x0000000000000000        0x0 Src/main.o
 .text.GPIOB_INIT
                0x0000000000000000        0xc Src/main.o
 .debug_macro   0x0000000000000000      0xa60 Src/main.o
 .debug_macro   0x0000000000000000       0x18 Src/main.o
 .debug_macro   0x0000000000000000       0x22 Src/main.o
 .debug_macro   0x0000000000000000       0x40 Src/main.o
 .debug_macro   0x0000000000000000       0x94 Src/main.o
 .debug_macro   0x0000000000000000       0x3c Src/main.o
 .debug_macro   0x0000000000000000       0x34 Src/main.o
 .debug_macro   0x0000000000000000       0x16 Src/main.o
 .debug_macro   0x0000000000000000      0x10e Src/main.o
 .debug_macro   0x0000000000000000       0x8d Src/main.o
 .debug_macro   0x0000000000000000       0x57 Src/main.o
 .debug_macro   0x0000000000000000       0x52 Src/main.o
 .debug_macro   0x0000000000000000       0x1f Src/main.o
 .debug_macro   0x0000000000000000       0x43 Src/main.o
 .debug_macro   0x0000000000000000       0x20 Src/main.o
 .debug_macro   0x0000000000000000      0x1a3 Src/main.o
 .debug_macro   0x0000000000000000      0x330 Src/main.o
 .debug_macro   0x0000000000000000       0x16 Src/main.o
 .debug_macro   0x0000000000000000       0x29 Src/main.o
 .debug_macro   0x0000000000000000       0xef Src/main.o
 .debug_macro   0x0000000000000000       0x6a Src/main.o
 .debug_macro   0x0000000000000000      0x1df Src/main.o
 .debug_macro   0x0000000000000000      0x1b0 Src/main.o
 .debug_macro   0x0000000000000000       0xd0 Src/main.o
 .debug_macro   0x0000000000000000       0x1c Src/main.o
 .debug_macro   0x0000000000000000       0x35 Src/main.o
 .debug_macro   0x0000000000000000       0x10 Src/main.o
 .debug_macro   0x0000000000000000       0x10 Src/main.o
 .debug_macro   0x0000000000000000       0x1c Src/main.o
 .debug_macro   0x0000000000000000       0x52 Src/main.o
 .debug_macro   0x0000000000000000       0x40 Src/main.o
 .debug_macro   0x0000000000000000       0x10 Src/main.o
 .debug_macro   0x0000000000000000       0x40 Src/main.o
 .debug_macro   0x0000000000000000       0xd7 Src/main.o
 .debug_macro   0x0000000000000000       0x1c Src/main.o
 .debug_macro   0x0000000000000000       0x3d Src/main.o
 .debug_macro   0x0000000000000000       0x16 Src/main.o
 .debug_macro   0x0000000000000000      0x145 Src/main.o
 .debug_macro   0x0000000000000000       0x94 Src/main.o
 .group         0x0000000000000000        0xc Src/syscalls.o
 .group         0x0000000000000000        0xc Src/syscalls.o
 .group         0x0000000000000000        0xc Src/syscalls.o
 .group         0x0000000000000000        0xc Src/syscalls.o
 .group         0x0000000000000000        0xc Src/syscalls.o
 .group         0x0000000000000000        0xc Src/syscalls.o
 .group         0x0000000000000000        0xc Src/syscalls.o
 .group         0x0000000000000000        0xc Src/syscalls.o
 .group         0x0000000000000000        0xc Src/syscalls.o
 .group         0x0000000000000000        0xc Src/syscalls.o
 .group         0x0000000000000000        0xc Src/syscalls.o
 .group         0x0000000000000000        0xc Src/syscalls.o
 .group         0x0000000000000000        0xc Src/syscalls.o
 .group         0x0000000000000000        0xc Src/syscalls.o
 .group         0x0000000000000000        0xc Src/syscalls.o
 .group         0x0000000000000000        0xc Src/syscalls.o
 .group         0x0000000000000000        0xc Src/syscalls.o
 .group         0x0000000000000000        0xc Src/syscalls.o
 .group         0x0000000000000000        0xc Src/syscalls.o
 .group         0x0000000000000000        0xc Src/syscalls.o
 .group         0x0000000000000000        0xc Src/syscalls.o
 .group         0x0000000000000000        0xc Src/syscalls.o
 .group         0x0000000000000000        0xc Src/syscalls.o
 .group         0x0000000000000000        0xc Src/syscalls.o
 .group         0x0000000000000000        0xc Src/syscalls.o
 .group         0x0000000000000000        0xc Src/syscalls.o
 .group         0x0000000000000000        0xc Src/syscalls.o
 .group         0x0000000000000000        0xc Src/syscalls.o
 .group         0x0000000000000000        0xc Src/syscalls.o
 .group         0x0000000000000000        0xc Src/syscalls.o
 .group         0x0000000000000000        0xc Src/syscalls.o
 .group         0x0000000000000000        0xc Src/syscalls.o
 .group         0x0000000000000000        0xc Src/syscalls.o
 .group         0x0000000000000000        0xc Src/syscalls.o
 .group         0x0000000000000000        0xc Src/syscalls.o
 .group         0x0000000000000000        0xc Src/syscalls.o
 .group         0x0000000000000000        0xc Src/syscalls.o
 .group         0x0000000000000000        0xc Src/syscalls.o
 .group         0x0000000000000000        0xc Src/syscalls.o
 .group         0x0000000000000000        0xc Src/syscalls.o
 .group         0x0000000000000000        0xc Src/syscalls.o
 .group         0x0000000000000000        0xc Src/syscalls.o
 .group         0x0000000000000000        0xc Src/syscalls.o
 .group         0x0000000000000000        0xc Src/syscalls.o
 .text          0x0000000000000000        0x0 Src/syscalls.o
 .data          0x0000000000000000        0x0 Src/syscalls.o
 .bss           0x0000000000000000        0x0 Src/syscalls.o
 .bss.__env     0x0000000000000000        0x4 Src/syscalls.o
 .data.environ  0x0000000000000000        0x4 Src/syscalls.o
 .text.initialise_monitor_handles
                0x0000000000000000        0xc Src/syscalls.o
 .text._getpid  0x0000000000000000        0xe Src/syscalls.o
 .text._kill    0x0000000000000000       0x20 Src/syscalls.o
 .text._exit    0x0000000000000000       0x14 Src/syscalls.o
 .text._read    0x0000000000000000       0x3a Src/syscalls.o
 .text._write   0x0000000000000000       0x38 Src/syscalls.o
 .text._close   0x0000000000000000       0x16 Src/syscalls.o
 .text._fstat   0x0000000000000000       0x1e Src/syscalls.o
 .text._isatty  0x0000000000000000       0x14 Src/syscalls.o
 .text._lseek   0x0000000000000000       0x18 Src/syscalls.o
 .text._open    0x0000000000000000       0x1a Src/syscalls.o
 .text._wait    0x0000000000000000       0x1e Src/syscalls.o
 .text._unlink  0x0000000000000000       0x1e Src/syscalls.o
 .text._times   0x0000000000000000       0x16 Src/syscalls.o
 .text._stat    0x0000000000000000       0x1e Src/syscalls.o
 .text._link    0x0000000000000000       0x20 Src/syscalls.o
 .text._fork    0x0000000000000000       0x16 Src/syscalls.o
 .text._execve  0x0000000000000000       0x22 Src/syscalls.o
 .debug_info    0x0000000000000000     0x1038 Src/syscalls.o
 .debug_abbrev  0x0000000000000000      0x254 Src/syscalls.o
 .debug_loc     0x0000000000000000      0x5b8 Src/syscalls.o
 .debug_aranges
                0x0000000000000000       0xa8 Src/syscalls.o
 .debug_ranges  0x0000000000000000       0x98 Src/syscalls.o
 .debug_macro   0x0000000000000000      0x243 Src/syscalls.o
 .debug_macro   0x0000000000000000      0xa60 Src/syscalls.o
 .debug_macro   0x0000000000000000       0x22 Src/syscalls.o
 .debug_macro   0x0000000000000000       0x40 Src/syscalls.o
 .debug_macro   0x0000000000000000       0x18 Src/syscalls.o
 .debug_macro   0x0000000000000000       0x94 Src/syscalls.o
 .debug_macro   0x0000000000000000       0x3c Src/syscalls.o
 .debug_macro   0x0000000000000000       0x34 Src/syscalls.o
 .debug_macro   0x0000000000000000       0x57 Src/syscalls.o
 .debug_macro   0x0000000000000000      0x174 Src/syscalls.o
 .debug_macro   0x0000000000000000      0x330 Src/syscalls.o
 .debug_macro   0x0000000000000000       0x52 Src/syscalls.o
 .debug_macro   0x0000000000000000       0x1f Src/syscalls.o
 .debug_macro   0x0000000000000000       0x43 Src/syscalls.o
 .debug_macro   0x0000000000000000       0x20 Src/syscalls.o
 .debug_macro   0x0000000000000000      0x1a3 Src/syscalls.o
 .debug_macro   0x0000000000000000       0x10 Src/syscalls.o
 .debug_macro   0x0000000000000000       0x35 Src/syscalls.o
 .debug_macro   0x0000000000000000       0x10 Src/syscalls.o
 .debug_macro   0x0000000000000000       0x10 Src/syscalls.o
 .debug_macro   0x0000000000000000       0x10 Src/syscalls.o
 .debug_macro   0x0000000000000000       0x6a Src/syscalls.o
 .debug_macro   0x0000000000000000       0x1c Src/syscalls.o
 .debug_macro   0x0000000000000000       0x52 Src/syscalls.o
 .debug_macro   0x0000000000000000       0x40 Src/syscalls.o
 .debug_macro   0x0000000000000000       0x10 Src/syscalls.o
 .debug_macro   0x0000000000000000       0x40 Src/syscalls.o
 .debug_macro   0x0000000000000000       0xd7 Src/syscalls.o
 .debug_macro   0x0000000000000000       0x1c Src/syscalls.o
 .debug_macro   0x0000000000000000       0x3d Src/syscalls.o
 .debug_macro   0x0000000000000000       0x35 Src/syscalls.o
 .debug_macro   0x0000000000000000      0x122 Src/syscalls.o
 .debug_macro   0x0000000000000000       0x16 Src/syscalls.o
 .debug_macro   0x0000000000000000       0x16 Src/syscalls.o
 .debug_macro   0x0000000000000000       0x29 Src/syscalls.o
 .debug_macro   0x0000000000000000       0x10 Src/syscalls.o
 .debug_macro   0x0000000000000000      0x241 Src/syscalls.o
 .debug_macro   0x0000000000000000       0x1c Src/syscalls.o
 .debug_macro   0x0000000000000000       0x10 Src/syscalls.o
 .debug_macro   0x0000000000000000       0x10 Src/syscalls.o
 .debug_macro   0x0000000000000000       0x16 Src/syscalls.o
 .debug_macro   0x0000000000000000      0x145 Src/syscalls.o
 .debug_macro   0x0000000000000000      0x189 Src/syscalls.o
 .debug_macro   0x0000000000000000       0x16 Src/syscalls.o
 .debug_macro   0x0000000000000000       0x88 Src/syscalls.o
 .debug_line    0x0000000000000000      0x739 Src/syscalls.o
 .debug_str     0x0000000000000000     0x8874 Src/syscalls.o
 .comment       0x0000000000000000       0x7c Src/syscalls.o
 .debug_frame   0x0000000000000000      0x2ac Src/syscalls.o
 .ARM.attributes
                0x0000000000000000       0x33 Src/syscalls.o
 .group         0x0000000000000000        0xc Src/sysmem.o
 .group         0x0000000000000000        0xc Src/sysmem.o
 .group         0x0000000000000000        0xc Src/sysmem.o
 .group         0x0000000000000000        0xc Src/sysmem.o
 .group         0x0000000000000000        0xc Src/sysmem.o
 .group         0x0000000000000000        0xc Src/sysmem.o
 .group         0x0000000000000000        0xc Src/sysmem.o
 .group         0x0000000000000000        0xc Src/sysmem.o
 .group         0x0000000000000000        0xc Src/sysmem.o
 .group         0x0000000000000000        0xc Src/sysmem.o
 .group         0x0000000000000000        0xc Src/sysmem.o
 .group         0x0000000000000000        0xc Src/sysmem.o
 .group         0x0000000000000000        0xc Src/sysmem.o
 .group         0x0000000000000000        0xc Src/sysmem.o
 .group         0x0000000000000000        0xc Src/sysmem.o
 .group         0x0000000000000000        0xc Src/sysmem.o
 .group         0x0000000000000000        0xc Src/sysmem.o
 .group         0x0000000000000000        0xc Src/sysmem.o
 .group         0x0000000000000000        0xc Src/sysmem.o
 .text          0x0000000000000000        0x0 Src/sysmem.o
 .data          0x0000000000000000        0x0 Src/sysmem.o
 .bss           0x0000000000000000        0x0 Src/sysmem.o
 .bss.__sbrk_heap_end
                0x0000000000000000        0x4 Src/sysmem.o
 .text._sbrk    0x0000000000000000       0x6c Src/sysmem.o
 .debug_info    0x0000000000000000      0xa7c Src/sysmem.o
 .debug_abbrev  0x0000000000000000      0x18e Src/sysmem.o
 .debug_loc     0x0000000000000000       0x50 Src/sysmem.o
 .debug_aranges
                0x0000000000000000       0x20 Src/sysmem.o
 .debug_ranges  0x0000000000000000       0x10 Src/sysmem.o
 .debug_macro   0x0000000000000000       0xee Src/sysmem.o
 .debug_macro   0x0000000000000000      0xa60 Src/sysmem.o
 .debug_macro   0x0000000000000000       0x10 Src/sysmem.o
 .debug_macro   0x0000000000000000       0x22 Src/sysmem.o
 .debug_macro   0x0000000000000000       0x40 Src/sysmem.o
 .debug_macro   0x0000000000000000       0x18 Src/sysmem.o
 .debug_macro   0x0000000000000000       0x94 Src/sysmem.o
 .debug_macro   0x0000000000000000       0x3c Src/sysmem.o
 .debug_macro   0x0000000000000000       0x34 Src/sysmem.o
 .debug_macro   0x0000000000000000      0x174 Src/sysmem.o
 .debug_macro   0x0000000000000000       0x57 Src/sysmem.o
 .debug_macro   0x0000000000000000       0x52 Src/sysmem.o
 .debug_macro   0x0000000000000000       0x1f Src/sysmem.o
 .debug_macro   0x0000000000000000       0x43 Src/sysmem.o
 .debug_macro   0x0000000000000000       0x20 Src/sysmem.o
 .debug_macro   0x0000000000000000      0x1a3 Src/sysmem.o
 .debug_macro   0x0000000000000000      0x23b Src/sysmem.o
 .debug_macro   0x0000000000000000       0xef Src/sysmem.o
 .debug_macro   0x0000000000000000       0x6a Src/sysmem.o
 .debug_macro   0x0000000000000000      0x1df Src/sysmem.o
 .debug_line    0x0000000000000000      0x4c2 Src/sysmem.o
 .debug_str     0x0000000000000000     0x5f42 Src/sysmem.o
 .comment       0x0000000000000000       0x7c Src/sysmem.o
 .debug_frame   0x0000000000000000       0x34 Src/sysmem.o
 .ARM.attributes
                0x0000000000000000       0x33 Src/sysmem.o
 .text          0x0000000000000000       0x14 Startup/startup_stm32f103c6tx.o
 .data          0x0000000000000000        0x0 Startup/startup_stm32f103c6tx.o
 .bss           0x0000000000000000        0x0 Startup/startup_stm32f103c6tx.o
 .group         0x0000000000000000        0xc Stm32_F103C6_Drivers/Stm32_f103c6_Drivers_EXTI.o
 .group         0x0000000000000000        0xc Stm32_F103C6_Drivers/Stm32_f103c6_Drivers_EXTI.o
 .group         0x0000000000000000        0xc Stm32_F103C6_Drivers/Stm32_f103c6_Drivers_EXTI.o
 .group         0x0000000000000000        0xc Stm32_F103C6_Drivers/Stm32_f103c6_Drivers_EXTI.o
 .group         0x0000000000000000        0xc Stm32_F103C6_Drivers/Stm32_f103c6_Drivers_EXTI.o
 .group         0x0000000000000000        0xc Stm32_F103C6_Drivers/Stm32_f103c6_Drivers_EXTI.o
 .group         0x0000000000000000        0xc Stm32_F103C6_Drivers/Stm32_f103c6_Drivers_EXTI.o
 .group         0x0000000000000000        0xc Stm32_F103C6_Drivers/Stm32_f103c6_Drivers_EXTI.o
 .group         0x0000000000000000        0xc Stm32_F103C6_Drivers/Stm32_f103c6_Drivers_EXTI.o
 .group         0x0000000000000000        0xc Stm32_F103C6_Drivers/Stm32_f103c6_Drivers_EXTI.o
 .group         0x0000000000000000        0xc Stm32_F103C6_Drivers/Stm32_f103c6_Drivers_EXTI.o
 .group         0x0000000000000000        0xc Stm32_F103C6_Drivers/Stm32_f103c6_Drivers_EXTI.o
 .group         0x0000000000000000        0xc Stm32_F103C6_Drivers/Stm32_f103c6_Drivers_EXTI.o
 .group         0x0000000000000000        0xc Stm32_F103C6_Drivers/Stm32_f103c6_Drivers_EXTI.o
 .group         0x0000000000000000        0xc Stm32_F103C6_Drivers/Stm32_f103c6_Drivers_EXTI.o
 .group         0x0000000000000000        0xc Stm32_F103C6_Drivers/Stm32_f103c6_Drivers_EXTI.o
 .group         0x0000000000000000        0xc Stm32_F103C6_Drivers/Stm32_f103c6_Drivers_EXTI.o
 .group         0x0000000000000000        0xc Stm32_F103C6_Drivers/Stm32_f103c6_Drivers_EXTI.o
 .group         0x0000000000000000        0xc Stm32_F103C6_Drivers/Stm32_f103c6_Drivers_EXTI.o
 .group         0x0000000000000000        0xc Stm32_F103C6_Drivers/Stm32_f103c6_Drivers_EXTI.o
 .group         0x0000000000000000        0xc Stm32_F103C6_Drivers/Stm32_f103c6_Drivers_EXTI.o
 .group         0x0000000000000000        0xc Stm32_F103C6_Drivers/Stm32_f103c6_Drivers_EXTI.o
 .group         0x0000000000000000        0xc Stm32_F103C6_Drivers/Stm32_f103c6_Drivers_EXTI.o
 .group         0x0000000000000000        0xc Stm32_F103C6_Drivers/Stm32_f103c6_Drivers_EXTI.o
 .group         0x0000000000000000        0xc Stm32_F103C6_Drivers/Stm32_f103c6_Drivers_EXTI.o
 .text          0x0000000000000000        0x0 Stm32_F103C6_Drivers/Stm32_f103c6_Drivers_EXTI.o
 .data          0x0000000000000000        0x0 Stm32_F103C6_Drivers/Stm32_f103c6_Drivers_EXTI.o
 .bss           0x0000000000000000        0x0 Stm32_F103C6_Drivers/Stm32_f103c6_Drivers_EXTI.o
 .text.MCAL_EXTI_GPIO_DeInit
                0x0000000000000000       0x80 Stm32_F103C6_Drivers/Stm32_f103c6_Drivers_EXTI.o
 .text.MCAL_EXTI_GPIO_Update
                0x0000000000000000       0x16 Stm32_F103C6_Drivers/Stm32_f103c6_Drivers_EXTI.o
 .debug_macro   0x0000000000000000      0xa60 Stm32_F103C6_Drivers/Stm32_f103c6_Drivers_EXTI.o
 .debug_macro   0x0000000000000000       0x18 Stm32_F103C6_Drivers/Stm32_f103c6_Drivers_EXTI.o
 .debug_macro   0x0000000000000000       0x22 Stm32_F103C6_Drivers/Stm32_f103c6_Drivers_EXTI.o
 .debug_macro   0x0000000000000000       0x40 Stm32_F103C6_Drivers/Stm32_f103c6_Drivers_EXTI.o
 .debug_macro   0x0000000000000000       0x94 Stm32_F103C6_Drivers/Stm32_f103c6_Drivers_EXTI.o
 .debug_macro   0x0000000000000000       0x3c Stm32_F103C6_Drivers/Stm32_f103c6_Drivers_EXTI.o
 .debug_macro   0x0000000000000000       0x34 Stm32_F103C6_Drivers/Stm32_f103c6_Drivers_EXTI.o
 .debug_macro   0x0000000000000000       0x16 Stm32_F103C6_Drivers/Stm32_f103c6_Drivers_EXTI.o
 .debug_macro   0x0000000000000000      0x10e Stm32_F103C6_Drivers/Stm32_f103c6_Drivers_EXTI.o
 .debug_macro   0x0000000000000000       0x8d Stm32_F103C6_Drivers/Stm32_f103c6_Drivers_EXTI.o
 .debug_macro   0x0000000000000000       0x57 Stm32_F103C6_Drivers/Stm32_f103c6_Drivers_EXTI.o
 .debug_macro   0x0000000000000000       0x52 Stm32_F103C6_Drivers/Stm32_f103c6_Drivers_EXTI.o
 .debug_macro   0x0000000000000000       0x1f Stm32_F103C6_Drivers/Stm32_f103c6_Drivers_EXTI.o
 .debug_macro   0x0000000000000000       0x43 Stm32_F103C6_Drivers/Stm32_f103c6_Drivers_EXTI.o
 .debug_macro   0x0000000000000000       0x20 Stm32_F103C6_Drivers/Stm32_f103c6_Drivers_EXTI.o
 .debug_macro   0x0000000000000000      0x1a3 Stm32_F103C6_Drivers/Stm32_f103c6_Drivers_EXTI.o
 .debug_macro   0x0000000000000000      0x330 Stm32_F103C6_Drivers/Stm32_f103c6_Drivers_EXTI.o
 .debug_macro   0x0000000000000000       0x16 Stm32_F103C6_Drivers/Stm32_f103c6_Drivers_EXTI.o
 .debug_macro   0x0000000000000000       0x29 Stm32_F103C6_Drivers/Stm32_f103c6_Drivers_EXTI.o
 .debug_macro   0x0000000000000000       0xef Stm32_F103C6_Drivers/Stm32_f103c6_Drivers_EXTI.o
 .debug_macro   0x0000000000000000       0x6a Stm32_F103C6_Drivers/Stm32_f103c6_Drivers_EXTI.o
 .debug_macro   0x0000000000000000      0x1df Stm32_F103C6_Drivers/Stm32_f103c6_Drivers_EXTI.o
 .debug_macro   0x0000000000000000      0x1b0 Stm32_F103C6_Drivers/Stm32_f103c6_Drivers_EXTI.o
 .debug_macro   0x0000000000000000      0x21b Stm32_F103C6_Drivers/Stm32_f103c6_Drivers_EXTI.o
 .group         0x0000000000000000        0xc Stm32_F103C6_Drivers/Stm32_f103c6_Drivers_Gpio.o
 .group         0x0000000000000000        0xc Stm32_F103C6_Drivers/Stm32_f103c6_Drivers_Gpio.o
 .group         0x0000000000000000        0xc Stm32_F103C6_Drivers/Stm32_f103c6_Drivers_Gpio.o
 .group         0x0000000000000000        0xc Stm32_F103C6_Drivers/Stm32_f103c6_Drivers_Gpio.o
 .group         0x0000000000000000        0xc Stm32_F103C6_Drivers/Stm32_f103c6_Drivers_Gpio.o
 .group         0x0000000000000000        0xc Stm32_F103C6_Drivers/Stm32_f103c6_Drivers_Gpio.o
 .group         0x0000000000000000        0xc Stm32_F103C6_Drivers/Stm32_f103c6_Drivers_Gpio.o
 .group         0x0000000000000000        0xc Stm32_F103C6_Drivers/Stm32_f103c6_Drivers_Gpio.o
 .group         0x0000000000000000        0xc Stm32_F103C6_Drivers/Stm32_f103c6_Drivers_Gpio.o
 .group         0x0000000000000000        0xc Stm32_F103C6_Drivers/Stm32_f103c6_Drivers_Gpio.o
 .group         0x0000000000000000        0xc Stm32_F103C6_Drivers/Stm32_f103c6_Drivers_Gpio.o
 .group         0x0000000000000000        0xc Stm32_F103C6_Drivers/Stm32_f103c6_Drivers_Gpio.o
 .group         0x0000000000000000        0xc Stm32_F103C6_Drivers/Stm32_f103c6_Drivers_Gpio.o
 .group         0x0000000000000000        0xc Stm32_F103C6_Drivers/Stm32_f103c6_Drivers_Gpio.o
 .group         0x0000000000000000        0xc Stm32_F103C6_Drivers/Stm32_f103c6_Drivers_Gpio.o
 .group         0x0000000000000000        0xc Stm32_F103C6_Drivers/Stm32_f103c6_Drivers_Gpio.o
 .group         0x0000000000000000        0xc Stm32_F103C6_Drivers/Stm32_f103c6_Drivers_Gpio.o
 .group         0x0000000000000000        0xc Stm32_F103C6_Drivers/Stm32_f103c6_Drivers_Gpio.o
 .group         0x0000000000000000        0xc Stm32_F103C6_Drivers/Stm32_f103c6_Drivers_Gpio.o
 .group         0x0000000000000000        0xc Stm32_F103C6_Drivers/Stm32_f103c6_Drivers_Gpio.o
 .group         0x0000000000000000        0xc Stm32_F103C6_Drivers/Stm32_f103c6_Drivers_Gpio.o
 .group         0x0000000000000000        0xc Stm32_F103C6_Drivers/Stm32_f103c6_Drivers_Gpio.o
 .group         0x0000000000000000        0xc Stm32_F103C6_Drivers/Stm32_f103c6_Drivers_Gpio.o
 .group         0x0000000000000000        0xc Stm32_F103C6_Drivers/Stm32_f103c6_Drivers_Gpio.o
 .text          0x0000000000000000        0x0 Stm32_F103C6_Drivers/Stm32_f103c6_Drivers_Gpio.o
 .data          0x0000000000000000        0x0 Stm32_F103C6_Drivers/Stm32_f103c6_Drivers_Gpio.o
 .bss           0x0000000000000000        0x0 Stm32_F103C6_Drivers/Stm32_f103c6_Drivers_Gpio.o
 .text.Get_IDR_Position
                0x0000000000000000       0xc6 Stm32_F103C6_Drivers/Stm32_f103c6_Drivers_Gpio.o
 .text.MCAL_GPIO_DeINIT
                0x0000000000000000       0xd4 Stm32_F103C6_Drivers/Stm32_f103c6_Drivers_Gpio.o
 .text.MCAL_GPIO_ReadPin
                0x0000000000000000       0x2e Stm32_F103C6_Drivers/Stm32_f103c6_Drivers_Gpio.o
 .text.MCAL_GPIO_ReadPort
                0x0000000000000000       0x1a Stm32_F103C6_Drivers/Stm32_f103c6_Drivers_Gpio.o
 .text.MCAL_GPIO_TogglePin
                0x0000000000000000       0x22 Stm32_F103C6_Drivers/Stm32_f103c6_Drivers_Gpio.o
 .text.MCAL_GPIO_LOCKPin
                0x0000000000000000       0x4e Stm32_F103C6_Drivers/Stm32_f103c6_Drivers_Gpio.o
 .debug_macro   0x0000000000000000      0xa60 Stm32_F103C6_Drivers/Stm32_f103c6_Drivers_Gpio.o
 .debug_macro   0x0000000000000000       0x18 Stm32_F103C6_Drivers/Stm32_f103c6_Drivers_Gpio.o
 .debug_macro   0x0000000000000000       0x22 Stm32_F103C6_Drivers/Stm32_f103c6_Drivers_Gpio.o
 .debug_macro   0x0000000000000000       0x40 Stm32_F103C6_Drivers/Stm32_f103c6_Drivers_Gpio.o
 .debug_macro   0x0000000000000000       0x94 Stm32_F103C6_Drivers/Stm32_f103c6_Drivers_Gpio.o
 .debug_macro   0x0000000000000000       0x3c Stm32_F103C6_Drivers/Stm32_f103c6_Drivers_Gpio.o
 .debug_macro   0x0000000000000000       0x34 Stm32_F103C6_Drivers/Stm32_f103c6_Drivers_Gpio.o
 .debug_macro   0x0000000000000000       0x16 Stm32_F103C6_Drivers/Stm32_f103c6_Drivers_Gpio.o
 .debug_macro   0x0000000000000000      0x10e Stm32_F103C6_Drivers/Stm32_f103c6_Drivers_Gpio.o
 .debug_macro   0x0000000000000000       0x8d Stm32_F103C6_Drivers/Stm32_f103c6_Drivers_Gpio.o
 .debug_macro   0x0000000000000000       0x57 Stm32_F103C6_Drivers/Stm32_f103c6_Drivers_Gpio.o
 .debug_macro   0x0000000000000000       0x52 Stm32_F103C6_Drivers/Stm32_f103c6_Drivers_Gpio.o
 .debug_macro   0x0000000000000000       0x1f Stm32_F103C6_Drivers/Stm32_f103c6_Drivers_Gpio.o
 .debug_macro   0x0000000000000000       0x43 Stm32_F103C6_Drivers/Stm32_f103c6_Drivers_Gpio.o
 .debug_macro   0x0000000000000000       0x20 Stm32_F103C6_Drivers/Stm32_f103c6_Drivers_Gpio.o
 .debug_macro   0x0000000000000000      0x1a3 Stm32_F103C6_Drivers/Stm32_f103c6_Drivers_Gpio.o
 .debug_macro   0x0000000000000000      0x330 Stm32_F103C6_Drivers/Stm32_f103c6_Drivers_Gpio.o
 .debug_macro   0x0000000000000000       0x16 Stm32_F103C6_Drivers/Stm32_f103c6_Drivers_Gpio.o
 .debug_macro   0x0000000000000000       0x29 Stm32_F103C6_Drivers/Stm32_f103c6_Drivers_Gpio.o
 .debug_macro   0x0000000000000000       0xef Stm32_F103C6_Drivers/Stm32_f103c6_Drivers_Gpio.o
 .debug_macro   0x0000000000000000       0x6a Stm32_F103C6_Drivers/Stm32_f103c6_Drivers_Gpio.o
 .debug_macro   0x0000000000000000      0x1df Stm32_F103C6_Drivers/Stm32_f103c6_Drivers_Gpio.o
 .debug_macro   0x0000000000000000      0x1b0 Stm32_F103C6_Drivers/Stm32_f103c6_Drivers_Gpio.o
 .debug_macro   0x0000000000000000       0xd0 Stm32_F103C6_Drivers/Stm32_f103c6_Drivers_Gpio.o
 .text          0x0000000000000000        0x0 c:/st/stm32cubeide_1.4.0/stm32cubeide/plugins/com.st.stm32cube.ide.mcu.externaltools.gnu-tools-for-stm32.7-2018-q2-update.win32_1.4.0.202007081208/tools/bin/../lib/gcc/arm-none-eabi/7.3.1/../../../../arm-none-eabi/lib/thumb/v7-m\libc_nano.a(lib_a-errno.o)
 .data          0x0000000000000000        0x0 c:/st/stm32cubeide_1.4.0/stm32cubeide/plugins/com.st.stm32cube.ide.mcu.externaltools.gnu-tools-for-stm32.7-2018-q2-update.win32_1.4.0.202007081208/tools/bin/../lib/gcc/arm-none-eabi/7.3.1/../../../../arm-none-eabi/lib/thumb/v7-m\libc_nano.a(lib_a-errno.o)
 .bss           0x0000000000000000        0x0 c:/st/stm32cubeide_1.4.0/stm32cubeide/plugins/com.st.stm32cube.ide.mcu.externaltools.gnu-tools-for-stm32.7-2018-q2-update.win32_1.4.0.202007081208/tools/bin/../lib/gcc/arm-none-eabi/7.3.1/../../../../arm-none-eabi/lib/thumb/v7-m\libc_nano.a(lib_a-errno.o)
 .text.__errno  0x0000000000000000        0xc c:/st/stm32cubeide_1.4.0/stm32cubeide/plugins/com.st.stm32cube.ide.mcu.externaltools.gnu-tools-for-stm32.7-2018-q2-update.win32_1.4.0.202007081208/tools/bin/../lib/gcc/arm-none-eabi/7.3.1/../../../../arm-none-eabi/lib/thumb/v7-m\libc_nano.a(lib_a-errno.o)
 .debug_frame   0x0000000000000000       0x20 c:/st/stm32cubeide_1.4.0/stm32cubeide/plugins/com.st.stm32cube.ide.mcu.externaltools.gnu-tools-for-stm32.7-2018-q2-update.win32_1.4.0.202007081208/tools/bin/../lib/gcc/arm-none-eabi/7.3.1/../../../../arm-none-eabi/lib/thumb/v7-m\libc_nano.a(lib_a-errno.o)
 .ARM.attributes
                0x0000000000000000       0x2d c:/st/stm32cubeide_1.4.0/stm32cubeide/plugins/com.st.stm32cube.ide.mcu.externaltools.gnu-tools-for-stm32.7-2018-q2-update.win32_1.4.0.202007081208/tools/bin/../lib/gcc/arm-none-eabi/7.3.1/../../../../arm-none-eabi/lib/thumb/v7-m\libc_nano.a(lib_a-errno.o)
 .text          0x0000000000000000        0x0 c:/st/stm32cubeide_1.4.0/stm32cubeide/plugins/com.st.stm32cube.ide.mcu.externaltools.gnu-tools-for-stm32.7-2018-q2-update.win32_1.4.0.202007081208/tools/bin/../lib/gcc/arm-none-eabi/7.3.1/../../../../arm-none-eabi/lib/thumb/v7-m\libc_nano.a(lib_a-exit.o)
 .data          0x0000000000000000        0x0 c:/st/stm32cubeide_1.4.0/stm32cubeide/plugins/com.st.stm32cube.ide.mcu.externaltools.gnu-tools-for-stm32.7-2018-q2-update.win32_1.4.0.202007081208/tools/bin/../lib/gcc/arm-none-eabi/7.3.1/../../../../arm-none-eabi/lib/thumb/v7-m\libc_nano.a(lib_a-exit.o)
 .bss           0x0000000000000000        0x0 c:/st/stm32cubeide_1.4.0/stm32cubeide/plugins/com.st.stm32cube.ide.mcu.externaltools.gnu-tools-for-stm32.7-2018-q2-update.win32_1.4.0.202007081208/tools/bin/../lib/gcc/arm-none-eabi/7.3.1/../../../../arm-none-eabi/lib/thumb/v7-m\libc_nano.a(lib_a-exit.o)
 .text.exit     0x0000000000000000       0x28 c:/st/stm32cubeide_1.4.0/stm32cubeide/plugins/com.st.stm32cube.ide.mcu.externaltools.gnu-tools-for-stm32.7-2018-q2-update.win32_1.4.0.202007081208/tools/bin/../lib/gcc/arm-none-eabi/7.3.1/../../../../arm-none-eabi/lib/thumb/v7-m\libc_nano.a(lib_a-exit.o)
 .debug_frame   0x0000000000000000       0x28 c:/st/stm32cubeide_1.4.0/stm32cubeide/plugins/com.st.stm32cube.ide.mcu.externaltools.gnu-tools-for-stm32.7-2018-q2-update.win32_1.4.0.202007081208/tools/bin/../lib/gcc/arm-none-eabi/7.3.1/../../../../arm-none-eabi/lib/thumb/v7-m\libc_nano.a(lib_a-exit.o)
 .ARM.attributes
                0x0000000000000000       0x2d c:/st/stm32cubeide_1.4.0/stm32cubeide/plugins/com.st.stm32cube.ide.mcu.externaltools.gnu-tools-for-stm32.7-2018-q2-update.win32_1.4.0.202007081208/tools/bin/../lib/gcc/arm-none-eabi/7.3.1/../../../../arm-none-eabi/lib/thumb/v7-m\libc_nano.a(lib_a-exit.o)
 .text          0x0000000000000000        0x0 c:/st/stm32cubeide_1.4.0/stm32cubeide/plugins/com.st.stm32cube.ide.mcu.externaltools.gnu-tools-for-stm32.7-2018-q2-update.win32_1.4.0.202007081208/tools/bin/../lib/gcc/arm-none-eabi/7.3.1/../../../../arm-none-eabi/lib/thumb/v7-m\libc_nano.a(lib_a-impure.o)
 .data          0x0000000000000000        0x0 c:/st/stm32cubeide_1.4.0/stm32cubeide/plugins/com.st.stm32cube.ide.mcu.externaltools.gnu-tools-for-stm32.7-2018-q2-update.win32_1.4.0.202007081208/tools/bin/../lib/gcc/arm-none-eabi/7.3.1/../../../../arm-none-eabi/lib/thumb/v7-m\libc_nano.a(lib_a-impure.o)
 .bss           0x0000000000000000        0x0 c:/st/stm32cubeide_1.4.0/stm32cubeide/plugins/com.st.stm32cube.ide.mcu.externaltools.gnu-tools-for-stm32.7-2018-q2-update.win32_1.4.0.202007081208/tools/bin/../lib/gcc/arm-none-eabi/7.3.1/../../../../arm-none-eabi/lib/thumb/v7-m\libc_nano.a(lib_a-impure.o)
 .data._impure_ptr
                0x0000000000000000        0x4 c:/st/stm32cubeide_1.4.0/stm32cubeide/plugins/com.st.stm32cube.ide.mcu.externaltools.gnu-tools-for-stm32.7-2018-q2-update.win32_1.4.0.202007081208/tools/bin/../lib/gcc/arm-none-eabi/7.3.1/../../../../arm-none-eabi/lib/thumb/v7-m\libc_nano.a(lib_a-impure.o)
 .data.impure_data
                0x0000000000000000       0x60 c:/st/stm32cubeide_1.4.0/stm32cubeide/plugins/com.st.stm32cube.ide.mcu.externaltools.gnu-tools-for-stm32.7-2018-q2-update.win32_1.4.0.202007081208/tools/bin/../lib/gcc/arm-none-eabi/7.3.1/../../../../arm-none-eabi/lib/thumb/v7-m\libc_nano.a(lib_a-impure.o)
 .rodata._global_impure_ptr
                0x0000000000000000        0x4 c:/st/stm32cubeide_1.4.0/stm32cubeide/plugins/com.st.stm32cube.ide.mcu.externaltools.gnu-tools-for-stm32.7-2018-q2-update.win32_1.4.0.202007081208/tools/bin/../lib/gcc/arm-none-eabi/7.3.1/../../../../arm-none-eabi/lib/thumb/v7-m\libc_nano.a(lib_a-impure.o)
 .ARM.attributes
                0x0000000000000000       0x2d c:/st/stm32cubeide_1.4.0/stm32cubeide/plugins/com.st.stm32cube.ide.mcu.externaltools.gnu-tools-for-stm32.7-2018-q2-update.win32_1.4.0.202007081208/tools/bin/../lib/gcc/arm-none-eabi/7.3.1/../../../../arm-none-eabi/lib/thumb/v7-m\libc_nano.a(lib_a-impure.o)
 .text          0x0000000000000000        0x0 c:/st/stm32cubeide_1.4.0/stm32cubeide/plugins/com.st.stm32cube.ide.mcu.externaltools.gnu-tools-for-stm32.7-2018-q2-update.win32_1.4.0.202007081208/tools/bin/../lib/gcc/arm-none-eabi/7.3.1/../../../../arm-none-eabi/lib/thumb/v7-m\libc_nano.a(lib_a-init.o)
 .data          0x0000000000000000        0x0 c:/st/stm32cubeide_1.4.0/stm32cubeide/plugins/com.st.stm32cube.ide.mcu.externaltools.gnu-tools-for-stm32.7-2018-q2-update.win32_1.4.0.202007081208/tools/bin/../lib/gcc/arm-none-eabi/7.3.1/../../../../arm-none-eabi/lib/thumb/v7-m\libc_nano.a(lib_a-init.o)
 .bss           0x0000000000000000        0x0 c:/st/stm32cubeide_1.4.0/stm32cubeide/plugins/com.st.stm32cube.ide.mcu.externaltools.gnu-tools-for-stm32.7-2018-q2-update.win32_1.4.0.202007081208/tools/bin/../lib/gcc/arm-none-eabi/7.3.1/../../../../arm-none-eabi/lib/thumb/v7-m\libc_nano.a(lib_a-init.o)
 .text          0x0000000000000000        0x0 c:/st/stm32cubeide_1.4.0/stm32cubeide/plugins/com.st.stm32cube.ide.mcu.externaltools.gnu-tools-for-stm32.7-2018-q2-update.win32_1.4.0.202007081208/tools/bin/../lib/gcc/arm-none-eabi/7.3.1/../../../../arm-none-eabi/lib/thumb/v7-m\libc_nano.a(lib_a-memset.o)
 .data          0x0000000000000000        0x0 c:/st/stm32cubeide_1.4.0/stm32cubeide/plugins/com.st.stm32cube.ide.mcu.externaltools.gnu-tools-for-stm32.7-2018-q2-update.win32_1.4.0.202007081208/tools/bin/../lib/gcc/arm-none-eabi/7.3.1/../../../../arm-none-eabi/lib/thumb/v7-m\libc_nano.a(lib_a-memset.o)
 .bss           0x0000000000000000        0x0 c:/st/stm32cubeide_1.4.0/stm32cubeide/plugins/com.st.stm32cube.ide.mcu.externaltools.gnu-tools-for-stm32.7-2018-q2-update.win32_1.4.0.202007081208/tools/bin/../lib/gcc/arm-none-eabi/7.3.1/../../../../arm-none-eabi/lib/thumb/v7-m\libc_nano.a(lib_a-memset.o)
 .text.memset   0x0000000000000000       0x10 c:/st/stm32cubeide_1.4.0/stm32cubeide/plugins/com.st.stm32cube.ide.mcu.externaltools.gnu-tools-for-stm32.7-2018-q2-update.win32_1.4.0.202007081208/tools/bin/../lib/gcc/arm-none-eabi/7.3.1/../../../../arm-none-eabi/lib/thumb/v7-m\libc_nano.a(lib_a-memset.o)
 .debug_frame   0x0000000000000000       0x20 c:/st/stm32cubeide_1.4.0/stm32cubeide/plugins/com.st.stm32cube.ide.mcu.externaltools.gnu-tools-for-stm32.7-2018-q2-update.win32_1.4.0.202007081208/tools/bin/../lib/gcc/arm-none-eabi/7.3.1/../../../../arm-none-eabi/lib/thumb/v7-m\libc_nano.a(lib_a-memset.o)
 .ARM.attributes
                0x0000000000000000       0x2d c:/st/stm32cubeide_1.4.0/stm32cubeide/plugins/com.st.stm32cube.ide.mcu.externaltools.gnu-tools-for-stm32.7-2018-q2-update.win32_1.4.0.202007081208/tools/bin/../lib/gcc/arm-none-eabi/7.3.1/../../../../arm-none-eabi/lib/thumb/v7-m\libc_nano.a(lib_a-memset.o)
 .text          0x0000000000000000        0x0 c:/st/stm32cubeide_1.4.0/stm32cubeide/plugins/com.st.stm32cube.ide.mcu.externaltools.gnu-tools-for-stm32.7-2018-q2-update.win32_1.4.0.202007081208/tools/bin/../lib/gcc/arm-none-eabi/7.3.1/thumb/v7-m/crtend.o
 .data          0x0000000000000000        0x0 c:/st/stm32cubeide_1.4.0/stm32cubeide/plugins/com.st.stm32cube.ide.mcu.externaltools.gnu-tools-for-stm32.7-2018-q2-update.win32_1.4.0.202007081208/tools/bin/../lib/gcc/arm-none-eabi/7.3.1/thumb/v7-m/crtend.o
 .bss           0x0000000000000000        0x0 c:/st/stm32cubeide_1.4.0/stm32cubeide/plugins/com.st.stm32cube.ide.mcu.externaltools.gnu-tools-for-stm32.7-2018-q2-update.win32_1.4.0.202007081208/tools/bin/../lib/gcc/arm-none-eabi/7.3.1/thumb/v7-m/crtend.o
 .eh_frame      0x0000000000000000        0x4 c:/st/stm32cubeide_1.4.0/stm32cubeide/plugins/com.st.stm32cube.ide.mcu.externaltools.gnu-tools-for-stm32.7-2018-q2-update.win32_1.4.0.202007081208/tools/bin/../lib/gcc/arm-none-eabi/7.3.1/thumb/v7-m/crtend.o
 .ARM.attributes
                0x0000000000000000       0x2d c:/st/stm32cubeide_1.4.0/stm32cubeide/plugins/com.st.stm32cube.ide.mcu.externaltools.gnu-tools-for-stm32.7-2018-q2-update.win32_1.4.0.202007081208/tools/bin/../lib/gcc/arm-none-eabi/7.3.1/thumb/v7-m/crtend.o
 .text          0x0000000000000000        0x0 c:/st/stm32cubeide_1.4.0/stm32cubeide/plugins/com.st.stm32cube.ide.mcu.externaltools.gnu-tools-for-stm32.7-2018-q2-update.win32_1.4.0.202007081208/tools/bin/../lib/gcc/arm-none-eabi/7.3.1/thumb/v7-m/crtn.o
 .data          0x0000000000000000        0x0 c:/st/stm32cubeide_1.4.0/stm32cubeide/plugins/com.st.stm32cube.ide.mcu.externaltools.gnu-tools-for-stm32.7-2018-q2-update.win32_1.4.0.202007081208/tools/bin/../lib/gcc/arm-none-eabi/7.3.1/thumb/v7-m/crtn.o
 .bss           0x0000000000000000        0x0 c:/st/stm32cubeide_1.4.0/stm32cubeide/plugins/com.st.stm32cube.ide.mcu.externaltools.gnu-tools-for-stm32.7-2018-q2-update.win32_1.4.0.202007081208/tools/bin/../lib/gcc/arm-none-eabi/7.3.1/thumb/v7-m/crtn.o

Memory Configuration

Name             Origin             Length             Attributes
RAM              0x0000000020000000 0x0000000000002800 xrw
ROM              0x0000000008000000 0x0000000000008000 xr
*default*        0x0000000000000000 0xffffffffffffffff

Linker script and memory map

LOAD c:/st/stm32cubeide_1.4.0/stm32cubeide/plugins/com.st.stm32cube.ide.mcu.externaltools.gnu-tools-for-stm32.7-2018-q2-update.win32_1.4.0.202007081208/tools/bin/../lib/gcc/arm-none-eabi/7.3.1/thumb/v7-m/crti.o
LOAD c:/st/stm32cubeide_1.4.0/stm32cubeide/plugins/com.st.stm32cube.ide.mcu.externaltools.gnu-tools-for-stm32.7-2018-q2-update.win32_1.4.0.202007081208/tools/bin/../lib/gcc/arm-none-eabi/7.3.1/thumb/v7-m/crtbegin.o
LOAD c:/st/stm32cubeide_1.4.0/stm32cubeide/plugins/com.st.stm32cube.ide.mcu.externaltools.gnu-tools-for-stm32.7-2018-q2-update.win32_1.4.0.202007081208/tools/bin/../lib/gcc/arm-none-eabi/7.3.1/../../../../arm-none-eabi/lib/thumb/v7-m/crt0.o
LOAD HAL/KEY_PAD.o
LOAD HAL/LCD.o
LOAD Src/main.o
LOAD Src/syscalls.o
LOAD Src/sysmem.o
LOAD Startup/startup_stm32f103c6tx.o
LOAD Stm32_F103C6_Drivers/Stm32_f103c6_Drivers_EXTI.o
LOAD Stm32_F103C6_Drivers/Stm32_f103c6_Drivers_Gpio.o
START GROUP
LOAD c:/st/stm32cubeide_1.4.0/stm32cubeide/plugins/com.st.stm32cube.ide.mcu.externaltools.gnu-tools-for-stm32.7-2018-q2-update.win32_1.4.0.202007081208/tools/bin/../lib/gcc/arm-none-eabi/7.3.1/../../../../arm-none-eabi/lib/thumb/v7-m\libc_nano.a
LOAD c:/st/stm32cubeide_1.4.0/stm32cubeide/plugins/com.st.stm32cube.ide.mcu.externaltools.gnu-tools-for-stm32.7-2018-q2-update.win32_1.4.0.202007081208/tools/bin/../lib/gcc/arm-none-eabi/7.3.1/../../../../arm-none-eabi/lib/thumb/v7-m\libm.a
END GROUP
START GROUP
LOAD c:/st/stm32cubeide_1.4.0/stm32cubeide/plugins/com.st.stm32cube.ide.mcu.externaltools.gnu-tools-for-stm32.7-2018-q2-update.win32_1.4.0.202007081208/tools/bin/../lib/gcc/arm-none-eabi/7.3.1/thumb/v7-m\libgcc.a
LOAD c:/st/stm32cubeide_1.4.0/stm32cubeide/plugins/com.st.stm32cube.ide.mcu.externaltools.gnu-tools-for-stm32.7-2018-q2-update.win32_1.4.0.202007081208/tools/bin/../lib/gcc/arm-none-eabi/7.3.1/../../../../arm-none-eabi/lib/thumb/v7-m\libg_nano.a
LOAD c:/st/stm32cubeide_1.4.0/stm32cubeide/plugins/com.st.stm32cube.ide.mcu.externaltools.gnu-tools-for-stm32.7-2018-q2-update.win32_1.4.0.202007081208/tools/bin/../lib/gcc/arm-none-eabi/7.3.1/../../../../arm-none-eabi/lib/thumb/v7-m\libc_nano.a
END GROUP
START GROUP
LOAD c:/st/stm32cubeide_1.4.0/stm32cubeide/plugins/com.st.stm32cube.ide.mcu.externaltools.gnu-tools-for-stm32.7-2018-q2-update.win32_1.4.0.202007081208/tools/bin/../lib/gcc/arm-none-eabi/7.3.1/thumb/v7-m\libgcc.a
LOAD c:/st/stm32cubeide_1.4.0/stm32cubeide/plugins/com.st.stm32cube.ide.mcu.externaltools.gnu-tools-for-stm32.7-2018-q2-update.win32_1.4.0.202007081208/tools/bin/../lib/gcc/arm-none-eabi/7.3.1/../../../../arm-none-eabi/lib/thumb/v7-m\libc_nano.a
LOAD c:/st/stm32cubeide_1.4.0/stm32cubeide/plugins/com.st.stm32cube.ide.mcu.externaltools.gnu-tools-for-stm32.7-2018-q2-update.win32_1.4.0.202007081208/tools/bin/../lib/gcc/arm-none-eabi/7.3.1/../../../../arm-none-eabi/lib/thumb/v7-m\libnosys.a
END GROUP
START GROUP
LOAD c:/st/stm32cubeide_1.4.0/stm32cubeide/plugins/com.st.stm32cube.ide.mcu.externaltools.gnu-tools-for-stm32.7-2018-q2-update.win32_1.4.0.202007081208/tools/bin/../lib/gcc/arm-none-eabi/7.3.1/thumb/v7-m\libgcc.a
LOAD c:/st/stm32cubeide_1.4.0/stm32cubeide/plugins/com.st.stm32cube.ide.mcu.externaltools.gnu-tools-for-stm32.7-2018-q2-update.win32_1.4.0.202007081208/tools/bin/../lib/gcc/arm-none-eabi/7.3.1/../../../../arm-none-eabi/lib/thumb/v7-m\libc_nano.a
LOAD c:/st/stm32cubeide_1.4.0/stm32cubeide/plugins/com.st.stm32cube.ide.mcu.externaltools.gnu-tools-for-stm32.7-2018-q2-update.win32_1.4.0.202007081208/tools/bin/../lib/gcc/arm-none-eabi/7.3.1/../../../../arm-none-eabi/lib/thumb/v7-m\libnosys.a
END GROUP
LOAD c:/st/stm32cubeide_1.4.0/stm32cubeide/plugins/com.st.stm32cube.ide.mcu.externaltools.gnu-tools-for-stm32.7-2018-q2-update.win32_1.4.0.202007081208/tools/bin/../lib/gcc/arm-none-eabi/7.3.1/thumb/v7-m/crtend.o
LOAD c:/st/stm32cubeide_1.4.0/stm32cubeide/plugins/com.st.stm32cube.ide.mcu.externaltools.gnu-tools-for-stm32.7-2018-q2-update.win32_1.4.0.202007081208/tools/bin/../lib/gcc/arm-none-eabi/7.3.1/thumb/v7-m/crtn.o
                0x0000000020002800                _estack = (ORIGIN (RAM) + LENGTH (RAM))
                0x0000000000000200                _Min_Heap_Size = 0x200
                0x0000000000000400                _Min_Stack_Size = 0x400

.isr_vector     0x0000000008000000      0x130
                0x0000000008000000                . = ALIGN (0x4)
 *(.isr_vector)
 .isr_vector    0x0000000008000000      0x130 Startup/startup_stm32f103c6tx.o
                0x0000000008000000                g_pfnVectors
                0x0000000008000130                . = ALIGN (0x4)

.text           0x0000000008000130      0xc78
                0x0000000008000130                . = ALIGN (0x4)
 *(.text)
 .text          0x0000000008000130       0x40 c:/st/stm32cubeide_1.4.0/stm32cubeide/plugins/com.st.stm32cube.ide.mcu.externaltools.gnu-tools-for-stm32.7-2018-q2-update.win32_1.4.0.202007081208/tools/bin/../lib/gcc/arm-none-eabi/7.3.1/thumb/v7-m/crtbegin.o
 *(.text*)
 .text.LCD_clear_screen
                0x0000000008000170        0xe HAL/LCD.o
                0x0000000008000170                LCD_clear_screen
 *fill*         0x000000000800017e        0x2 
 .text.LCD_lcd_kick
                0x0000000008000180       0x2c HAL/LCD.o
                0x0000000008000180                LCD_lcd_kick
 .text.LCD_GOTO_XY
                0x00000000080001ac       0x48 HAL/LCD.o
                0x00000000080001ac                LCD_GOTO_XY
 .text.LCD_init
                0x00000000080001f4      0x15c HAL/LCD.o
                0x00000000080001f4                LCD_init
 .text.LCD_Send_A_Command
                0x0000000008000350       0x44 HAL/LCD.o
                0x0000000008000350                LCD_Send_A_Command
 .text.LCD_Send_A_Character
                0x0000000008000394       0x44 HAL/LCD.o
                0x0000000008000394                LCD_Send_A_Character
 .text.LCD_Send_String
                0x00000000080003d8       0x58 HAL/LCD.o
                0x00000000080003d8                LCD_Send_String
 .text.clock_Init
                0x0000000008000430       0x34 Src/main.o
                0x0000000008000430                clock_Init
 .text.my_wait  0x0000000008000464       0x3a Src/main.o
                0x0000000008000464                my_wait
 *fill*         0x000000000800049e        0x2 
 .text.EXTI9_CALLBACK
                0x00000000080004a0       0x34 Src/main.o
                0x00000000080004a0                EXTI9_CALLBACK
 .text.main     0x00000000080004d4       0x58 Src/main.o
                0x00000000080004d4                main
 .text.Reset_Handler
                0x000000000800052c       0x50 Startup/startup_stm32f103c6tx.o
                0x000000000800052c                Reset_Handler
 .text.Default_Handler
                0x000000000800057c        0x2 Startup/startup_stm32f103c6tx.o
                0x000000000800057c                TIM8_TRG_COM_IRQHandler
                0x000000000800057c                TIM8_CC_IRQHandler
                0x000000000800057c                DebugMon_Handler
                0x000000000800057c                TIM1_CC_IRQHandler
                0x000000000800057c                HardFault_Handler
                0x000000000800057c                TIM6_IRQHandler
                0x000000000800057c                SysTick_Handler
                0x000000000800057c                PVD_IRQHandler
                0x000000000800057c                SDIO_IRQHandler
                0x000000000800057c                PendSV_Handler
                0x000000000800057c                NMI_Handler
                0x000000000800057c                USB_HP_CAN_TX_IRQHandler
                0x000000000800057c                I2C2_EV_IRQHandler
                0x000000000800057c                UsageFault_Handler
                0x000000000800057c                ADC1_2_IRQHandler
                0x000000000800057c                SPI1_IRQHandler
                0x000000000800057c                CAN_SCE_IRQHandler
                0x000000000800057c                TAMPER_IRQHandler
                0x000000000800057c                TIM8_UP_IRQHandler
                0x000000000800057c                DMA2_Channel2_IRQHandler
                0x000000000800057c                DMA1_Channel4_IRQHandler
                0x000000000800057c                USART3_IRQHandler
                0x000000000800057c                RTC_IRQHandler
                0x000000000800057c                DMA1_Channel7_IRQHandler
                0x000000000800057c                UART5_IRQHandler
                0x000000000800057c                ADC3_IRQHandler
                0x000000000800057c                TIM4_IRQHandler
                0x000000000800057c                CAN_RX1_IRQHandler
                0x000000000800057c                DMA2_Channel1_IRQHandler
                0x000000000800057c                I2C1_EV_IRQHandler
                0x000000000800057c                DMA1_Channel6_IRQHandler
                0x000000000800057c                UART4_IRQHandler
                0x000000000800057c                TIM3_IRQHandler
                0x000000000800057c                RCC_IRQHandler
                0x000000000800057c                TIM1_TRG_COM_IRQHandler
                0x000000000800057c                DMA1_Channel1_IRQHandler
                0x000000000800057c                Default_Handler
                0x000000000800057c                TIM7_IRQHandler
                0x000000000800057c                TIM5_IRQHandler
                0x000000000800057c                SPI2_IRQHandler
                0x000000000800057c                USB_LP_CAN_RX0_IRQHandler
                0x000000000800057c                MemManage_Handler
                0x000000000800057c                SVC_Handler
                0x000000000800057c                DMA1_Channel5_IRQHandler
                0x000000000800057c                DMA1_Channel3_IRQHandler
                0x000000000800057c                FSMC_IRQHandler
                0x000000000800057c                TIM1_UP_IRQHandler
                0x000000000800057c                WWDG_IRQHandler
                0x000000000800057c                TIM2_IRQHandler
                0x000000000800057c                TIM1_BRK_IRQHandler
                0x000000000800057c                RTCAlarm_IRQHandler
                0x000000000800057c                DMA2_Channel4_5_IRQHandler
                0x000000000800057c                USART2_IRQHandler
                0x000000000800057c                I2C2_ER_IRQHandler
                0x000000000800057c                DMA1_Channel2_IRQHandler
                0x000000000800057c                TIM8_BRK_IRQHandler
                0x000000000800057c                FLASH_IRQHandler
                0x000000000800057c                BusFault_Handler
                0x000000000800057c                USART1_IRQHandler
                0x000000000800057c                SPI3_IRQHandler
                0x000000000800057c                I2C1_ER_IRQHandler
                0x000000000800057c                DMA2_Channel3_IRQHandler
 *fill*         0x000000000800057e        0x2 
 .text.EXTI0_IRQHandler
                0x0000000008000580       0x24 Stm32_F103C6_Drivers/Stm32_f103c6_Drivers_EXTI.o
                0x0000000008000580                EXTI0_IRQHandler
 .text.EXTI1_IRQHandler
                0x00000000080005a4       0x24 Stm32_F103C6_Drivers/Stm32_f103c6_Drivers_EXTI.o
                0x00000000080005a4                EXTI1_IRQHandler
 .text.EXTI2_IRQHandler
                0x00000000080005c8       0x24 Stm32_F103C6_Drivers/Stm32_f103c6_Drivers_EXTI.o
                0x00000000080005c8                EXTI2_IRQHandler
 .text.EXTI3_IRQHandler
                0x00000000080005ec       0x24 Stm32_F103C6_Drivers/Stm32_f103c6_Drivers_EXTI.o
                0x00000000080005ec                EXTI3_IRQHandler
 .text.EXTI4_IRQHandler
                0x0000000008000610       0x24 Stm32_F103C6_Drivers/Stm32_f103c6_Drivers_EXTI.o
                0x0000000008000610                EXTI4_IRQHandler
 .text.EXTI9_5_IRQHandler
                0x0000000008000634       0xb0 Stm32_F103C6_Drivers/Stm32_f103c6_Drivers_EXTI.o
                0x0000000008000634                EXTI9_5_IRQHandler
 .text.EXTI15_10_IRQHandler
                0x00000000080006e4       0xd0 Stm32_F103C6_Drivers/Stm32_f103c6_Drivers_EXTI.o
                0x00000000080006e4                EXTI15_10_IRQHandler
 .text.Enable_NVIC
                0x00000000080007b4       0xcc Stm32_F103C6_Drivers/Stm32_f103c6_Drivers_EXTI.o
                0x00000000080007b4                Enable_NVIC
 .text.Disable_NVIC
                0x0000000008000880       0xcc Stm32_F103C6_Drivers/Stm32_f103c6_Drivers_EXTI.o
                0x0000000008000880                Disable_NVIC
 .text.Update_EXTI
                0x000000000800094c      0x1dc Stm32_F103C6_Drivers/Stm32_f103c6_Drivers_EXTI.o
                0x000000000800094c                Update_EXTI
 .text.MCAL_EXTI_GPIO_Init
                0x0000000008000b28       0x16 Stm32_F103C6_Drivers/Stm32_f103c6_Drivers_EXTI.o
                0x0000000008000b28                MCAL_EXTI_GPIO_Init
 .text.Get_CRLH_Position
                0x0000000008000b3e       0xc6 Stm32_F103C6_Drivers/Stm32_f103c6_Drivers_Gpio.o
                0x0000000008000b3e                Get_CRLH_Position
 .text.MCAL_GPIO_INIT
                0x0000000008000c04       0xfa Stm32_F103C6_Drivers/Stm32_f103c6_Drivers_Gpio.o
                0x0000000008000c04                MCAL_GPIO_INIT
 .text.MCAL_GPIO_WritePin
                0x0000000008000cfe       0x2e Stm32_F103C6_Drivers/Stm32_f103c6_Drivers_Gpio.o
                0x0000000008000cfe                MCAL_GPIO_WritePin
 .text.MCAL_GPIO_WritePort
                0x0000000008000d2c       0x1c Stm32_F103C6_Drivers/Stm32_f103c6_Drivers_Gpio.o
                0x0000000008000d2c                MCAL_GPIO_WritePort
 .text.__libc_init_array
                0x0000000008000d48       0x48 c:/st/stm32cubeide_1.4.0/stm32cubeide/plugins/com.st.stm32cube.ide.mcu.externaltools.gnu-tools-for-stm32.7-2018-q2-update.win32_1.4.0.202007081208/tools/bin/../lib/gcc/arm-none-eabi/7.3.1/../../../../arm-none-eabi/lib/thumb/v7-m\libc_nano.a(lib_a-init.o)
                0x0000000008000d48                __libc_init_array
 *(.glue_7)
 .glue_7        0x0000000008000d90        0x0 linker stubs
 *(.glue_7t)
 .glue_7t       0x0000000008000d90        0x0 linker stubs
 *(.eh_frame)
 .eh_frame      0x0000000008000d90        0x0 c:/st/stm32cubeide_1.4.0/stm32cubeide/plugins/com.st.stm32cube.ide.mcu.externaltools.gnu-tools-for-stm32.7-2018-q2-update.win32_1.4.0.202007081208/tools/bin/../lib/gcc/arm-none-eabi/7.3.1/thumb/v7-m/crtbegin.o
 *(.init)
 .init          0x0000000008000d90        0x4 c:/st/stm32cubeide_1.4.0/stm32cubeide/plugins/com.st.stm32cube.ide.mcu.externaltools.gnu-tools-for-stm32.7-2018-q2-update.win32_1.4.0.202007081208/tools/bin/../lib/gcc/arm-none-eabi/7.3.1/thumb/v7-m/crti.o
                0x0000000008000d90                _init
 .init          0x0000000008000d94        0x8 c:/st/stm32cubeide_1.4.0/stm32cubeide/plugins/com.st.stm32cube.ide.mcu.externaltools.gnu-tools-for-stm32.7-2018-q2-update.win32_1.4.0.202007081208/tools/bin/../lib/gcc/arm-none-eabi/7.3.1/thumb/v7-m/crtn.o
 *(.fini)
 .fini          0x0000000008000d9c        0x4 c:/st/stm32cubeide_1.4.0/stm32cubeide/plugins/com.st.stm32cube.ide.mcu.externaltools.gnu-tools-for-stm32.7-2018-q2-update.win32_1.4.0.202007081208/tools/bin/../lib/gcc/arm-none-eabi/7.3.1/thumb/v7-m/crti.o
                0x0000000008000d9c                _fini
 .fini          0x0000000008000da0        0x8 c:/st/stm32cubeide_1.4.0/stm32cubeide/plugins/com.st.stm32cube.ide.mcu.externaltools.gnu-tools-for-stm32.7-2018-q2-update.win32_1.4.0.202007081208/tools/bin/../lib/gcc/arm-none-eabi/7.3.1/thumb/v7-m/crtn.o
                0x0000000008000da8                . = ALIGN (0x4)
                0x0000000008000da8                _etext = .

.vfp11_veneer   0x0000000008000da8        0x0
 .vfp11_veneer  0x0000000008000da8        0x0 linker stubs

.v4_bx          0x0000000008000da8        0x0
 .v4_bx         0x0000000008000da8        0x0 linker stubs

.iplt           0x0000000008000da8        0x0
 .iplt          0x0000000008000da8        0x0 c:/st/stm32cubeide_1.4.0/stm32cubeide/plugins/com.st.stm32cube.ide.mcu.externaltools.gnu-tools-for-stm32.7-2018-q2-update.win32_1.4.0.202007081208/tools/bin/../lib/gcc/arm-none-eabi/7.3.1/thumb/v7-m/crtbegin.o

.rodata         0x0000000008000da8       0x2c
                0x0000000008000da8                . = ALIGN (0x4)
 *(.rodata)
 .rodata        0x0000000008000da8       0x2c Src/main.o
 *(.rodata*)
                0x0000000008000dd4                . = ALIGN (0x4)

.rel.dyn        0x0000000008000dd4        0x0
 .rel.iplt      0x0000000008000dd4        0x0 c:/st/stm32cubeide_1.4.0/stm32cubeide/plugins/com.st.stm32cube.ide.mcu.externaltools.gnu-tools-for-stm32.7-2018-q2-update.win32_1.4.0.202007081208/tools/bin/../lib/gcc/arm-none-eabi/7.3.1/thumb/v7-m/crtbegin.o

.ARM.extab      0x0000000008000dd4        0x0
                0x0000000008000dd4                . = ALIGN (0x4)
 *(.ARM.extab* .gnu.linkonce.armextab.*)
                0x0000000008000dd4                . = ALIGN (0x4)

.ARM            0x0000000008000dd4        0x0
                0x0000000008000dd4                . = ALIGN (0x4)
                0x0000000008000dd4                __exidx_start = .
 *(.ARM.exidx*)
                0x0000000008000dd4                __exidx_end = .
                0x0000000008000dd4                . = ALIGN (0x4)

.preinit_array  0x0000000008000dd4        0x0
                0x0000000008000dd4                . = ALIGN (0x4)
                0x0000000008000dd4                PROVIDE (__preinit_array_start = .)
 *(.preinit_array*)
                0x0000000008000dd4                PROVIDE (__preinit_array_end = .)
                0x0000000008000dd4                . = ALIGN (0x4)

.init_array     0x0000000008000dd4        0x4
                0x0000000008000dd4                . = ALIGN (0x4)
                0x0000000008000dd4                PROVIDE (__init_array_start = .)
 *(SORT_BY_NAME(.init_array.*))
 *(.init_array*)
 .init_array    0x0000000008000dd4        0x4 c:/st/stm32cubeide_1.4.0/stm32cubeide/plugins/com.st.stm32cube.ide.mcu.externaltools.gnu-tools-for-stm32.7-2018-q2-update.win32_1.4.0.202007081208/tools/bin/../lib/gcc/arm-none-eabi/7.3.1/thumb/v7-m/crtbegin.o
                0x0000000008000dd8                PROVIDE (__init_array_end = .)
                0x0000000008000dd8                . = ALIGN (0x4)

.fini_array     0x0000000008000dd8        0x4
                0x0000000008000dd8                . = ALIGN (0x4)
                [!provide]                        PROVIDE (__fini_array_start = .)
 *(SORT_BY_NAME(.fini_array.*))
 *(.fini_array*)
 .fini_array    0x0000000008000dd8        0x4 c:/st/stm32cubeide_1.4.0/stm32cubeide/plugins/com.st.stm32cube.ide.mcu.externaltools.gnu-tools-for-stm32.7-2018-q2-update.win32_1.4.0.202007081208/tools/bin/../lib/gcc/arm-none-eabi/7.3.1/thumb/v7-m/crtbegin.o
                [!provide]                        PROVIDE (__fini_array_end = .)
                0x0000000008000ddc                . = ALIGN (0x4)
                0x0000000008000ddc                _sidata = LOADADDR (.data)

.data           0x0000000020000000        0x0 load address 0x0000000008000ddc
                0x0000000020000000                . = ALIGN (0x4)
                0x0000000020000000                _sdata = .
 *(.data)
 *(.data*)
                0x0000000020000000                . = ALIGN (0x4)
                0x0000000020000000                _edata = .

.igot.plt       0x0000000020000000        0x0 load address 0x0000000008000ddc
 .igot.plt      0x0000000020000000        0x0 c:/st/stm32cubeide_1.4.0/stm32cubeide/plugins/com.st.stm32cube.ide.mcu.externaltools.gnu-tools-for-stm32.7-2018-q2-update.win32_1.4.0.202007081208/tools/bin/../lib/gcc/arm-none-eabi/7.3.1/thumb/v7-m/crtbegin.o
                0x0000000020000000                . = ALIGN (0x4)

.bss            0x0000000020000000       0x64 load address 0x0000000008000ddc
                0x0000000020000000                _sbss = .
                0x0000000020000000                __bss_start__ = _sbss
 *(.bss)
 .bss           0x0000000020000000       0x1c c:/st/stm32cubeide_1.4.0/stm32cubeide/plugins/com.st.stm32cube.ide.mcu.externaltools.gnu-tools-for-stm32.7-2018-q2-update.win32_1.4.0.202007081208/tools/bin/../lib/gcc/arm-none-eabi/7.3.1/thumb/v7-m/crtbegin.o
 *(.bss*)
 .bss.IRQ_Flag  0x000000002000001c        0x4 Src/main.o
                0x000000002000001c                IRQ_Flag
 *(COMMON)
 COMMON         0x0000000020000020        0x4 HAL/KEY_PAD.o
                0x0000000020000020                PinCfg
 COMMON         0x0000000020000024       0x40 Stm32_F103C6_Drivers/Stm32_f103c6_Drivers_EXTI.o
                0x0000000020000024                GP_IRQ_CALLBACK
                0x0000000020000064                . = ALIGN (0x4)
                0x0000000020000064                _ebss = .
                0x0000000020000064                __bss_end__ = _ebss

._user_heap_stack
                0x0000000020000064      0x604 load address 0x0000000008000ddc
                0x0000000020000068                . = ALIGN (0x8)
 *fill*         0x0000000020000064        0x4 
                [!provide]                        PROVIDE (end = .)
                0x0000000020000068                PROVIDE (_end = .)
                0x0000000020000268                . = (. + _Min_Heap_Size)
 *fill*         0x0000000020000068      0x200 
                0x0000000020000668                . = (. + _Min_Stack_Size)
 *fill*         0x0000000020000268      0x400 
                0x0000000020000668                . = ALIGN (0x8)

/DISCARD/
 libc.a(*)
 libm.a(*)
 libgcc.a(*)

.ARM.attributes
                0x0000000000000000       0x29
 *(.ARM.attributes)
 .ARM.attributes
                0x0000000000000000       0x1d c:/st/stm32cubeide_1.4.0/stm32cubeide/plugins/com.st.stm32cube.ide.mcu.externaltools.gnu-tools-for-stm32.7-2018-q2-update.win32_1.4.0.202007081208/tools/bin/../lib/gcc/arm-none-eabi/7.3.1/thumb/v7-m/crti.o
 .ARM.attributes
                0x000000000000001d       0x2d c:/st/stm32cubeide_1.4.0/stm32cubeide/plugins/com.st.stm32cube.ide.mcu.externaltools.gnu-tools-for-stm32.7-2018-q2-update.win32_1.4.0.202007081208/tools/bin/../lib/gcc/arm-none-eabi/7.3.1/thumb/v7-m/crtbegin.o
 .ARM.attributes
                0x000000000000004a       0x33 HAL/KEY_PAD.o
 .ARM.attributes
                0x000000000000007d       0x33 HAL/LCD.o
 .ARM.attributes
                0x00000000000000b0       0x33 Src/main.o
 .ARM.attributes
                0x00000000000000e3       0x21 Startup/startup_stm32f103c6tx.o
 .ARM.attributes
                0x0000000000000104       0x33 Stm32_F103C6_Drivers/Stm32_f103c6_Drivers_EXTI.o
 .ARM.attributes
                0x0000000000000137       0x33 Stm32_F103C6_Drivers/Stm32_f103c6_Drivers_Gpio.o
 .ARM.attributes
                0x000000000000016a       0x2d c:/st/stm32cubeide_1.4.0/stm32cubeide/plugins/com.st.stm32cube.ide.mcu.externaltools.gnu-tools-for-stm32.7-2018-q2-update.win32_1.4.0.202007081208/tools/bin/../lib/gcc/arm-none-eabi/7.3.1/../../../../arm-none-eabi/lib/thumb/v7-m\libc_nano.a(lib_a-init.o)
 .ARM.attributes
                0x0000000000000197       0x1d c:/st/stm32cubeide_1.4.0/stm32cubeide/plugins/com.st.stm32cube.ide.mcu.externaltools.gnu-tools-for-stm32.7-2018-q2-update.win32_1.4.0.202007081208/tools/bin/../lib/gcc/arm-none-eabi/7.3.1/thumb/v7-m/crtn.o
OUTPUT(Section_3_keypad_LCD.elf elf32-littlearm)

.debug_info     0x0000000000000000     0x3e57
 .debug_info    0x0000000000000000      0xb1f HAL/KEY_PAD.o
 .debug_info    0x0000000000000b1f      0xb5a HAL/LCD.o
 .debug_info    0x0000000000001679      0xc56 Src/main.o
 .debug_info    0x00000000000022cf       0x22 Startup/startup_stm32f103c6tx.o
 .debug_info    0x00000000000022f1      0xdb9 Stm32_F103C6_Drivers/Stm32_f103c6_Drivers_EXTI.o
 .debug_info    0x00000000000030aa      0xdad Stm32_F103C6_Drivers/Stm32_f103c6_Drivers_Gpio.o

.debug_abbrev   0x0000000000000000      0xa08
 .debug_abbrev  0x0000000000000000      0x1a6 HAL/KEY_PAD.o
 .debug_abbrev  0x00000000000001a6      0x205 HAL/LCD.o
 .debug_abbrev  0x00000000000003ab      0x1eb Src/main.o
 .debug_abbrev  0x0000000000000596       0x12 Startup/startup_stm32f103c6tx.o
 .debug_abbrev  0x00000000000005a8      0x22e Stm32_F103C6_Drivers/Stm32_f103c6_Drivers_EXTI.o
 .debug_abbrev  0x00000000000007d6      0x232 Stm32_F103C6_Drivers/Stm32_f103c6_Drivers_Gpio.o

.debug_loc      0x0000000000000000      0xa8c
 .debug_loc     0x0000000000000000       0xa8 HAL/KEY_PAD.o
 .debug_loc     0x00000000000000a8      0x1f0 HAL/LCD.o
 .debug_loc     0x0000000000000298      0x148 Src/main.o
 .debug_loc     0x00000000000003e0      0x320 Stm32_F103C6_Drivers/Stm32_f103c6_Drivers_EXTI.o
 .debug_loc     0x0000000000000700      0x38c Stm32_F103C6_Drivers/Stm32_f103c6_Drivers_Gpio.o

.debug_aranges  0x0000000000000000      0x1d8
 .debug_aranges
                0x0000000000000000       0x30 HAL/KEY_PAD.o
 .debug_aranges
                0x0000000000000030       0x58 HAL/LCD.o
 .debug_aranges
                0x0000000000000088       0x40 Src/main.o
 .debug_aranges
                0x00000000000000c8       0x28 Startup/startup_stm32f103c6tx.o
 .debug_aranges
                0x00000000000000f0       0x80 Stm32_F103C6_Drivers/Stm32_f103c6_Drivers_EXTI.o
 .debug_aranges
                0x0000000000000170       0x68 Stm32_F103C6_Drivers/Stm32_f103c6_Drivers_Gpio.o

.debug_ranges   0x0000000000000000      0x180
 .debug_ranges  0x0000000000000000       0x20 HAL/KEY_PAD.o
 .debug_ranges  0x0000000000000020       0x48 HAL/LCD.o
 .debug_ranges  0x0000000000000068       0x30 Src/main.o
 .debug_ranges  0x0000000000000098       0x20 Startup/startup_stm32f103c6tx.o
 .debug_ranges  0x00000000000000b8       0x70 Stm32_F103C6_Drivers/Stm32_f103c6_Drivers_EXTI.o
 .debug_ranges  0x0000000000000128       0x58 Stm32_F103C6_Drivers/Stm32_f103c6_Drivers_Gpio.o

.debug_macro    0x0000000000000000     0x29aa
 .debug_macro   0x0000000000000000      0x152 HAL/KEY_PAD.o
 .debug_macro   0x0000000000000152      0xa60 HAL/KEY_PAD.o
 .debug_macro   0x0000000000000bb2       0x18 HAL/KEY_PAD.o
 .debug_macro   0x0000000000000bca       0x22 HAL/KEY_PAD.o
 .debug_macro   0x0000000000000bec       0x40 HAL/KEY_PAD.o
 .debug_macro   0x0000000000000c2c       0x94 HAL/KEY_PAD.o
 .debug_macro   0x0000000000000cc0       0x3c HAL/KEY_PAD.o
 .debug_macro   0x0000000000000cfc       0x34 HAL/KEY_PAD.o
 .debug_macro   0x0000000000000d30       0x16 HAL/KEY_PAD.o
 .debug_macro   0x0000000000000d46      0x10e HAL/KEY_PAD.o
 .debug_macro   0x0000000000000e54       0x8d HAL/KEY_PAD.o
 .debug_macro   0x0000000000000ee1       0x57 HAL/KEY_PAD.o
 .debug_macro   0x0000000000000f38       0x52 HAL/KEY_PAD.o
 .debug_macro   0x0000000000000f8a       0x1f HAL/KEY_PAD.o
 .debug_macro   0x0000000000000fa9       0x43 HAL/KEY_PAD.o
 .debug_macro   0x0000000000000fec       0x20 HAL/KEY_PAD.o
 .debug_macro   0x000000000000100c      0x1a3 HAL/KEY_PAD.o
 .debug_macro   0x00000000000011af      0x330 HAL/KEY_PAD.o
 .debug_macro   0x00000000000014df       0x16 HAL/KEY_PAD.o
 .debug_macro   0x00000000000014f5       0x29 HAL/KEY_PAD.o
 .debug_macro   0x000000000000151e       0xef HAL/KEY_PAD.o
 .debug_macro   0x000000000000160d       0x6a HAL/KEY_PAD.o
 .debug_macro   0x0000000000001677      0x1df HAL/KEY_PAD.o
 .debug_macro   0x0000000000001856      0x1b0 HAL/KEY_PAD.o
 .debug_macro   0x0000000000001a06       0xd0 HAL/KEY_PAD.o
 .debug_macro   0x0000000000001ad6       0x3a HAL/KEY_PAD.o
 .debug_macro   0x0000000000001b10      0x217 HAL/LCD.o
 .debug_macro   0x0000000000001d27       0x1c HAL/LCD.o
 .debug_macro   0x0000000000001d43       0x35 HAL/LCD.o
 .debug_macro   0x0000000000001d78       0x10 HAL/LCD.o
 .debug_macro   0x0000000000001d88       0x10 HAL/LCD.o
 .debug_macro   0x0000000000001d98       0x1c HAL/LCD.o
 .debug_macro   0x0000000000001db4       0x52 HAL/LCD.o
 .debug_macro   0x0000000000001e06       0x40 HAL/LCD.o
 .debug_macro   0x0000000000001e46       0x10 HAL/LCD.o
 .debug_macro   0x0000000000001e56       0x40 HAL/LCD.o
 .debug_macro   0x0000000000001e96       0xd7 HAL/LCD.o
 .debug_macro   0x0000000000001f6d       0x1c HAL/LCD.o
 .debug_macro   0x0000000000001f89       0x3d HAL/LCD.o
 .debug_macro   0x0000000000001fc6       0x16 HAL/LCD.o
 .debug_macro   0x0000000000001fdc      0x145 HAL/LCD.o
 .debug_macro   0x0000000000002121       0x94 HAL/LCD.o
 .debug_macro   0x00000000000021b5      0x233 Src/main.o
 .debug_macro   0x00000000000023e8       0x40 Src/main.o
 .debug_macro   0x0000000000002428      0x21b Src/main.o
 .debug_macro   0x0000000000002643      0x152 Stm32_F103C6_Drivers/Stm32_f103c6_Drivers_EXTI.o
 .debug_macro   0x0000000000002795       0xd6 Stm32_F103C6_Drivers/Stm32_f103c6_Drivers_EXTI.o
 .debug_macro   0x000000000000286b      0x13f Stm32_F103C6_Drivers/Stm32_f103c6_Drivers_Gpio.o

.debug_line     0x0000000000000000     0x22b8
 .debug_line    0x0000000000000000      0x654 HAL/KEY_PAD.o
 .debug_line    0x0000000000000654      0x72c HAL/LCD.o
 .debug_line    0x0000000000000d80      0x6dc Src/main.o
 .debug_line    0x000000000000145c       0x84 Startup/startup_stm32f103c6tx.o
 .debug_line    0x00000000000014e0      0x729 Stm32_F103C6_Drivers/Stm32_f103c6_Drivers_EXTI.o
 .debug_line    0x0000000000001c09      0x6af Stm32_F103C6_Drivers/Stm32_f103c6_Drivers_Gpio.o

.debug_str      0x0000000000000000     0xa825
 .debug_str     0x0000000000000000     0x7a7f HAL/KEY_PAD.o
                                       0x7ce0 (size before relaxing)
 .debug_str     0x0000000000007a7f     0x14eb HAL/LCD.o
                                       0x90c3 (size before relaxing)
 .debug_str     0x0000000000008f6a     0x1552 Src/main.o
                                       0xa5df (size before relaxing)
 .debug_str     0x000000000000a4bc       0x31 Startup/startup_stm32f103c6tx.o
                                         0x65 (size before relaxing)
 .debug_str     0x000000000000a4ed      0x204 Stm32_F103C6_Drivers/Stm32_f103c6_Drivers_EXTI.o
                                       0x92ce (size before relaxing)
 .debug_str     0x000000000000a6f1      0x134 Stm32_F103C6_Drivers/Stm32_f103c6_Drivers_Gpio.o
                                       0x7d80 (size before relaxing)

.comment        0x0000000000000000       0x7b
 .comment       0x0000000000000000       0x7b HAL/KEY_PAD.o
                                         0x7c (size before relaxing)
 .comment       0x000000000000007b       0x7c HAL/LCD.o
 .comment       0x000000000000007b       0x7c Src/main.o
 .comment       0x000000000000007b       0x7c Stm32_F103C6_Drivers/Stm32_f103c6_Drivers_EXTI.o
 .comment       0x000000000000007b       0x7c Stm32_F103C6_Drivers/Stm32_f103c6_Drivers_Gpio.o

.debug_frame    0x0000000000000000      0x5ac
 .debug_frame   0x0000000000000000       0x6c HAL/KEY_PAD.o
 .debug_frame   0x000000000000006c      0x110 HAL/LCD.o
 .debug_frame   0x000000000000017c       0xb4 Src/main.o
 .debug_frame   0x0000000000000230      0x1b0 Stm32_F103C6_Drivers/Stm32_f103c6_Drivers_EXTI.o
 .debug_frame   0x00000000000003e0      0x1a0 Stm32_F103C6_Drivers/Stm32_f103c6_Drivers_Gpio.o
 .debug_frame   0x0000000000000580       0x2c c:/st/stm32cubeide_1.4.0/stm32cubeide/plugins/com.st.stm32cube.ide.mcu.externaltools.gnu-tools-for-stm32.7-2018-q2-update.win32_1.4.0.202007081208/tools/bin/../lib/gcc/arm-none-eabi/7.3.1/../../../../arm-none-eabi/lib/thumb/v7-m\libc_nano.a(lib_a-init.o)
