Stm32_f103c6_Drivers_USART.c:66:6:USART_voidInit	32	static
Stm32_f103c6_Drivers_USART.c:114:6:USART_voidSendDataSynch	16	static
Stm32_f103c6_Drivers_USART.c:138:6:USART_voidSendDataAsynch	16	static
Stm32_f103c6_Drivers_USART.c:157:6:USART_voidReceiveDataSynch	16	static
Stm32_f103c6_Drivers_USART.c:252:6:USART_voidReceiveDataAsynch	16	static
Stm32_f103c6_Drivers_USART.c:258:6:USART_voidBuadRateCalc	56	static
Stm32_f103c6_Drivers_USART.c:279:6:USART__VoidGPIO_SetPins	16	static
Stm32_f103c6_Drivers_USART.c:448:6:USART1_IRQHandler	8	static
Stm32_f103c6_Drivers_USART.c:474:6:USART2_IRQHandler	8	static
Stm32_f103c6_Drivers_USART.c:499:6:USART3_IRQHandler	8	static
Stm32_f103c6_Drivers_USART.c:526:6:USART_voidGetDMA_PeripheralAddress	24	static
Stm32_f103c6_Drivers_USART.c:541:6:USART_voidSendStringWithFixedSizeSynch	24	static
Stm32_f103c6_Drivers_USART.c:549:6:USART_voidSendStringWithDelimiterSynch	24	static
