Archive member included to satisfy reference by file (symbol)

c:/program files (x86)/atmel/studio/7.0/toolchain/avr8/avr8-gnu-toolchain/bin/../lib/gcc/avr/5.4.0/avr5\libgcc.a(_udivmodsi4.o)
                              MCAL/PWM/PWM_Program.o (__udivmodsi4)
c:/program files (x86)/atmel/studio/7.0/toolchain/avr8/avr8-gnu-toolchain/bin/../lib/gcc/avr/5.4.0/avr5\libgcc.a(_exit.o)
                              C:/Program Files (x86)/Atmel/Studio/7.0/Packs/atmel/ATmega_DFP/1.7.374/gcc/dev/atmega16/avr5/crtatmega16.o (exit)
c:/program files (x86)/atmel/studio/7.0/toolchain/avr8/avr8-gnu-toolchain/bin/../lib/gcc/avr/5.4.0/avr5\libgcc.a(_copy_data.o)
                              APP/APP.o (__do_copy_data)
c:/program files (x86)/atmel/studio/7.0/toolchain/avr8/avr8-gnu-toolchain/bin/../lib/gcc/avr/5.4.0/avr5\libgcc.a(_clear_bss.o)
                              APP/APP.o (__do_clear_bss)
c:/program files (x86)/atmel/studio/7.0/toolchain/avr8/avr8-gnu-toolchain/bin/../lib/gcc/avr/5.4.0/avr5\libgcc.a(_umulhisi3.o)
                              MCAL/PWM/PWM_Program.o (__umulhisi3)
c:/program files (x86)/atmel/studio/7.0/toolchain/avr8/avr8-gnu-toolchain/bin/../lib/gcc/avr/5.4.0/avr5\libgcc.a(_muluhisi3.o)
                              MCAL/PWM/PWM_Program.o (__muluhisi3)

Allocating common symbols
Common symbol       size              file

Global_RFID_u8Name  0xb               HAL/RFID/RFID.o
Global_RFID_u8ID    0x8               HAL/RFID/RFID.o

Discarded input sections

 .data          0x00000000        0x0 C:/Program Files (x86)/Atmel/Studio/7.0/Packs/atmel/ATmega_DFP/1.7.374/gcc/dev/atmega16/avr5/crtatmega16.o
 .bss           0x00000000        0x0 C:/Program Files (x86)/Atmel/Studio/7.0/Packs/atmel/ATmega_DFP/1.7.374/gcc/dev/atmega16/avr5/crtatmega16.o
 .text          0x00000000        0x0 APP/APP.o
 .data          0x00000000        0x0 APP/APP.o
 .bss           0x00000000        0x0 APP/APP.o
 .text          0x00000000        0x0 HAL/Gate/GateControl.o
 .data          0x00000000        0x0 HAL/Gate/GateControl.o
 .bss           0x00000000        0x0 HAL/Gate/GateControl.o
 .text          0x00000000        0x0 HAL/LCD/LCD.o
 .data          0x00000000        0x0 HAL/LCD/LCD.o
 .bss           0x00000000        0x0 HAL/LCD/LCD.o
 .text.LCD_SendStringAt
                0x00000000        0x2 HAL/LCD/LCD.o
 .text.LCD_StoreCustomChar
                0x00000000       0x4c HAL/LCD/LCD.o
 .text.LCD_DispCustomChar
                0x00000000        0x6 HAL/LCD/LCD.o
 .text          0x00000000        0x0 HAL/PIR/PIR.o
 .data          0x00000000        0x0 HAL/PIR/PIR.o
 .bss           0x00000000        0x0 HAL/PIR/PIR.o
 .text          0x00000000        0x0 HAL/RFID/RFID.o
 .data          0x00000000        0x0 HAL/RFID/RFID.o
 .bss           0x00000000        0x0 HAL/RFID/RFID.o
 .text          0x00000000        0x0 main.o
 .data          0x00000000        0x0 main.o
 .bss           0x00000000        0x0 main.o
 .text          0x00000000        0x0 MCAL/EXTI/EXT_INT_program.o
 .data          0x00000000        0x0 MCAL/EXTI/EXT_INT_program.o
 .bss           0x00000000        0x0 MCAL/EXTI/EXT_INT_program.o
 .text.EXTINT_Init
                0x00000000       0x26 MCAL/EXTI/EXT_INT_program.o
 .text.EXTINT_Enable
                0x00000000       0x24 MCAL/EXTI/EXT_INT_program.o
 .text.EXTINT_Mode
                0x00000000       0xee MCAL/EXTI/EXT_INT_program.o
 .text.EXTINT_Disable
                0x00000000       0x24 MCAL/EXTI/EXT_INT_program.o
 .text.EXTINT_GlobalIntEnable
                0x00000000        0x8 MCAL/EXTI/EXT_INT_program.o
 .text.EXTINT_GlobalIntDisable
                0x00000000        0x8 MCAL/EXTI/EXT_INT_program.o
 .text          0x00000000        0x0 MCAL/GPIO/GPIO_program.o
 .data          0x00000000        0x0 MCAL/GPIO/GPIO_program.o
 .bss           0x00000000        0x0 MCAL/GPIO/GPIO_program.o
 .text.GPIO_SetPortDirection
                0x00000000       0x90 MCAL/GPIO/GPIO_program.o
 .text.GPIO_SetPortValue
                0x00000000       0x58 MCAL/GPIO/GPIO_program.o
 .text.GPIO_SPI_MasterInit
                0x00000000       0x2a MCAL/GPIO/GPIO_program.o
 .text          0x00000000        0x0 MCAL/PWM/PWM_Program.o
 .data          0x00000000        0x0 MCAL/PWM/PWM_Program.o
 .bss           0x00000000        0x0 MCAL/PWM/PWM_Program.o
 .text.GetNearestVal
                0x00000000       0x6e MCAL/PWM/PWM_Program.o
 .text.PWM_SetDuty
                0x00000000       0x48 MCAL/PWM/PWM_Program.o
 .rodata        0x00000000       0x18 MCAL/PWM/PWM_Program.o
 .text.PWM_GeneratePWM
                0x00000000      0x29c MCAL/PWM/PWM_Program.o
 .bss.UsrPWMPointer
                0x00000000        0x2 MCAL/PWM/PWM_Program.o
 .text          0x00000000        0x0 MCAL/SPI/SPI_Program.o
 .data          0x00000000        0x0 MCAL/SPI/SPI_Program.o
 .bss           0x00000000        0x0 MCAL/SPI/SPI_Program.o
 .text.SPI_SendByteAsynch
                0x00000000        0xc MCAL/SPI/SPI_Program.o
 .text.SPI_ReceiveByteAsynch
                0x00000000       0x14 MCAL/SPI/SPI_Program.o
 .text.SPI_SendByteSynch
                0x00000000       0x16 MCAL/SPI/SPI_Program.o
 .text.SPI_ReceiveByteSynch
                0x00000000       0x14 MCAL/SPI/SPI_Program.o
 .text.SPI_EnableInterrupt
                0x00000000       0x14 MCAL/SPI/SPI_Program.o
 .text.SPI_DisableInterrupt
                0x00000000        0xc MCAL/SPI/SPI_Program.o
 .text          0x00000000        0x0 MCAL/UART/USART_Program.o
 .data          0x00000000        0x0 MCAL/UART/USART_Program.o
 .bss           0x00000000        0x0 MCAL/UART/USART_Program.o
 .text.USART_TxSynch
                0x00000000       0x80 MCAL/UART/USART_Program.o
 .text.USART_RxByteSynch
                0x00000000        0xc MCAL/UART/USART_Program.o
 .text.USART_RxSynch
                0x00000000       0x92 MCAL/UART/USART_Program.o
 .text.USART_TxByteAsynch
                0x00000000       0x12 MCAL/UART/USART_Program.o
 .text.USART_DisableTxInterrupt
                0x00000000        0x8 MCAL/UART/USART_Program.o
 .text.USART_DisableRxInterrupt
                0x00000000        0x8 MCAL/UART/USART_Program.o
 .text.DisableInterrupt
                0x00000000        0xe MCAL/UART/USART_Program.o
 .text.USART_EnableInterrupt
                0x00000000        0xe MCAL/UART/USART_Program.o
 .text.USART_GetFlagState
                0x00000000       0x66 MCAL/UART/USART_Program.o
 .text          0x00000000        0x0 c:/program files (x86)/atmel/studio/7.0/toolchain/avr8/avr8-gnu-toolchain/bin/../lib/gcc/avr/5.4.0/avr5\libgcc.a(_udivmodsi4.o)
 .data          0x00000000        0x0 c:/program files (x86)/atmel/studio/7.0/toolchain/avr8/avr8-gnu-toolchain/bin/../lib/gcc/avr/5.4.0/avr5\libgcc.a(_udivmodsi4.o)
 .bss           0x00000000        0x0 c:/program files (x86)/atmel/studio/7.0/toolchain/avr8/avr8-gnu-toolchain/bin/../lib/gcc/avr/5.4.0/avr5\libgcc.a(_udivmodsi4.o)
 .text.libgcc.mul
                0x00000000        0x0 c:/program files (x86)/atmel/studio/7.0/toolchain/avr8/avr8-gnu-toolchain/bin/../lib/gcc/avr/5.4.0/avr5\libgcc.a(_udivmodsi4.o)
 .text.libgcc   0x00000000        0x0 c:/program files (x86)/atmel/studio/7.0/toolchain/avr8/avr8-gnu-toolchain/bin/../lib/gcc/avr/5.4.0/avr5\libgcc.a(_udivmodsi4.o)
 .text.libgcc.prologue
                0x00000000        0x0 c:/program files (x86)/atmel/studio/7.0/toolchain/avr8/avr8-gnu-toolchain/bin/../lib/gcc/avr/5.4.0/avr5\libgcc.a(_udivmodsi4.o)
 .text.libgcc.builtins
                0x00000000        0x0 c:/program files (x86)/atmel/studio/7.0/toolchain/avr8/avr8-gnu-toolchain/bin/../lib/gcc/avr/5.4.0/avr5\libgcc.a(_udivmodsi4.o)
 .text.libgcc.fmul
                0x00000000        0x0 c:/program files (x86)/atmel/studio/7.0/toolchain/avr8/avr8-gnu-toolchain/bin/../lib/gcc/avr/5.4.0/avr5\libgcc.a(_udivmodsi4.o)
 .text.libgcc.fixed
                0x00000000        0x0 c:/program files (x86)/atmel/studio/7.0/toolchain/avr8/avr8-gnu-toolchain/bin/../lib/gcc/avr/5.4.0/avr5\libgcc.a(_udivmodsi4.o)
 .text          0x00000000        0x0 c:/program files (x86)/atmel/studio/7.0/toolchain/avr8/avr8-gnu-toolchain/bin/../lib/gcc/avr/5.4.0/avr5\libgcc.a(_exit.o)
 .data          0x00000000        0x0 c:/program files (x86)/atmel/studio/7.0/toolchain/avr8/avr8-gnu-toolchain/bin/../lib/gcc/avr/5.4.0/avr5\libgcc.a(_exit.o)
 .bss           0x00000000        0x0 c:/program files (x86)/atmel/studio/7.0/toolchain/avr8/avr8-gnu-toolchain/bin/../lib/gcc/avr/5.4.0/avr5\libgcc.a(_exit.o)
 .text.libgcc.mul
                0x00000000        0x0 c:/program files (x86)/atmel/studio/7.0/toolchain/avr8/avr8-gnu-toolchain/bin/../lib/gcc/avr/5.4.0/avr5\libgcc.a(_exit.o)
 .text.libgcc.div
                0x00000000        0x0 c:/program files (x86)/atmel/studio/7.0/toolchain/avr8/avr8-gnu-toolchain/bin/../lib/gcc/avr/5.4.0/avr5\libgcc.a(_exit.o)
 .text.libgcc   0x00000000        0x0 c:/program files (x86)/atmel/studio/7.0/toolchain/avr8/avr8-gnu-toolchain/bin/../lib/gcc/avr/5.4.0/avr5\libgcc.a(_exit.o)
 .text.libgcc.prologue
                0x00000000        0x0 c:/program files (x86)/atmel/studio/7.0/toolchain/avr8/avr8-gnu-toolchain/bin/../lib/gcc/avr/5.4.0/avr5\libgcc.a(_exit.o)
 .text.libgcc.builtins
                0x00000000        0x0 c:/program files (x86)/atmel/studio/7.0/toolchain/avr8/avr8-gnu-toolchain/bin/../lib/gcc/avr/5.4.0/avr5\libgcc.a(_exit.o)
 .text.libgcc.fmul
                0x00000000        0x0 c:/program files (x86)/atmel/studio/7.0/toolchain/avr8/avr8-gnu-toolchain/bin/../lib/gcc/avr/5.4.0/avr5\libgcc.a(_exit.o)
 .text.libgcc.fixed
                0x00000000        0x0 c:/program files (x86)/atmel/studio/7.0/toolchain/avr8/avr8-gnu-toolchain/bin/../lib/gcc/avr/5.4.0/avr5\libgcc.a(_exit.o)
 .text          0x00000000        0x0 c:/program files (x86)/atmel/studio/7.0/toolchain/avr8/avr8-gnu-toolchain/bin/../lib/gcc/avr/5.4.0/avr5\libgcc.a(_copy_data.o)
 .data          0x00000000        0x0 c:/program files (x86)/atmel/studio/7.0/toolchain/avr8/avr8-gnu-toolchain/bin/../lib/gcc/avr/5.4.0/avr5\libgcc.a(_copy_data.o)
 .bss           0x00000000        0x0 c:/program files (x86)/atmel/studio/7.0/toolchain/avr8/avr8-gnu-toolchain/bin/../lib/gcc/avr/5.4.0/avr5\libgcc.a(_copy_data.o)
 .text.libgcc.mul
                0x00000000        0x0 c:/program files (x86)/atmel/studio/7.0/toolchain/avr8/avr8-gnu-toolchain/bin/../lib/gcc/avr/5.4.0/avr5\libgcc.a(_copy_data.o)
 .text.libgcc.div
                0x00000000        0x0 c:/program files (x86)/atmel/studio/7.0/toolchain/avr8/avr8-gnu-toolchain/bin/../lib/gcc/avr/5.4.0/avr5\libgcc.a(_copy_data.o)
 .text.libgcc   0x00000000        0x0 c:/program files (x86)/atmel/studio/7.0/toolchain/avr8/avr8-gnu-toolchain/bin/../lib/gcc/avr/5.4.0/avr5\libgcc.a(_copy_data.o)
 .text.libgcc.prologue
                0x00000000        0x0 c:/program files (x86)/atmel/studio/7.0/toolchain/avr8/avr8-gnu-toolchain/bin/../lib/gcc/avr/5.4.0/avr5\libgcc.a(_copy_data.o)
 .text.libgcc.builtins
                0x00000000        0x0 c:/program files (x86)/atmel/studio/7.0/toolchain/avr8/avr8-gnu-toolchain/bin/../lib/gcc/avr/5.4.0/avr5\libgcc.a(_copy_data.o)
 .text.libgcc.fmul
                0x00000000        0x0 c:/program files (x86)/atmel/studio/7.0/toolchain/avr8/avr8-gnu-toolchain/bin/../lib/gcc/avr/5.4.0/avr5\libgcc.a(_copy_data.o)
 .text.libgcc.fixed
                0x00000000        0x0 c:/program files (x86)/atmel/studio/7.0/toolchain/avr8/avr8-gnu-toolchain/bin/../lib/gcc/avr/5.4.0/avr5\libgcc.a(_copy_data.o)
 .text          0x00000000        0x0 c:/program files (x86)/atmel/studio/7.0/toolchain/avr8/avr8-gnu-toolchain/bin/../lib/gcc/avr/5.4.0/avr5\libgcc.a(_clear_bss.o)
 .data          0x00000000        0x0 c:/program files (x86)/atmel/studio/7.0/toolchain/avr8/avr8-gnu-toolchain/bin/../lib/gcc/avr/5.4.0/avr5\libgcc.a(_clear_bss.o)
 .bss           0x00000000        0x0 c:/program files (x86)/atmel/studio/7.0/toolchain/avr8/avr8-gnu-toolchain/bin/../lib/gcc/avr/5.4.0/avr5\libgcc.a(_clear_bss.o)
 .text.libgcc.mul
                0x00000000        0x0 c:/program files (x86)/atmel/studio/7.0/toolchain/avr8/avr8-gnu-toolchain/bin/../lib/gcc/avr/5.4.0/avr5\libgcc.a(_clear_bss.o)
 .text.libgcc.div
                0x00000000        0x0 c:/program files (x86)/atmel/studio/7.0/toolchain/avr8/avr8-gnu-toolchain/bin/../lib/gcc/avr/5.4.0/avr5\libgcc.a(_clear_bss.o)
 .text.libgcc   0x00000000        0x0 c:/program files (x86)/atmel/studio/7.0/toolchain/avr8/avr8-gnu-toolchain/bin/../lib/gcc/avr/5.4.0/avr5\libgcc.a(_clear_bss.o)
 .text.libgcc.prologue
                0x00000000        0x0 c:/program files (x86)/atmel/studio/7.0/toolchain/avr8/avr8-gnu-toolchain/bin/../lib/gcc/avr/5.4.0/avr5\libgcc.a(_clear_bss.o)
 .text.libgcc.builtins
                0x00000000        0x0 c:/program files (x86)/atmel/studio/7.0/toolchain/avr8/avr8-gnu-toolchain/bin/../lib/gcc/avr/5.4.0/avr5\libgcc.a(_clear_bss.o)
 .text.libgcc.fmul
                0x00000000        0x0 c:/program files (x86)/atmel/studio/7.0/toolchain/avr8/avr8-gnu-toolchain/bin/../lib/gcc/avr/5.4.0/avr5\libgcc.a(_clear_bss.o)
 .text.libgcc.fixed
                0x00000000        0x0 c:/program files (x86)/atmel/studio/7.0/toolchain/avr8/avr8-gnu-toolchain/bin/../lib/gcc/avr/5.4.0/avr5\libgcc.a(_clear_bss.o)
 .text          0x00000000        0x0 c:/program files (x86)/atmel/studio/7.0/toolchain/avr8/avr8-gnu-toolchain/bin/../lib/gcc/avr/5.4.0/avr5\libgcc.a(_umulhisi3.o)
 .data          0x00000000        0x0 c:/program files (x86)/atmel/studio/7.0/toolchain/avr8/avr8-gnu-toolchain/bin/../lib/gcc/avr/5.4.0/avr5\libgcc.a(_umulhisi3.o)
 .bss           0x00000000        0x0 c:/program files (x86)/atmel/studio/7.0/toolchain/avr8/avr8-gnu-toolchain/bin/../lib/gcc/avr/5.4.0/avr5\libgcc.a(_umulhisi3.o)
 .text.libgcc.mul
                0x00000000       0x1e c:/program files (x86)/atmel/studio/7.0/toolchain/avr8/avr8-gnu-toolchain/bin/../lib/gcc/avr/5.4.0/avr5\libgcc.a(_umulhisi3.o)
 .text.libgcc.div
                0x00000000        0x0 c:/program files (x86)/atmel/studio/7.0/toolchain/avr8/avr8-gnu-toolchain/bin/../lib/gcc/avr/5.4.0/avr5\libgcc.a(_umulhisi3.o)
 .text.libgcc   0x00000000        0x0 c:/program files (x86)/atmel/studio/7.0/toolchain/avr8/avr8-gnu-toolchain/bin/../lib/gcc/avr/5.4.0/avr5\libgcc.a(_umulhisi3.o)
 .text.libgcc.prologue
                0x00000000        0x0 c:/program files (x86)/atmel/studio/7.0/toolchain/avr8/avr8-gnu-toolchain/bin/../lib/gcc/avr/5.4.0/avr5\libgcc.a(_umulhisi3.o)
 .text.libgcc.builtins
                0x00000000        0x0 c:/program files (x86)/atmel/studio/7.0/toolchain/avr8/avr8-gnu-toolchain/bin/../lib/gcc/avr/5.4.0/avr5\libgcc.a(_umulhisi3.o)
 .text.libgcc.fmul
                0x00000000        0x0 c:/program files (x86)/atmel/studio/7.0/toolchain/avr8/avr8-gnu-toolchain/bin/../lib/gcc/avr/5.4.0/avr5\libgcc.a(_umulhisi3.o)
 .text.libgcc.fixed
                0x00000000        0x0 c:/program files (x86)/atmel/studio/7.0/toolchain/avr8/avr8-gnu-toolchain/bin/../lib/gcc/avr/5.4.0/avr5\libgcc.a(_umulhisi3.o)
 .text          0x00000000        0x0 c:/program files (x86)/atmel/studio/7.0/toolchain/avr8/avr8-gnu-toolchain/bin/../lib/gcc/avr/5.4.0/avr5\libgcc.a(_muluhisi3.o)
 .data          0x00000000        0x0 c:/program files (x86)/atmel/studio/7.0/toolchain/avr8/avr8-gnu-toolchain/bin/../lib/gcc/avr/5.4.0/avr5\libgcc.a(_muluhisi3.o)
 .bss           0x00000000        0x0 c:/program files (x86)/atmel/studio/7.0/toolchain/avr8/avr8-gnu-toolchain/bin/../lib/gcc/avr/5.4.0/avr5\libgcc.a(_muluhisi3.o)
 .text.libgcc.mul
                0x00000000       0x16 c:/program files (x86)/atmel/studio/7.0/toolchain/avr8/avr8-gnu-toolchain/bin/../lib/gcc/avr/5.4.0/avr5\libgcc.a(_muluhisi3.o)
 .text.libgcc.div
                0x00000000        0x0 c:/program files (x86)/atmel/studio/7.0/toolchain/avr8/avr8-gnu-toolchain/bin/../lib/gcc/avr/5.4.0/avr5\libgcc.a(_muluhisi3.o)
 .text.libgcc   0x00000000        0x0 c:/program files (x86)/atmel/studio/7.0/toolchain/avr8/avr8-gnu-toolchain/bin/../lib/gcc/avr/5.4.0/avr5\libgcc.a(_muluhisi3.o)
 .text.libgcc.prologue
                0x00000000        0x0 c:/program files (x86)/atmel/studio/7.0/toolchain/avr8/avr8-gnu-toolchain/bin/../lib/gcc/avr/5.4.0/avr5\libgcc.a(_muluhisi3.o)
 .text.libgcc.builtins
                0x00000000        0x0 c:/program files (x86)/atmel/studio/7.0/toolchain/avr8/avr8-gnu-toolchain/bin/../lib/gcc/avr/5.4.0/avr5\libgcc.a(_muluhisi3.o)
 .text.libgcc.fmul
                0x00000000        0x0 c:/program files (x86)/atmel/studio/7.0/toolchain/avr8/avr8-gnu-toolchain/bin/../lib/gcc/avr/5.4.0/avr5\libgcc.a(_muluhisi3.o)
 .text.libgcc.fixed
                0x00000000        0x0 c:/program files (x86)/atmel/studio/7.0/toolchain/avr8/avr8-gnu-toolchain/bin/../lib/gcc/avr/5.4.0/avr5\libgcc.a(_muluhisi3.o)

Memory Configuration

Name             Origin             Length             Attributes
text             0x00000000         0x00004000         xr
data             0x00800060         0x00000400         rw !x
eeprom           0x00810000         0x00000200         rw !x
fuse             0x00820000         0x00000002         rw !x
lock             0x00830000         0x00000400         rw !x
signature        0x00840000         0x00000400         rw !x
user_signatures  0x00850000         0x00000400         rw !x
*default*        0x00000000         0xffffffff

Linker script and memory map

LOAD C:/Program Files (x86)/Atmel/Studio/7.0/Packs/atmel/ATmega_DFP/1.7.374/gcc/dev/atmega16/avr5/crtatmega16.o
LOAD APP/APP.o
LOAD HAL/Gate/GateControl.o
LOAD HAL/LCD/LCD.o
LOAD HAL/PIR/PIR.o
LOAD HAL/RFID/RFID.o
LOAD main.o
LOAD MCAL/EXTI/EXT_INT_program.o
LOAD MCAL/GPIO/GPIO_program.o
LOAD MCAL/PWM/PWM_Program.o
LOAD MCAL/SPI/SPI_Program.o
LOAD MCAL/UART/USART_Program.o
START GROUP
LOAD c:/program files (x86)/atmel/studio/7.0/toolchain/avr8/avr8-gnu-toolchain/bin/../lib/gcc/avr/5.4.0/../../../../avr/lib/avr5\libm.a
END GROUP
START GROUP
LOAD c:/program files (x86)/atmel/studio/7.0/toolchain/avr8/avr8-gnu-toolchain/bin/../lib/gcc/avr/5.4.0/avr5\libgcc.a
LOAD c:/program files (x86)/atmel/studio/7.0/toolchain/avr8/avr8-gnu-toolchain/bin/../lib/gcc/avr/5.4.0/../../../../avr/lib/avr5\libm.a
LOAD c:/program files (x86)/atmel/studio/7.0/toolchain/avr8/avr8-gnu-toolchain/bin/../lib/gcc/avr/5.4.0/../../../../avr/lib/avr5\libc.a
LOAD C:/Program Files (x86)/Atmel/Studio/7.0/Packs/atmel/ATmega_DFP/1.7.374/gcc/dev/atmega16/avr5\libatmega16.a
END GROUP
                0x00000000                __TEXT_REGION_ORIGIN__ = DEFINED (__TEXT_REGION_ORIGIN__)?__TEXT_REGION_ORIGIN__:0x0
                [0x00800060]                __DATA_REGION_ORIGIN__ = DEFINED (__DATA_REGION_ORIGIN__)?__DATA_REGION_ORIGIN__:0x800060
                [0x00004000]                __TEXT_REGION_LENGTH__ = DEFINED (__TEXT_REGION_LENGTH__)?__TEXT_REGION_LENGTH__:0x20000
                [0x00000400]                __DATA_REGION_LENGTH__ = DEFINED (__DATA_REGION_LENGTH__)?__DATA_REGION_LENGTH__:0xffa0
                [0x00000200]                __EEPROM_REGION_LENGTH__ = DEFINED (__EEPROM_REGION_LENGTH__)?__EEPROM_REGION_LENGTH__:0x10000
                [0x00000002]                __FUSE_REGION_LENGTH__ = DEFINED (__FUSE_REGION_LENGTH__)?__FUSE_REGION_LENGTH__:0x400
                0x00000400                __LOCK_REGION_LENGTH__ = DEFINED (__LOCK_REGION_LENGTH__)?__LOCK_REGION_LENGTH__:0x400
                0x00000400                __SIGNATURE_REGION_LENGTH__ = DEFINED (__SIGNATURE_REGION_LENGTH__)?__SIGNATURE_REGION_LENGTH__:0x400
                0x00000400                __USER_SIGNATURE_REGION_LENGTH__ = DEFINED (__USER_SIGNATURE_REGION_LENGTH__)?__USER_SIGNATURE_REGION_LENGTH__:0x400

.hash
 *(.hash)

.dynsym
 *(.dynsym)

.dynstr
 *(.dynstr)

.gnu.version
 *(.gnu.version)

.gnu.version_d
 *(.gnu.version_d)

.gnu.version_r
 *(.gnu.version_r)

.rel.init
 *(.rel.init)

.rela.init
 *(.rela.init)

.rel.text
 *(.rel.text)
 *(.rel.text.*)
 *(.rel.gnu.linkonce.t*)

.rela.text
 *(.rela.text)
 *(.rela.text.*)
 *(.rela.gnu.linkonce.t*)

.rel.fini
 *(.rel.fini)

.rela.fini
 *(.rela.fini)

.rel.rodata
 *(.rel.rodata)
 *(.rel.rodata.*)
 *(.rel.gnu.linkonce.r*)

.rela.rodata
 *(.rela.rodata)
 *(.rela.rodata.*)
 *(.rela.gnu.linkonce.r*)

.rel.data
 *(.rel.data)
 *(.rel.data.*)
 *(.rel.gnu.linkonce.d*)

.rela.data
 *(.rela.data)
 *(.rela.data.*)
 *(.rela.gnu.linkonce.d*)

.rel.ctors
 *(.rel.ctors)

.rela.ctors
 *(.rela.ctors)

.rel.dtors
 *(.rel.dtors)

.rela.dtors
 *(.rela.dtors)

.rel.got
 *(.rel.got)

.rela.got
 *(.rela.got)

.rel.bss
 *(.rel.bss)

.rela.bss
 *(.rela.bss)

.rel.plt
 *(.rel.plt)

.rela.plt
 *(.rela.plt)

.text           0x00000000      0xfb8
 *(.vectors)
 .vectors       0x00000000       0x54 C:/Program Files (x86)/Atmel/Studio/7.0/Packs/atmel/ATmega_DFP/1.7.374/gcc/dev/atmega16/avr5/crtatmega16.o
                0x00000000                __vector_default
                0x00000000                __vectors
 *(.vectors)
 *(.progmem.gcc*)
                0x00000054                . = ALIGN (0x2)
                0x00000054                __trampolines_start = .
 *(.trampolines)
 .trampolines   0x00000054        0x0 linker stubs
 *(.trampolines*)
                0x00000054                __trampolines_end = .
 *libprintf_flt.a:*(.progmem.data)
 *libc.a:*(.progmem.data)
 *(.progmem*)
                0x00000054                . = ALIGN (0x2)
 *(.jumptables)
 *(.jumptables*)
 *(.lowtext)
 *(.lowtext*)
                0x00000054                __ctors_start = .
 *(.ctors)
                0x00000054                __ctors_end = .
                0x00000054                __dtors_start = .
 *(.dtors)
                0x00000054                __dtors_end = .
 SORT(*)(.ctors)
 SORT(*)(.dtors)
 *(.init0)
 .init0         0x00000054        0x0 C:/Program Files (x86)/Atmel/Studio/7.0/Packs/atmel/ATmega_DFP/1.7.374/gcc/dev/atmega16/avr5/crtatmega16.o
                0x00000054                __init
 *(.init0)
 *(.init1)
 *(.init1)
 *(.init2)
 .init2         0x00000054        0xc C:/Program Files (x86)/Atmel/Studio/7.0/Packs/atmel/ATmega_DFP/1.7.374/gcc/dev/atmega16/avr5/crtatmega16.o
 *(.init2)
 *(.init3)
 *(.init3)
 *(.init4)
 .init4         0x00000060       0x16 c:/program files (x86)/atmel/studio/7.0/toolchain/avr8/avr8-gnu-toolchain/bin/../lib/gcc/avr/5.4.0/avr5\libgcc.a(_copy_data.o)
                0x00000060                __do_copy_data
 .init4         0x00000076       0x10 c:/program files (x86)/atmel/studio/7.0/toolchain/avr8/avr8-gnu-toolchain/bin/../lib/gcc/avr/5.4.0/avr5\libgcc.a(_clear_bss.o)
                0x00000076                __do_clear_bss
 *(.init4)
 *(.init5)
 *(.init5)
 *(.init6)
 *(.init6)
 *(.init7)
 *(.init7)
 *(.init8)
 *(.init8)
 *(.init9)
 .init9         0x00000086        0x8 C:/Program Files (x86)/Atmel/Studio/7.0/Packs/atmel/ATmega_DFP/1.7.374/gcc/dev/atmega16/avr5/crtatmega16.o
 *(.init9)
 *(.text)
 .text          0x0000008e        0x4 C:/Program Files (x86)/Atmel/Studio/7.0/Packs/atmel/ATmega_DFP/1.7.374/gcc/dev/atmega16/avr5/crtatmega16.o
                0x0000008e                __vector_12
                0x0000008e                __bad_interrupt
                0x0000008e                __vector_6
                0x0000008e                __vector_3
                0x0000008e                __vector_17
                0x0000008e                __vector_19
                0x0000008e                __vector_7
                0x0000008e                __vector_5
                0x0000008e                __vector_4
                0x0000008e                __vector_9
                0x0000008e                __vector_15
                0x0000008e                __vector_8
                0x0000008e                __vector_14
                0x0000008e                __vector_16
                0x0000008e                __vector_20
                0x00000092                . = ALIGN (0x2)
 *(.text.*)
 .text.LCD_voidMainScreen
                0x00000092       0x36 APP/APP.o
 .text.LCD_voidSetup
                0x000000c8       0x20 APP/APP.o
 .text.Buzzer   0x000000e8       0x42 APP/APP.o
 .text.System_voidStates
                0x0000012a       0xd4 APP/APP.o
 .text.SetupApp
                0x000001fe       0x60 APP/APP.o
                0x000001fe                SetupApp
 .text.AppLoop  0x0000025e       0x3a APP/APP.o
                0x0000025e                AppLoop
 .text.APP_IsValidID
                0x00000298       0x42 APP/APP.o
                0x00000298                APP_IsValidID
 .text.APP_voidSendStringThroughSPI
                0x000002da       0x52 APP/APP.o
                0x000002da                APP_voidSendStringThroughSPI
 .text.APP_voidSendDataThroughSPI
                0x0000032c       0x2e APP/APP.o
                0x0000032c                APP_voidSendDataThroughSPI
 .text.RFID_Callback
                0x0000035a        0x6 APP/APP.o
                0x0000035a                RFID_Callback
 .text.Gate_Init
                0x00000360       0x1e HAL/Gate/GateControl.o
                0x00000360                Gate_Init
 .text.OpenGate
                0x0000037e       0x14 HAL/Gate/GateControl.o
                0x0000037e                OpenGate
 .text.CloseGate
                0x00000392       0x14 HAL/Gate/GateControl.o
                0x00000392                CloseGate
 .text.LCD_voidWriteCmd
                0x000003a6      0x126 HAL/LCD/LCD.o
 .text.LCD_Init
                0x000004cc       0x94 HAL/LCD/LCD.o
                0x000004cc                LCD_Init
 .text.LCD_SendChar
                0x00000560      0x126 HAL/LCD/LCD.o
                0x00000560                LCD_SendChar
 .text.LCD_SendString
                0x00000686       0x32 HAL/LCD/LCD.o
                0x00000686                LCD_SendString
 .text.LCD_SetCursor
                0x000006b8        0x6 HAL/LCD/LCD.o
                0x000006b8                LCD_SetCursor
 .text.LCD_SetDisplayState
                0x000006be       0x14 HAL/LCD/LCD.o
                0x000006be                LCD_SetDisplayState
 .text.LCD_GotoXY
                0x000006d2       0x1e HAL/LCD/LCD.o
                0x000006d2                LCD_GotoXY
 .text.LCD_Clear
                0x000006f0       0x26 HAL/LCD/LCD.o
                0x000006f0                LCD_Clear
 .text.PIR_Init
                0x00000716        0xc HAL/PIR/PIR.o
                0x00000716                PIR_Init
 .text.PIR_u8ExistMovement
                0x00000722        0xa HAL/PIR/PIR.o
                0x00000722                PIR_u8ExistMovement
 .text.RFID_ReceivedData
                0x0000072c       0xc2 HAL/RFID/RFID.o
 .text.RFID_Init
                0x000007ee        0xa HAL/RFID/RFID.o
                0x000007ee                RFID_Init
 .text.RFID_GetData_
                0x000007f8       0x1c HAL/RFID/RFID.o
                0x000007f8                RFID_GetData_
 .text.main     0x00000814        0xa main.o
                0x00000814                main
 .text.__vector_1
                0x0000081e       0x4e MCAL/EXTI/EXT_INT_program.o
                0x0000081e                __vector_1
 .text.__vector_2
                0x0000086c       0x4e MCAL/EXTI/EXT_INT_program.o
                0x0000086c                __vector_2
 .text.__vector_18
                0x000008ba       0x4e MCAL/EXTI/EXT_INT_program.o
                0x000008ba                __vector_18
 .text.GPIO_Init
                0x00000908       0x1a MCAL/GPIO/GPIO_program.o
                0x00000908                GPIO_Init
 .text.GPIO_SetPinDirection
                0x00000922      0x1a2 MCAL/GPIO/GPIO_program.o
                0x00000922                GPIO_SetPinDirection
 .text.GPIO_SetPinValue
                0x00000ac4       0xf4 MCAL/GPIO/GPIO_program.o
                0x00000ac4                GPIO_SetPinValue
 .text.GPIO_u8GetPinValue
                0x00000bb8       0x64 MCAL/GPIO/GPIO_program.o
                0x00000bb8                GPIO_u8GetPinValue
 .text.GPIO_TogglePin
                0x00000c1c       0x6c MCAL/GPIO/GPIO_program.o
                0x00000c1c                GPIO_TogglePin
 .text.GPIO_SPI_SlaveInit
                0x00000c88       0x2a MCAL/GPIO/GPIO_program.o
                0x00000c88                GPIO_SPI_SlaveInit
 .text.PWM_Init
                0x00000cb2       0xe4 MCAL/PWM/PWM_Program.o
                0x00000cb2                PWM_Init
 .text.PWM_SetOCPin
                0x00000d96       0x28 MCAL/PWM/PWM_Program.o
                0x00000d96                PWM_SetOCPin
 .text.PWM_PhaseFrequencyCorrectSetValues
                0x00000dbe       0x38 MCAL/PWM/PWM_Program.o
                0x00000dbe                PWM_PhaseFrequencyCorrectSetValues
 .text.SPI_Init
                0x00000df6       0x34 MCAL/SPI/SPI_Program.o
                0x00000df6                SPI_Init
 .text.SPI_ByteExchangeAsynch
                0x00000e2a       0x12 MCAL/SPI/SPI_Program.o
                0x00000e2a                SPI_ByteExchangeAsynch
 .text.__vector_10
                0x00000e3c        0xc MCAL/SPI/SPI_Program.o
                0x00000e3c                __vector_10
 .text.MCAL_u8PrivateEffectiveData
                0x00000e48       0x28 MCAL/UART/USART_Program.o
 .text.USART_Init
                0x00000e70       0x94 MCAL/UART/USART_Program.o
                0x00000e70                USART_Init
 .text.USART_TxByteSynch
                0x00000f04        0xc MCAL/UART/USART_Program.o
                0x00000f04                USART_TxByteSynch
 .text.USART_TxChar
                0x00000f10        0x6 MCAL/UART/USART_Program.o
                0x00000f10                USART_TxChar
 .text.USART_SendString
                0x00000f16       0x26 MCAL/UART/USART_Program.o
                0x00000f16                USART_SendString
 .text.USART_RxByteAsynch
                0x00000f3c       0x10 MCAL/UART/USART_Program.o
                0x00000f3c                USART_RxByteAsynch
 .text.USART_ClearFlags
                0x00000f4c        0xa MCAL/UART/USART_Program.o
                0x00000f4c                USART_ClearFlags
 .text.__vector_11
                0x00000f56        0xe MCAL/UART/USART_Program.o
                0x00000f56                __vector_11
 .text.__vector_13
                0x00000f64        0xc MCAL/UART/USART_Program.o
                0x00000f64                __vector_13
 .text.libgcc.div
                0x00000f70       0x44 c:/program files (x86)/atmel/studio/7.0/toolchain/avr8/avr8-gnu-toolchain/bin/../lib/gcc/avr/5.4.0/avr5\libgcc.a(_udivmodsi4.o)
                0x00000f70                __udivmodsi4
                0x00000fb4                . = ALIGN (0x2)
 *(.fini9)
 .fini9         0x00000fb4        0x0 c:/program files (x86)/atmel/studio/7.0/toolchain/avr8/avr8-gnu-toolchain/bin/../lib/gcc/avr/5.4.0/avr5\libgcc.a(_exit.o)
                0x00000fb4                _exit
                0x00000fb4                exit
 *(.fini9)
 *(.fini8)
 *(.fini8)
 *(.fini7)
 *(.fini7)
 *(.fini6)
 *(.fini6)
 *(.fini5)
 *(.fini5)
 *(.fini4)
 *(.fini4)
 *(.fini3)
 *(.fini3)
 *(.fini2)
 *(.fini2)
 *(.fini1)
 *(.fini1)
 *(.fini0)
 .fini0         0x00000fb4        0x4 c:/program files (x86)/atmel/studio/7.0/toolchain/avr8/avr8-gnu-toolchain/bin/../lib/gcc/avr/5.4.0/avr5\libgcc.a(_exit.o)
 *(.fini0)
                0x00000fb8                _etext = .

.data           0x00800060       0xa4 load address 0x00000fb8
                0x00800060                PROVIDE (__data_start, .)
 *(.data)
 *(.data*)
 .data.LCD_PortPin
                0x00800060        0xc APP/APP.o
                0x00800060                LCD_PortPin
 .data.mySPI    0x0080006c        0x6 APP/APP.o
                0x0080006c                mySPI
 .data.Glob_ID_Valid
                0x00800072        0x1 APP/APP.o
                0x00800072                Glob_ID_Valid
 .data.__InternalDriverServoMotor__
                0x00800073        0x3 HAL/Gate/GateControl.o
                0x00800073                __InternalDriverServoMotor__
 .data.Global_RFID_State
                0x00800076        0x1 HAL/RFID/RFID.o
                0x00800076                Global_RFID_State
 .data._RFID_Entrance_UART
                0x00800077        0x7 HAL/RFID/RFID.o
 *(.gnu.linkonce.d*)
 *(.rodata)
 *(.rodata*)
 .rodata.str1.1
                0x0080007e       0x85 APP/APP.o
 *(.gnu.linkonce.r*)
                0x00800104                . = ALIGN (0x2)
 *fill*         0x00800103        0x1 
                0x00800104                _edata = .
                0x00800104                PROVIDE (__data_end, .)

.bss            0x00800104       0x2b
                0x00800104                PROVIDE (__bss_start, .)
 *(.bss)
 *(.bss*)
 .bss.myLCD     0x00800104        0x4 APP/APP.o
 .bss.Global_ID_Counter
                0x00800108        0x1 HAL/RFID/RFID.o
                0x00800108                Global_ID_Counter
 .bss.Global_Name_Counter
                0x00800109        0x1 HAL/RFID/RFID.o
                0x00800109                Global_Name_Counter
 .bss._UART_RFID_Callback
                0x0080010a        0x2 HAL/RFID/RFID.o
                0x0080010a                _UART_RFID_Callback
 .bss.Callback_INT2
                0x0080010c        0x2 MCAL/EXTI/EXT_INT_program.o
 .bss.Callback_INT1
                0x0080010e        0x2 MCAL/EXTI/EXT_INT_program.o
 .bss.Callback_INT0
                0x00800110        0x2 MCAL/EXTI/EXT_INT_program.o
 .bss.TIMER1_Prescaler
                0x00800112        0x2 MCAL/PWM/PWM_Program.o
 .bss.Global_ExchangeComplate
                0x00800114        0x2 MCAL/SPI/SPI_Program.o
 .bss.Global_UART_CONFG
                0x00800116        0x2 MCAL/UART/USART_Program.o
 .bss.Global_RxComplate
                0x00800118        0x2 MCAL/UART/USART_Program.o
 .bss.Global_TxComplate
                0x0080011a        0x2 MCAL/UART/USART_Program.o
 *(COMMON)
 COMMON         0x0080011c       0x13 HAL/RFID/RFID.o
                0x0080011c                Global_RFID_u8Name
                0x00800127                Global_RFID_u8ID
                0x0080012f                PROVIDE (__bss_end, .)
                0x00000fb8                __data_load_start = LOADADDR (.data)
                0x0000105c                __data_load_end = (__data_load_start + SIZEOF (.data))

.noinit         0x0080012f        0x0
                [!provide]                PROVIDE (__noinit_start, .)
 *(.noinit*)
                [!provide]                PROVIDE (__noinit_end, .)
                0x0080012f                _end = .
                [!provide]                PROVIDE (__heap_start, .)

.eeprom         0x00810000        0x0
 *(.eeprom*)
                0x00810000                __eeprom_end = .

.fuse
 *(.fuse)
 *(.lfuse)
 *(.hfuse)
 *(.efuse)

.lock
 *(.lock*)

.signature
 *(.signature*)

.user_signatures
 *(.user_signatures*)

.stab
 *(.stab)

.stabstr
 *(.stabstr)

.stab.excl
 *(.stab.excl)

.stab.exclstr
 *(.stab.exclstr)

.stab.index
 *(.stab.index)

.stab.indexstr
 *(.stab.indexstr)

.comment        0x00000000       0x30
 *(.comment)
 .comment       0x00000000       0x30 APP/APP.o
                                 0x31 (size before relaxing)
 .comment       0x00000030       0x31 HAL/Gate/GateControl.o
 .comment       0x00000030       0x31 HAL/LCD/LCD.o
 .comment       0x00000030       0x31 HAL/PIR/PIR.o
 .comment       0x00000030       0x31 HAL/RFID/RFID.o
 .comment       0x00000030       0x31 main.o
 .comment       0x00000030       0x31 MCAL/EXTI/EXT_INT_program.o
 .comment       0x00000030       0x31 MCAL/GPIO/GPIO_program.o
 .comment       0x00000030       0x31 MCAL/PWM/PWM_Program.o
 .comment       0x00000030       0x31 MCAL/SPI/SPI_Program.o
 .comment       0x00000030       0x31 MCAL/UART/USART_Program.o

.note.gnu.avr.deviceinfo
                0x00000000       0x3c
 .note.gnu.avr.deviceinfo
                0x00000000       0x3c C:/Program Files (x86)/Atmel/Studio/7.0/Packs/atmel/ATmega_DFP/1.7.374/gcc/dev/atmega16/avr5/crtatmega16.o

.note.gnu.build-id
 *(.note.gnu.build-id)

.debug
 *(.debug)

.line
 *(.line)

.debug_srcinfo
 *(.debug_srcinfo)

.debug_sfnames
 *(.debug_sfnames)

.debug_aranges  0x00000000      0x390
 *(.debug_aranges)
 .debug_aranges
                0x00000000       0x68 APP/APP.o
 .debug_aranges
                0x00000068       0x30 HAL/Gate/GateControl.o
 .debug_aranges
                0x00000098       0x70 HAL/LCD/LCD.o
 .debug_aranges
                0x00000108       0x28 HAL/PIR/PIR.o
 .debug_aranges
                0x00000130       0x30 HAL/RFID/RFID.o
 .debug_aranges
                0x00000160       0x20 main.o
 .debug_aranges
                0x00000180       0x60 MCAL/EXTI/EXT_INT_program.o
 .debug_aranges
                0x000001e0       0x60 MCAL/GPIO/GPIO_program.o
 .debug_aranges
                0x00000240       0x48 MCAL/PWM/PWM_Program.o
 .debug_aranges
                0x00000288       0x60 MCAL/SPI/SPI_Program.o
 .debug_aranges
                0x000002e8       0xa8 MCAL/UART/USART_Program.o

.debug_pubnames
 *(.debug_pubnames)

.debug_info     0x00000000     0x38be
 *(.debug_info .gnu.linkonce.wi.*)
 .debug_info    0x00000000      0x52e C:/Program Files (x86)/Atmel/Studio/7.0/Packs/atmel/ATmega_DFP/1.7.374/gcc/dev/atmega16/avr5/crtatmega16.o
 .debug_info    0x0000052e      0xc2e APP/APP.o
 .debug_info    0x0000115c      0x390 HAL/Gate/GateControl.o
 .debug_info    0x000014ec      0xae2 HAL/LCD/LCD.o
 .debug_info    0x00001fce       0xee HAL/PIR/PIR.o
 .debug_info    0x000020bc      0x3d6 HAL/RFID/RFID.o
 .debug_info    0x00002492       0xb5 main.o
 .debug_info    0x00002547      0x1ba MCAL/EXTI/EXT_INT_program.o
 .debug_info    0x00002701      0x304 MCAL/GPIO/GPIO_program.o
 .debug_info    0x00002a05      0x50e MCAL/PWM/PWM_Program.o
 .debug_info    0x00002f13      0x344 MCAL/SPI/SPI_Program.o
 .debug_info    0x00003257      0x667 MCAL/UART/USART_Program.o

.debug_abbrev   0x00000000     0x1397
 *(.debug_abbrev)
 .debug_abbrev  0x00000000      0x4e7 C:/Program Files (x86)/Atmel/Studio/7.0/Packs/atmel/ATmega_DFP/1.7.374/gcc/dev/atmega16/avr5/crtatmega16.o
 .debug_abbrev  0x000004e7      0x24c APP/APP.o
 .debug_abbrev  0x00000733       0xe2 HAL/Gate/GateControl.o
 .debug_abbrev  0x00000815      0x201 HAL/LCD/LCD.o
 .debug_abbrev  0x00000a16       0xa7 HAL/PIR/PIR.o
 .debug_abbrev  0x00000abd      0x179 HAL/RFID/RFID.o
 .debug_abbrev  0x00000c36       0x68 main.o
 .debug_abbrev  0x00000c9e       0xc0 MCAL/EXTI/EXT_INT_program.o
 .debug_abbrev  0x00000d5e      0x126 MCAL/GPIO/GPIO_program.o
 .debug_abbrev  0x00000e84      0x227 MCAL/PWM/PWM_Program.o
 .debug_abbrev  0x000010ab      0x101 MCAL/SPI/SPI_Program.o
 .debug_abbrev  0x000011ac      0x1eb MCAL/UART/USART_Program.o

.debug_line     0x00000000     0x1ef6
 *(.debug_line .debug_line.* .debug_line_end)
 .debug_line    0x00000000      0x116 C:/Program Files (x86)/Atmel/Studio/7.0/Packs/atmel/ATmega_DFP/1.7.374/gcc/dev/atmega16/avr5/crtatmega16.o
 .debug_line    0x00000116      0x53c APP/APP.o
 .debug_line    0x00000652      0x12f HAL/Gate/GateControl.o
 .debug_line    0x00000781      0x447 HAL/LCD/LCD.o
 .debug_line    0x00000bc8       0xbd HAL/PIR/PIR.o
 .debug_line    0x00000c85      0x189 HAL/RFID/RFID.o
 .debug_line    0x00000e0e       0x59 main.o
 .debug_line    0x00000e67      0x291 MCAL/EXTI/EXT_INT_program.o
 .debug_line    0x000010f8      0x4a2 MCAL/GPIO/GPIO_program.o
 .debug_line    0x0000159a      0x36e MCAL/PWM/PWM_Program.o
 .debug_line    0x00001908      0x206 MCAL/SPI/SPI_Program.o
 .debug_line    0x00001b0e      0x3e8 MCAL/UART/USART_Program.o

.debug_frame    0x00000000      0x844
 *(.debug_frame)
 .debug_frame   0x00000000      0x118 APP/APP.o
 .debug_frame   0x00000118       0x44 HAL/Gate/GateControl.o
 .debug_frame   0x0000015c      0x134 HAL/LCD/LCD.o
 .debug_frame   0x00000290       0x34 HAL/PIR/PIR.o
 .debug_frame   0x000002c4       0x58 HAL/RFID/RFID.o
 .debug_frame   0x0000031c       0x24 main.o
 .debug_frame   0x00000340      0x17c MCAL/EXTI/EXT_INT_program.o
 .debug_frame   0x000004bc       0xa4 MCAL/GPIO/GPIO_program.o
 .debug_frame   0x00000560       0xd0 MCAL/PWM/PWM_Program.o
 .debug_frame   0x00000630       0xa4 MCAL/SPI/SPI_Program.o
 .debug_frame   0x000006d4      0x170 MCAL/UART/USART_Program.o

.debug_str      0x00000000     0x16f5
 *(.debug_str)
 .debug_str     0x00000000      0x1af C:/Program Files (x86)/Atmel/Studio/7.0/Packs/atmel/ATmega_DFP/1.7.374/gcc/dev/atmega16/avr5/crtatmega16.o
 .debug_str     0x000001af      0x77d APP/APP.o
                                0x7d8 (size before relaxing)
 .debug_str     0x0000092c      0x351 HAL/Gate/GateControl.o
                                0x636 (size before relaxing)
 .debug_str     0x00000c7d       0xf7 HAL/LCD/LCD.o
                                0x396 (size before relaxing)
 .debug_str     0x00000d74       0x31 HAL/PIR/PIR.o
                                0x1b3 (size before relaxing)
 .debug_str     0x00000da5      0x23d HAL/RFID/RFID.o
                                0x3be (size before relaxing)
 .debug_str     0x00000fe2       0x11 main.o
                                0x1a3 (size before relaxing)
 .debug_str     0x00000ff3      0x108 MCAL/EXTI/EXT_INT_program.o
                                0x258 (size before relaxing)
 .debug_str     0x000010fb       0xbc MCAL/GPIO/GPIO_program.o
                                0x271 (size before relaxing)
 .debug_str     0x000011b7      0x12a MCAL/PWM/PWM_Program.o
                                0x6ac (size before relaxing)
 .debug_str     0x000012e1      0x11a MCAL/SPI/SPI_Program.o
                                0x469 (size before relaxing)
 .debug_str     0x000013fb      0x2fa MCAL/UART/USART_Program.o
                                0x5e9 (size before relaxing)

.debug_loc      0x00000000     0x211a
 *(.debug_loc)
 .debug_loc     0x00000000      0x40f APP/APP.o
 .debug_loc     0x0000040f      0x881 HAL/LCD/LCD.o
 .debug_loc     0x00000c90       0x1f HAL/PIR/PIR.o
 .debug_loc     0x00000caf       0xc7 HAL/RFID/RFID.o
 .debug_loc     0x00000d76      0x409 MCAL/EXTI/EXT_INT_program.o
 .debug_loc     0x0000117f      0x4d0 MCAL/GPIO/GPIO_program.o
 .debug_loc     0x0000164f      0x5bf MCAL/PWM/PWM_Program.o
 .debug_loc     0x00001c0e       0xb7 MCAL/SPI/SPI_Program.o
 .debug_loc     0x00001cc5      0x455 MCAL/UART/USART_Program.o

.debug_macinfo
 *(.debug_macinfo)

.debug_weaknames
 *(.debug_weaknames)

.debug_funcnames
 *(.debug_funcnames)

.debug_typenames
 *(.debug_typenames)

.debug_varnames
 *(.debug_varnames)

.debug_pubtypes
 *(.debug_pubtypes)

.debug_ranges   0x00000000      0x2f8
 *(.debug_ranges)
 .debug_ranges  0x00000000       0x58 APP/APP.o
 .debug_ranges  0x00000058       0x20 HAL/Gate/GateControl.o
 .debug_ranges  0x00000078       0x60 HAL/LCD/LCD.o
 .debug_ranges  0x000000d8       0x18 HAL/PIR/PIR.o
 .debug_ranges  0x000000f0       0x20 HAL/RFID/RFID.o
 .debug_ranges  0x00000110       0x10 main.o
 .debug_ranges  0x00000120       0x50 MCAL/EXTI/EXT_INT_program.o
 .debug_ranges  0x00000170       0x50 MCAL/GPIO/GPIO_program.o
 .debug_ranges  0x000001c0       0x50 MCAL/PWM/PWM_Program.o
 .debug_ranges  0x00000210       0x50 MCAL/SPI/SPI_Program.o
 .debug_ranges  0x00000260       0x98 MCAL/UART/USART_Program.o

.debug_macro
 *(.debug_macro)
OUTPUT(ECU1_EntranceGate.elf elf32-avr)
LOAD linker stubs
