Archive member included to satisfy reference by file (symbol)

c:/st/stm32cubeide_1.4.0/stm32cubeide/plugins/com.st.stm32cube.ide.mcu.externaltools.gnu-tools-for-stm32.7-2018-q2-update.win32_1.4.0.202007081208/tools/bin/../lib/gcc/arm-none-eabi/7.3.1/../../../../arm-none-eabi/lib/thumb/v7-m\libc_nano.a(lib_a-errno.o)
                              Src/syscalls.o (__errno)
c:/st/stm32cubeide_1.4.0/stm32cubeide/plugins/com.st.stm32cube.ide.mcu.externaltools.gnu-tools-for-stm32.7-2018-q2-update.win32_1.4.0.202007081208/tools/bin/../lib/gcc/arm-none-eabi/7.3.1/../../../../arm-none-eabi/lib/thumb/v7-m\libc_nano.a(lib_a-exit.o)
                              c:/st/stm32cubeide_1.4.0/stm32cubeide/plugins/com.st.stm32cube.ide.mcu.externaltools.gnu-tools-for-stm32.7-2018-q2-update.win32_1.4.0.202007081208/tools/bin/../lib/gcc/arm-none-eabi/7.3.1/../../../../arm-none-eabi/lib/thumb/v7-m/crt0.o (exit)
c:/st/stm32cubeide_1.4.0/stm32cubeide/plugins/com.st.stm32cube.ide.mcu.externaltools.gnu-tools-for-stm32.7-2018-q2-update.win32_1.4.0.202007081208/tools/bin/../lib/gcc/arm-none-eabi/7.3.1/../../../../arm-none-eabi/lib/thumb/v7-m\libc_nano.a(lib_a-impure.o)
                              c:/st/stm32cubeide_1.4.0/stm32cubeide/plugins/com.st.stm32cube.ide.mcu.externaltools.gnu-tools-for-stm32.7-2018-q2-update.win32_1.4.0.202007081208/tools/bin/../lib/gcc/arm-none-eabi/7.3.1/../../../../arm-none-eabi/lib/thumb/v7-m\libc_nano.a(lib_a-exit.o) (_global_impure_ptr)
c:/st/stm32cubeide_1.4.0/stm32cubeide/plugins/com.st.stm32cube.ide.mcu.externaltools.gnu-tools-for-stm32.7-2018-q2-update.win32_1.4.0.202007081208/tools/bin/../lib/gcc/arm-none-eabi/7.3.1/../../../../arm-none-eabi/lib/thumb/v7-m\libc_nano.a(lib_a-init.o)
                              c:/st/stm32cubeide_1.4.0/stm32cubeide/plugins/com.st.stm32cube.ide.mcu.externaltools.gnu-tools-for-stm32.7-2018-q2-update.win32_1.4.0.202007081208/tools/bin/../lib/gcc/arm-none-eabi/7.3.1/../../../../arm-none-eabi/lib/thumb/v7-m/crt0.o (__libc_init_array)
c:/st/stm32cubeide_1.4.0/stm32cubeide/plugins/com.st.stm32cube.ide.mcu.externaltools.gnu-tools-for-stm32.7-2018-q2-update.win32_1.4.0.202007081208/tools/bin/../lib/gcc/arm-none-eabi/7.3.1/../../../../arm-none-eabi/lib/thumb/v7-m\libc_nano.a(lib_a-itoa.o)
                              Inc/HAL/LCD/LCD.o (itoa)
c:/st/stm32cubeide_1.4.0/stm32cubeide/plugins/com.st.stm32cube.ide.mcu.externaltools.gnu-tools-for-stm32.7-2018-q2-update.win32_1.4.0.202007081208/tools/bin/../lib/gcc/arm-none-eabi/7.3.1/../../../../arm-none-eabi/lib/thumb/v7-m\libc_nano.a(lib_a-memset.o)
                              c:/st/stm32cubeide_1.4.0/stm32cubeide/plugins/com.st.stm32cube.ide.mcu.externaltools.gnu-tools-for-stm32.7-2018-q2-update.win32_1.4.0.202007081208/tools/bin/../lib/gcc/arm-none-eabi/7.3.1/../../../../arm-none-eabi/lib/thumb/v7-m/crt0.o (memset)
c:/st/stm32cubeide_1.4.0/stm32cubeide/plugins/com.st.stm32cube.ide.mcu.externaltools.gnu-tools-for-stm32.7-2018-q2-update.win32_1.4.0.202007081208/tools/bin/../lib/gcc/arm-none-eabi/7.3.1/../../../../arm-none-eabi/lib/thumb/v7-m\libc_nano.a(lib_a-utoa.o)
                              c:/st/stm32cubeide_1.4.0/stm32cubeide/plugins/com.st.stm32cube.ide.mcu.externaltools.gnu-tools-for-stm32.7-2018-q2-update.win32_1.4.0.202007081208/tools/bin/../lib/gcc/arm-none-eabi/7.3.1/../../../../arm-none-eabi/lib/thumb/v7-m\libc_nano.a(lib_a-itoa.o) (__utoa)
c:/st/stm32cubeide_1.4.0/stm32cubeide/plugins/com.st.stm32cube.ide.mcu.externaltools.gnu-tools-for-stm32.7-2018-q2-update.win32_1.4.0.202007081208/tools/bin/../lib/gcc/arm-none-eabi/7.3.1/thumb/v7-m\libgcc.a(_arm_addsubdf3.o)
                              Inc/MCAL/UART/USART_program.o (__aeabi_ui2d)
c:/st/stm32cubeide_1.4.0/stm32cubeide/plugins/com.st.stm32cube.ide.mcu.externaltools.gnu-tools-for-stm32.7-2018-q2-update.win32_1.4.0.202007081208/tools/bin/../lib/gcc/arm-none-eabi/7.3.1/thumb/v7-m\libgcc.a(_arm_muldivdf3.o)
                              Inc/MCAL/UART/USART_program.o (__aeabi_dmul)
c:/st/stm32cubeide_1.4.0/stm32cubeide/plugins/com.st.stm32cube.ide.mcu.externaltools.gnu-tools-for-stm32.7-2018-q2-update.win32_1.4.0.202007081208/tools/bin/../lib/gcc/arm-none-eabi/7.3.1/thumb/v7-m\libgcc.a(_arm_fixunsdfsi.o)
                              Inc/MCAL/UART/USART_program.o (__aeabi_d2uiz)

Allocating common symbols
Common symbol       size              file

myKeypad            0x10              Inc/APP/APP.o
Glob_u8AdminArr     0x2c              Inc/APP/APP.o
Glob_u8NumberOfCurrentUsers
                    0x1               Inc/APP/APP.o
Glob_u8DriverArr    0x42              Inc/APP/APP.o
STK_u8ModeOfInterval
                    0x1               Inc/MCAL/SYSTICK/STK_program.o

Discarded input sections

[...]
Memory Configuration

Name             Origin             Length             Attributes
RAM              0x0000000020000000 0x0000000000002800 xrw
ROM              0x0000000008000000 0x0000000000008000 xr
*default*        0x0000000000000000 0xffffffffffffffff

Linker script and memory map

LOAD c:/st/stm32cubeide_1.4.0/stm32cubeide/plugins/com.st.stm32cube.ide.mcu.externaltools.gnu-tools-for-stm32.7-2018-q2-update.win32_1.4.0.202007081208/tools/bin/../lib/gcc/arm-none-eabi/7.3.1/thumb/v7-m/crti.o
LOAD c:/st/stm32cubeide_1.4.0/stm32cubeide/plugins/com.st.stm32cube.ide.mcu.externaltools.gnu-tools-for-stm32.7-2018-q2-update.win32_1.4.0.202007081208/tools/bin/../lib/gcc/arm-none-eabi/7.3.1/thumb/v7-m/crtbegin.o
LOAD c:/st/stm32cubeide_1.4.0/stm32cubeide/plugins/com.st.stm32cube.ide.mcu.externaltools.gnu-tools-for-stm32.7-2018-q2-update.win32_1.4.0.202007081208/tools/bin/../lib/gcc/arm-none-eabi/7.3.1/../../../../arm-none-eabi/lib/thumb/v7-m/crt0.o
LOAD Inc/APP/APP.o
LOAD Inc/HAL/Buzzer/Buzzer.o
LOAD Inc/HAL/KeyPad/KeyPad.o
LOAD Inc/HAL/LCD/LCD.o
LOAD Inc/HAL/_7Segment/_7Segment.o
LOAD Inc/MCAL/AFIO/AFIO_program.o
LOAD Inc/MCAL/EXTI/EXTI_program.o
LOAD Inc/MCAL/GPIO/GPIO_program.o
LOAD Inc/MCAL/NVIC/NVIC_program.o
LOAD Inc/MCAL/RCC/RCC_program.o
LOAD Inc/MCAL/SPI/SPI_program.o
LOAD Inc/MCAL/SYSTICK/STK_program.o
LOAD Inc/MCAL/UART/USART_program.o
LOAD Src/main.o
LOAD Src/syscalls.o
LOAD Src/sysmem.o
LOAD Startup/startup_stm32f103c6tx.o
START GROUP
LOAD c:/st/stm32cubeide_1.4.0/stm32cubeide/plugins/com.st.stm32cube.ide.mcu.externaltools.gnu-tools-for-stm32.7-2018-q2-update.win32_1.4.0.202007081208/tools/bin/../lib/gcc/arm-none-eabi/7.3.1/../../../../arm-none-eabi/lib/thumb/v7-m\libc_nano.a
LOAD c:/st/stm32cubeide_1.4.0/stm32cubeide/plugins/com.st.stm32cube.ide.mcu.externaltools.gnu-tools-for-stm32.7-2018-q2-update.win32_1.4.0.202007081208/tools/bin/../lib/gcc/arm-none-eabi/7.3.1/../../../../arm-none-eabi/lib/thumb/v7-m\libm.a
END GROUP
START GROUP
LOAD c:/st/stm32cubeide_1.4.0/stm32cubeide/plugins/com.st.stm32cube.ide.mcu.externaltools.gnu-tools-for-stm32.7-2018-q2-update.win32_1.4.0.202007081208/tools/bin/../lib/gcc/arm-none-eabi/7.3.1/thumb/v7-m\libgcc.a
LOAD c:/st/stm32cubeide_1.4.0/stm32cubeide/plugins/com.st.stm32cube.ide.mcu.externaltools.gnu-tools-for-stm32.7-2018-q2-update.win32_1.4.0.202007081208/tools/bin/../lib/gcc/arm-none-eabi/7.3.1/../../../../arm-none-eabi/lib/thumb/v7-m\libg_nano.a
LOAD c:/st/stm32cubeide_1.4.0/stm32cubeide/plugins/com.st.stm32cube.ide.mcu.externaltools.gnu-tools-for-stm32.7-2018-q2-update.win32_1.4.0.202007081208/tools/bin/../lib/gcc/arm-none-eabi/7.3.1/../../../../arm-none-eabi/lib/thumb/v7-m\libc_nano.a
END GROUP
START GROUP
LOAD c:/st/stm32cubeide_1.4.0/stm32cubeide/plugins/com.st.stm32cube.ide.mcu.externaltools.gnu-tools-for-stm32.7-2018-q2-update.win32_1.4.0.202007081208/tools/bin/../lib/gcc/arm-none-eabi/7.3.1/thumb/v7-m\libgcc.a
LOAD c:/st/stm32cubeide_1.4.0/stm32cubeide/plugins/com.st.stm32cube.ide.mcu.externaltools.gnu-tools-for-stm32.7-2018-q2-update.win32_1.4.0.202007081208/tools/bin/../lib/gcc/arm-none-eabi/7.3.1/../../../../arm-none-eabi/lib/thumb/v7-m\libc_nano.a
LOAD c:/st/stm32cubeide_1.4.0/stm32cubeide/plugins/com.st.stm32cube.ide.mcu.externaltools.gnu-tools-for-stm32.7-2018-q2-update.win32_1.4.0.202007081208/tools/bin/../lib/gcc/arm-none-eabi/7.3.1/../../../../arm-none-eabi/lib/thumb/v7-m\libnosys.a
END GROUP
START GROUP
LOAD c:/st/stm32cubeide_1.4.0/stm32cubeide/plugins/com.st.stm32cube.ide.mcu.externaltools.gnu-tools-for-stm32.7-2018-q2-update.win32_1.4.0.202007081208/tools/bin/../lib/gcc/arm-none-eabi/7.3.1/thumb/v7-m\libgcc.a
LOAD c:/st/stm32cubeide_1.4.0/stm32cubeide/plugins/com.st.stm32cube.ide.mcu.externaltools.gnu-tools-for-stm32.7-2018-q2-update.win32_1.4.0.202007081208/tools/bin/../lib/gcc/arm-none-eabi/7.3.1/../../../../arm-none-eabi/lib/thumb/v7-m\libc_nano.a
LOAD c:/st/stm32cubeide_1.4.0/stm32cubeide/plugins/com.st.stm32cube.ide.mcu.externaltools.gnu-tools-for-stm32.7-2018-q2-update.win32_1.4.0.202007081208/tools/bin/../lib/gcc/arm-none-eabi/7.3.1/../../../../arm-none-eabi/lib/thumb/v7-m\libnosys.a
END GROUP
LOAD c:/st/stm32cubeide_1.4.0/stm32cubeide/plugins/com.st.stm32cube.ide.mcu.externaltools.gnu-tools-for-stm32.7-2018-q2-update.win32_1.4.0.202007081208/tools/bin/../lib/gcc/arm-none-eabi/7.3.1/thumb/v7-m/crtend.o
LOAD c:/st/stm32cubeide_1.4.0/stm32cubeide/plugins/com.st.stm32cube.ide.mcu.externaltools.gnu-tools-for-stm32.7-2018-q2-update.win32_1.4.0.202007081208/tools/bin/../lib/gcc/arm-none-eabi/7.3.1/thumb/v7-m/crtn.o
                0x0000000020002800                _estack = (ORIGIN (RAM) + LENGTH (RAM))
                0x0000000000000200                _Min_Heap_Size = 0x200
                0x0000000000000400                _Min_Stack_Size = 0x400

.isr_vector     0x0000000008000000      0x130
                0x0000000008000000                . = ALIGN (0x4)
 *(.isr_vector)
 .isr_vector    0x0000000008000000      0x130 Startup/startup_stm32f103c6tx.o
                0x0000000008000000                g_pfnVectors
                0x0000000008000130                . = ALIGN (0x4)

.text           0x0000000008000130     0x4688
                0x0000000008000130                . = ALIGN (0x4)
 *(.text)
 .text          0x0000000008000130       0x40 c:/st/stm32cubeide_1.4.0/stm32cubeide/plugins/com.st.stm32cube.ide.mcu.externaltools.gnu-tools-for-stm32.7-2018-q2-update.win32_1.4.0.202007081208/tools/bin/../lib/gcc/arm-none-eabi/7.3.1/thumb/v7-m/crtbegin.o
 .text          0x0000000008000170      0x378 c:/st/stm32cubeide_1.4.0/stm32cubeide/plugins/com.st.stm32cube.ide.mcu.externaltools.gnu-tools-for-stm32.7-2018-q2-update.win32_1.4.0.202007081208/tools/bin/../lib/gcc/arm-none-eabi/7.3.1/thumb/v7-m\libgcc.a(_arm_addsubdf3.o)
                0x0000000008000170                __aeabi_drsub
                0x0000000008000178                __aeabi_dsub
                0x0000000008000178                __subdf3
                0x000000000800017c                __aeabi_dadd
                0x000000000800017c                __adddf3
                0x00000000080003f4                __floatunsidf
                0x00000000080003f4                __aeabi_ui2d
                0x0000000008000414                __floatsidf
                0x0000000008000414                __aeabi_i2d
                0x0000000008000438                __aeabi_f2d
                0x0000000008000438                __extendsfdf2
                0x000000000800047c                __floatundidf
                0x000000000800047c                __aeabi_ul2d
                0x000000000800048c                __floatdidf
                0x000000000800048c                __aeabi_l2d
 .text          0x00000000080004e8      0x424 c:/st/stm32cubeide_1.4.0/stm32cubeide/plugins/com.st.stm32cube.ide.mcu.externaltools.gnu-tools-for-stm32.7-2018-q2-update.win32_1.4.0.202007081208/tools/bin/../lib/gcc/arm-none-eabi/7.3.1/thumb/v7-m\libgcc.a(_arm_muldivdf3.o)
                0x00000000080004e8                __aeabi_dmul
                0x00000000080004e8                __muldf3
                0x000000000800073c                __divdf3
                0x000000000800073c                __aeabi_ddiv
 .text          0x000000000800090c       0x40 c:/st/stm32cubeide_1.4.0/stm32cubeide/plugins/com.st.stm32cube.ide.mcu.externaltools.gnu-tools-for-stm32.7-2018-q2-update.win32_1.4.0.202007081208/tools/bin/../lib/gcc/arm-none-eabi/7.3.1/thumb/v7-m\libgcc.a(_arm_fixunsdfsi.o)
                0x000000000800090c                __aeabi_d2uiz
                0x000000000800090c                __fixunsdfsi
 *(.text*)
 .text.xDelay   0x000000000800094c       0x36 Inc/APP/APP.o
                0x000000000800094c                xDelay
 *fill*         0x0000000008000982        0x2 
 .text.System_voidFillAdminsData
                0x0000000008000984       0xb8 Inc/APP/APP.o
 .text.System_voidFillDriverssData
                0x0000000008000a3c       0xd0 Inc/APP/APP.o
 .text.System_u8ValidateAdminData
                0x0000000008000b0c      0x238 Inc/APP/APP.o
 .text.System_voidAddNewUser
                0x0000000008000d44      0x22c Inc/APP/APP.o
 .text.System_VoidDeleteUser
                0x0000000008000f70      0x34c Inc/APP/APP.o
 .text.compTwoStrings
                0x00000000080012bc       0x58 Inc/APP/APP.o
                0x00000000080012bc                compTwoStrings
 .text.SPI_voidSetup
                0x0000000008001314       0x80 Inc/APP/APP.o
 .text.LCD_voidSetup
                0x0000000008001394       0x6c Inc/APP/APP.o
 .text.UART_voidSetup
                0x0000000008001400       0x68 Inc/APP/APP.o
                0x0000000008001400                UART_voidSetup
 .text.progressBar
                0x0000000008001468       0x6c Inc/APP/APP.o
 .text.DeletingBar
                0x00000000080014d4       0x98 Inc/APP/APP.o
 .text.AddinggBar
                0x000000000800156c       0x98 Inc/APP/APP.o
 .text.LCD_voidMainScreen
                0x0000000008001604       0x68 Inc/APP/APP.o
 .text.LCD_voidAdminOptions
                0x000000000800166c       0x68 Inc/APP/APP.o
 .text.LCD_voidStatusOptions
                0x00000000080016d4       0x80 Inc/APP/APP.o
 .text.LCD_AddDriver
                0x0000000008001754       0x40 Inc/APP/APP.o
 .text.LCD_voidDeleteDriver
                0x0000000008001794       0x40 Inc/APP/APP.o
 .text.LCD_voidDeletingOptions
                0x00000000080017d4       0x70 Inc/APP/APP.o
 .text.keypad_voidSetup
                0x0000000008001844       0x3c Inc/APP/APP.o
 .text._7Segnent_voidSetup
                0x0000000008001880       0x60 Inc/APP/APP.o
                0x0000000008001880                _7Segnent_voidSetup
 .text.EXTI_voidSetup
                0x00000000080018e0       0x58 Inc/APP/APP.o
 .text.ECU3_Dashboard_APP_SETUP
                0x0000000008001938       0x68 Inc/APP/APP.o
                0x0000000008001938                ECU3_Dashboard_APP_SETUP
 .text.ECU3_Dashboard_APP_LOOP
                0x00000000080019a0      0x134 Inc/APP/APP.o
                0x00000000080019a0                ECU3_Dashboard_APP_LOOP
 .text.ECU1_Callback
                0x0000000008001ad4      0x210 Inc/APP/APP.o
 .text.ECU3_Callback
                0x0000000008001ce4      0x210 Inc/APP/APP.o
 .text.Tiner_voidCallback
                0x0000000008001ef4       0x1c Inc/APP/APP.o
 .text.HAL_KeyPadInit
                0x0000000008001f10       0xc0 Inc/HAL/KeyPad/KeyPad.o
                0x0000000008001f10                HAL_KeyPadInit
 .text.HAL_KeyPadGetPressedKey
                0x0000000008001fd0      0x140 Inc/HAL/KeyPad/KeyPad.o
                0x0000000008001fd0                HAL_KeyPadGetPressedKey
 .text.xDelay   0x0000000008002110       0x36 Inc/HAL/LCD/LCD.o
 .text.LCD_voidInit
                0x0000000008002146       0xcc Inc/HAL/LCD/LCD.o
                0x0000000008002146                LCD_voidInit
 .text.LCD_voidSendChar
                0x0000000008002212      0x1ba Inc/HAL/LCD/LCD.o
                0x0000000008002212                LCD_voidSendChar
 .text.LCD_voidSendString
                0x00000000080023cc       0x3a Inc/HAL/LCD/LCD.o
                0x00000000080023cc                LCD_voidSendString
 .text.LCD_voidSetCursorType
                0x0000000008002406       0x1e Inc/HAL/LCD/LCD.o
                0x0000000008002406                LCD_voidSetCursorType
 .text.LCD_voidGotoXY
                0x0000000008002424       0x6a Inc/HAL/LCD/LCD.o
                0x0000000008002424                LCD_voidGotoXY
 .text.LCD_voidClear
                0x000000000800248e       0x26 Inc/HAL/LCD/LCD.o
                0x000000000800248e                LCD_voidClear
 .text.LCD_voidStoreCustomChar
                0x00000000080024b4       0x62 Inc/HAL/LCD/LCD.o
                0x00000000080024b4                LCD_voidStoreCustomChar
 .text.LCD_voidSendNumber
                0x0000000008002516       0x3c Inc/HAL/LCD/LCD.o
                0x0000000008002516                LCD_voidSendNumber
 .text.LCD_voidWriteCmd
                0x0000000008002552      0x1ba Inc/HAL/LCD/LCD.o
 .text.HAL_7SegmentInit
                0x000000000800270c       0xdc Inc/HAL/_7Segment/_7Segment.o
                0x000000000800270c                HAL_7SegmentInit
 .text.HAL_7SegmentWriteNumber
                0x00000000080027e8       0x58 Inc/HAL/_7Segment/_7Segment.o
                0x00000000080027e8                HAL_7SegmentWriteNumber
 .text._7sevenSegmentErrorChecking
                0x0000000008002840       0x3c Inc/HAL/_7Segment/_7Segment.o
 .text._7SegZero
                0x000000000800287c       0xf2 Inc/HAL/_7Segment/_7Segment.o
 .text._7SegOne
                0x000000000800296e      0x124 Inc/HAL/_7Segment/_7Segment.o
 .text._7SegTwo
                0x0000000008002a92      0x106 Inc/HAL/_7Segment/_7Segment.o
 .text._7SegThree
                0x0000000008002b98      0x110 Inc/HAL/_7Segment/_7Segment.o
 .text._7SegFour
                0x0000000008002ca8      0x110 Inc/HAL/_7Segment/_7Segment.o
 .text._7SegFive
                0x0000000008002db8      0x110 Inc/HAL/_7Segment/_7Segment.o
 .text._7SegSix
                0x0000000008002ec8      0x106 Inc/HAL/_7Segment/_7Segment.o
 .text._7SegSeven
                0x0000000008002fce      0x12e Inc/HAL/_7Segment/_7Segment.o
 .text._7SegEight
                0x00000000080030fc       0xf2 Inc/HAL/_7Segment/_7Segment.o
 .text._7SegNine
                0x00000000080031ee      0x106 Inc/HAL/_7Segment/_7Segment.o
 .text.AFIO_voidEXTIConfiguration
                0x00000000080032f4       0x7c Inc/MCAL/AFIO/AFIO_program.o
                0x00000000080032f4                AFIO_voidEXTIConfiguration
 .text.EXTI_voidInitLine
                0x0000000008003370       0xac Inc/MCAL/EXTI/EXTI_program.o
                0x0000000008003370                EXTI_voidInitLine
 .text.EXTI_voidEnableEXTI
                0x000000000800341c       0x2c Inc/MCAL/EXTI/EXTI_program.o
                0x000000000800341c                EXTI_voidEnableEXTI
 .text.EXTI_voidSetCallBackFCN
                0x0000000008003448       0x24 Inc/MCAL/EXTI/EXTI_program.o
                0x0000000008003448                EXTI_voidSetCallBackFCN
 .text.EXTI0_IRQHandler
                0x000000000800346c       0x24 Inc/MCAL/EXTI/EXTI_program.o
                0x000000000800346c                EXTI0_IRQHandler
 .text.EXTI1_IRQHandler
                0x0000000008003490       0x24 Inc/MCAL/EXTI/EXTI_program.o
                0x0000000008003490                EXTI1_IRQHandler
 .text.EXTI2_IRQHandler
                0x00000000080034b4       0x24 Inc/MCAL/EXTI/EXTI_program.o
                0x00000000080034b4                EXTI2_IRQHandler
 .text.EXTI3_IRQHandler
                0x00000000080034d8       0x24 Inc/MCAL/EXTI/EXTI_program.o
                0x00000000080034d8                EXTI3_IRQHandler
 .text.EXTI4_IRQHandler
                0x00000000080034fc       0x24 Inc/MCAL/EXTI/EXTI_program.o
                0x00000000080034fc                EXTI4_IRQHandler
 .text.GPIO_voidSetPinDirection
                0x0000000008003520      0x18c Inc/MCAL/GPIO/GPIO_program.o
                0x0000000008003520                GPIO_voidSetPinDirection
 .text.GPIO_voidSetPinValue
                0x00000000080036ac       0xac Inc/MCAL/GPIO/GPIO_program.o
                0x00000000080036ac                GPIO_voidSetPinValue
 .text.GPIO_u8GetPinValue
                0x0000000008003758       0x78 Inc/MCAL/GPIO/GPIO_program.o
                0x0000000008003758                GPIO_u8GetPinValue
 .text.GPIO_u8ChoosePullMode
                0x00000000080037d0       0xec Inc/MCAL/GPIO/GPIO_program.o
                0x00000000080037d0                GPIO_u8ChoosePullMode
 .text.NVIC_voidEnableInterrupt
                0x00000000080038bc       0x58 Inc/MCAL/NVIC/NVIC_program.o
                0x00000000080038bc                NVIC_voidEnableInterrupt
 .text.RCC_voidEnableClock
                0x0000000008003914       0x80 Inc/MCAL/RCC/RCC_program.o
                0x0000000008003914                RCC_voidEnableClock
 .text.RCC_voidInitSysClocks
                0x0000000008003994       0x9c Inc/MCAL/RCC/RCC_program.o
                0x0000000008003994                RCC_voidInitSysClocks
 .text.SPI_voidInit
                0x0000000008003a30      0x104 Inc/MCAL/SPI/SPI_program.o
                0x0000000008003a30                SPI_voidInit
 .text.SPI_voidSend_RecieveDataSynch
                0x0000000008003b34       0x8c Inc/MCAL/SPI/SPI_program.o
                0x0000000008003b34                SPI_voidSend_RecieveDataSynch
 .text.SPI_VoidGPIO_SetPins
                0x0000000008003bc0      0x160 Inc/MCAL/SPI/SPI_program.o
                0x0000000008003bc0                SPI_VoidGPIO_SetPins
 .text.SPI1_IRQHandler
                0x0000000008003d20       0x5c Inc/MCAL/SPI/SPI_program.o
                0x0000000008003d20                SPI1_IRQHandler
 .text.SPI2_IRQHandler
                0x0000000008003d7c       0x5c Inc/MCAL/SPI/SPI_program.o
                0x0000000008003d7c                SPI2_IRQHandler
 .text.STK_u32ConfigInterval
                0x0000000008003dd8       0x28 Inc/MCAL/SYSTICK/STK_program.o
 .text.STK_voidInit
                0x0000000008003e00       0x20 Inc/MCAL/SYSTICK/STK_program.o
                0x0000000008003e00                STK_voidInit
 .text.STK_voidSetIntervalPeriodic_MS
                0x0000000008003e20       0x64 Inc/MCAL/SYSTICK/STK_program.o
                0x0000000008003e20                STK_voidSetIntervalPeriodic_MS
 .text.SysTick_Handler
                0x0000000008003e84       0x60 Inc/MCAL/SYSTICK/STK_program.o
                0x0000000008003e84                SysTick_Handler
 .text.USART_voidInit
                0x0000000008003ee4       0xf0 Inc/MCAL/UART/USART_program.o
                0x0000000008003ee4                USART_voidInit
 .text.USART_voidSendDataSynch
                0x0000000008003fd4       0xb0 Inc/MCAL/UART/USART_program.o
                0x0000000008003fd4                USART_voidSendDataSynch
 .text.USART_voidReceiveDataSynch
                0x0000000008004084      0x220 Inc/MCAL/UART/USART_program.o
                0x0000000008004084                USART_voidReceiveDataSynch
 .text.USART_voidBuadRateCalc
                0x00000000080042a4       0xb8 Inc/MCAL/UART/USART_program.o
                0x00000000080042a4                USART_voidBuadRateCalc
 .text.USART__VoidGPIO_SetPins
                0x000000000800435c      0x1fc Inc/MCAL/UART/USART_program.o
                0x000000000800435c                USART__VoidGPIO_SetPins
 .text.USART1_IRQHandler
                0x0000000008004558       0x38 Inc/MCAL/UART/USART_program.o
                0x0000000008004558                USART1_IRQHandler
 .text.USART2_IRQHandler
                0x0000000008004590       0x38 Inc/MCAL/UART/USART_program.o
                0x0000000008004590                USART2_IRQHandler
 .text.USART3_IRQHandler
                0x00000000080045c8       0x3c Inc/MCAL/UART/USART_program.o
                0x00000000080045c8                USART3_IRQHandler
 .text.USART_voidSendStringWithDelimiterSynch
                0x0000000008004604       0x42 Inc/MCAL/UART/USART_program.o
                0x0000000008004604                USART_voidSendStringWithDelimiterSynch
 .text.main     0x0000000008004646        0xe Src/main.o
                0x0000000008004646                main
 .text.Reset_Handler
                0x0000000008004654       0x50 Startup/startup_stm32f103c6tx.o
                0x0000000008004654                Reset_Handler
 .text.Default_Handler
                0x00000000080046a4        0x2 Startup/startup_stm32f103c6tx.o
                0x00000000080046a4                TIM8_TRG_COM_IRQHandler
                0x00000000080046a4                TIM8_CC_IRQHandler
                0x00000000080046a4                DebugMon_Handler
                0x00000000080046a4                TIM1_CC_IRQHandler
                0x00000000080046a4                HardFault_Handler
                0x00000000080046a4                TIM6_IRQHandler
                0x00000000080046a4                PVD_IRQHandler
                0x00000000080046a4                SDIO_IRQHandler
                0x00000000080046a4                PendSV_Handler
                0x00000000080046a4                NMI_Handler
                0x00000000080046a4                USB_HP_CAN_TX_IRQHandler
                0x00000000080046a4                I2C2_EV_IRQHandler
                0x00000000080046a4                UsageFault_Handler
                0x00000000080046a4                ADC1_2_IRQHandler
                0x00000000080046a4                CAN_SCE_IRQHandler
                0x00000000080046a4                TAMPER_IRQHandler
                0x00000000080046a4                TIM8_UP_IRQHandler
                0x00000000080046a4                DMA2_Channel2_IRQHandler
                0x00000000080046a4                DMA1_Channel4_IRQHandler
                0x00000000080046a4                RTC_IRQHandler
                0x00000000080046a4                DMA1_Channel7_IRQHandler
                0x00000000080046a4                UART5_IRQHandler
                0x00000000080046a4                ADC3_IRQHandler
                0x00000000080046a4                TIM4_IRQHandler
                0x00000000080046a4                CAN_RX1_IRQHandler
                0x00000000080046a4                DMA2_Channel1_IRQHandler
                0x00000000080046a4                I2C1_EV_IRQHandler
                0x00000000080046a4                DMA1_Channel6_IRQHandler
                0x00000000080046a4                UART4_IRQHandler
                0x00000000080046a4                TIM3_IRQHandler
                0x00000000080046a4                RCC_IRQHandler
                0x00000000080046a4                TIM1_TRG_COM_IRQHandler
                0x00000000080046a4                DMA1_Channel1_IRQHandler
                0x00000000080046a4                Default_Handler
                0x00000000080046a4                EXTI15_10_IRQHandler
                0x00000000080046a4                TIM7_IRQHandler
                0x00000000080046a4                TIM5_IRQHandler
                0x00000000080046a4                EXTI9_5_IRQHandler
                0x00000000080046a4                USB_LP_CAN_RX0_IRQHandler
                0x00000000080046a4                MemManage_Handler
                0x00000000080046a4                SVC_Handler
                0x00000000080046a4                DMA1_Channel5_IRQHandler
                0x00000000080046a4                DMA1_Channel3_IRQHandler
                0x00000000080046a4                FSMC_IRQHandler
                0x00000000080046a4                TIM1_UP_IRQHandler
                0x00000000080046a4                WWDG_IRQHandler
                0x00000000080046a4                TIM2_IRQHandler
                0x00000000080046a4                TIM1_BRK_IRQHandler
                0x00000000080046a4                RTCAlarm_IRQHandler
                0x00000000080046a4                DMA2_Channel4_5_IRQHandler
                0x00000000080046a4                I2C2_ER_IRQHandler
                0x00000000080046a4                DMA1_Channel2_IRQHandler
                0x00000000080046a4                TIM8_BRK_IRQHandler
                0x00000000080046a4                FLASH_IRQHandler
                0x00000000080046a4                BusFault_Handler
                0x00000000080046a4                SPI3_IRQHandler
                0x00000000080046a4                I2C1_ER_IRQHandler
                0x00000000080046a4                DMA2_Channel3_IRQHandler
 *fill*         0x00000000080046a6        0x2 
 .text.__libc_init_array
                0x00000000080046a8       0x48 c:/st/stm32cubeide_1.4.0/stm32cubeide/plugins/com.st.stm32cube.ide.mcu.externaltools.gnu-tools-for-stm32.7-2018-q2-update.win32_1.4.0.202007081208/tools/bin/../lib/gcc/arm-none-eabi/7.3.1/../../../../arm-none-eabi/lib/thumb/v7-m\libc_nano.a(lib_a-init.o)
                0x00000000080046a8                __libc_init_array
 .text.__itoa   0x00000000080046f0       0x30 c:/st/stm32cubeide_1.4.0/stm32cubeide/plugins/com.st.stm32cube.ide.mcu.externaltools.gnu-tools-for-stm32.7-2018-q2-update.win32_1.4.0.202007081208/tools/bin/../lib/gcc/arm-none-eabi/7.3.1/../../../../arm-none-eabi/lib/thumb/v7-m\libc_nano.a(lib_a-itoa.o)
                0x00000000080046f0                __itoa
 .text.itoa     0x0000000008004720        0x4 c:/st/stm32cubeide_1.4.0/stm32cubeide/plugins/com.st.stm32cube.ide.mcu.externaltools.gnu-tools-for-stm32.7-2018-q2-update.win32_1.4.0.202007081208/tools/bin/../lib/gcc/arm-none-eabi/7.3.1/../../../../arm-none-eabi/lib/thumb/v7-m\libc_nano.a(lib_a-itoa.o)
                0x0000000008004720                itoa
 .text.__utoa   0x0000000008004724       0x7c c:/st/stm32cubeide_1.4.0/stm32cubeide/plugins/com.st.stm32cube.ide.mcu.externaltools.gnu-tools-for-stm32.7-2018-q2-update.win32_1.4.0.202007081208/tools/bin/../lib/gcc/arm-none-eabi/7.3.1/../../../../arm-none-eabi/lib/thumb/v7-m\libc_nano.a(lib_a-utoa.o)
                0x0000000008004724                __utoa
 *(.glue_7)
 .glue_7        0x00000000080047a0        0x0 linker stubs
 *(.glue_7t)
 .glue_7t       0x00000000080047a0        0x0 linker stubs
 *(.eh_frame)
 .eh_frame      0x00000000080047a0        0x0 c:/st/stm32cubeide_1.4.0/stm32cubeide/plugins/com.st.stm32cube.ide.mcu.externaltools.gnu-tools-for-stm32.7-2018-q2-update.win32_1.4.0.202007081208/tools/bin/../lib/gcc/arm-none-eabi/7.3.1/thumb/v7-m/crtbegin.o
 *(.init)
 .init          0x00000000080047a0        0x4 c:/st/stm32cubeide_1.4.0/stm32cubeide/plugins/com.st.stm32cube.ide.mcu.externaltools.gnu-tools-for-stm32.7-2018-q2-update.win32_1.4.0.202007081208/tools/bin/../lib/gcc/arm-none-eabi/7.3.1/thumb/v7-m/crti.o
                0x00000000080047a0                _init
 .init          0x00000000080047a4        0x8 c:/st/stm32cubeide_1.4.0/stm32cubeide/plugins/com.st.stm32cube.ide.mcu.externaltools.gnu-tools-for-stm32.7-2018-q2-update.win32_1.4.0.202007081208/tools/bin/../lib/gcc/arm-none-eabi/7.3.1/thumb/v7-m/crtn.o
 *(.fini)
 .fini          0x00000000080047ac        0x4 c:/st/stm32cubeide_1.4.0/stm32cubeide/plugins/com.st.stm32cube.ide.mcu.externaltools.gnu-tools-for-stm32.7-2018-q2-update.win32_1.4.0.202007081208/tools/bin/../lib/gcc/arm-none-eabi/7.3.1/thumb/v7-m/crti.o
                0x00000000080047ac                _fini
 .fini          0x00000000080047b0        0x8 c:/st/stm32cubeide_1.4.0/stm32cubeide/plugins/com.st.stm32cube.ide.mcu.externaltools.gnu-tools-for-stm32.7-2018-q2-update.win32_1.4.0.202007081208/tools/bin/../lib/gcc/arm-none-eabi/7.3.1/thumb/v7-m/crtn.o
                0x00000000080047b8                . = ALIGN (0x4)
                0x00000000080047b8                _etext = .

.vfp11_veneer   0x00000000080047b8        0x0
 .vfp11_veneer  0x00000000080047b8        0x0 linker stubs

.v4_bx          0x00000000080047b8        0x0
 .v4_bx         0x00000000080047b8        0x0 linker stubs

.iplt           0x00000000080047b8        0x0
 .iplt          0x00000000080047b8        0x0 c:/st/stm32cubeide_1.4.0/stm32cubeide/plugins/com.st.stm32cube.ide.mcu.externaltools.gnu-tools-for-stm32.7-2018-q2-update.win32_1.4.0.202007081208/tools/bin/../lib/gcc/arm-none-eabi/7.3.1/thumb/v7-m/crtbegin.o

.rodata         0x00000000080047b8      0x408
                0x00000000080047b8                . = ALIGN (0x4)
 *(.rodata)
 .rodata        0x00000000080047b8      0x3e1 Inc/APP/APP.o
 *(.rodata*)
 .rodata.__utoa.str1.1
                0x0000000008004b99       0x25 c:/st/stm32cubeide_1.4.0/stm32cubeide/plugins/com.st.stm32cube.ide.mcu.externaltools.gnu-tools-for-stm32.7-2018-q2-update.win32_1.4.0.202007081208/tools/bin/../lib/gcc/arm-none-eabi/7.3.1/../../../../arm-none-eabi/lib/thumb/v7-m\libc_nano.a(lib_a-utoa.o)
                0x0000000008004bc0                . = ALIGN (0x4)
 *fill*         0x0000000008004bbe        0x2 

.rel.dyn        0x0000000008004bc0        0x0
 .rel.iplt      0x0000000008004bc0        0x0 c:/st/stm32cubeide_1.4.0/stm32cubeide/plugins/com.st.stm32cube.ide.mcu.externaltools.gnu-tools-for-stm32.7-2018-q2-update.win32_1.4.0.202007081208/tools/bin/../lib/gcc/arm-none-eabi/7.3.1/thumb/v7-m/crtbegin.o

.ARM.extab      0x0000000008004bc0        0x0
                0x0000000008004bc0                . = ALIGN (0x4)
 *(.ARM.extab* .gnu.linkonce.armextab.*)
                0x0000000008004bc0                . = ALIGN (0x4)

.ARM            0x0000000008004bc0        0x0
                0x0000000008004bc0                . = ALIGN (0x4)
                0x0000000008004bc0                __exidx_start = .
 *(.ARM.exidx*)
                0x0000000008004bc0                __exidx_end = .
                0x0000000008004bc0                . = ALIGN (0x4)

.preinit_array  0x0000000008004bc0        0x0
                0x0000000008004bc0                . = ALIGN (0x4)
                0x0000000008004bc0                PROVIDE (__preinit_array_start = .)
 *(.preinit_array*)
                0x0000000008004bc0                PROVIDE (__preinit_array_end = .)
                0x0000000008004bc0                . = ALIGN (0x4)

.init_array     0x0000000008004bc0        0x4
                0x0000000008004bc0                . = ALIGN (0x4)
                0x0000000008004bc0                PROVIDE (__init_array_start = .)
 *(SORT_BY_NAME(.init_array.*))
 *(.init_array*)
 .init_array    0x0000000008004bc0        0x4 c:/st/stm32cubeide_1.4.0/stm32cubeide/plugins/com.st.stm32cube.ide.mcu.externaltools.gnu-tools-for-stm32.7-2018-q2-update.win32_1.4.0.202007081208/tools/bin/../lib/gcc/arm-none-eabi/7.3.1/thumb/v7-m/crtbegin.o
                0x0000000008004bc4                PROVIDE (__init_array_end = .)
                0x0000000008004bc4                . = ALIGN (0x4)

.fini_array     0x0000000008004bc4        0x4
                0x0000000008004bc4                . = ALIGN (0x4)
                [!provide]                        PROVIDE (__fini_array_start = .)
 *(SORT_BY_NAME(.fini_array.*))
 *(.fini_array*)
 .fini_array    0x0000000008004bc4        0x4 c:/st/stm32cubeide_1.4.0/stm32cubeide/plugins/com.st.stm32cube.ide.mcu.externaltools.gnu-tools-for-stm32.7-2018-q2-update.win32_1.4.0.202007081208/tools/bin/../lib/gcc/arm-none-eabi/7.3.1/thumb/v7-m/crtbegin.o
                [!provide]                        PROVIDE (__fini_array_end = .)
                0x0000000008004bc8                . = ALIGN (0x4)
                0x0000000008004bc8                _sidata = LOADADDR (.data)

.data           0x0000000020000000       0x84 load address 0x0000000008004bc8
                0x0000000020000000                . = ALIGN (0x4)
                0x0000000020000000                _sdata = .
 *(.data)
 *(.data*)
 .data.mySegment
                0x0000000020000000       0x10 Inc/APP/APP.o
 .data.Glob_LogginSeesionExpired
                0x0000000020000010        0x1 Inc/APP/APP.o
                0x0000000020000010                Glob_LogginSeesionExpired
 .data.Glob_u8NumberOfAvailableSlots
                0x0000000020000011        0x1 Inc/APP/APP.o
                0x0000000020000011                Glob_u8NumberOfAvailableSlots
 *fill*         0x0000000020000012        0x2 
 .data.Glob_u8DriverFreeIndex
                0x0000000020000014        0x3 Inc/APP/APP.o
                0x0000000020000014                Glob_u8DriverFreeIndex
 *fill*         0x0000000020000017        0x1 
 .data.Glob_u8OutGarage
                0x0000000020000018        0x3 Inc/APP/APP.o
                0x0000000020000018                Glob_u8OutGarage
 *fill*         0x000000002000001b        0x1 
 .data.LCD_PortPin
                0x000000002000001c        0xc Inc/APP/APP.o
                0x000000002000001c                LCD_PortPin
 .data.LCD_ProgrssBarChar
                0x0000000020000028        0x8 Inc/APP/APP.o
                0x0000000020000028                LCD_ProgrssBarChar
 .data.LCD_Deleting
                0x0000000020000030        0x8 Inc/APP/APP.o
                0x0000000020000030                LCD_Deleting
 .data.LCD_Adding
                0x0000000020000038        0x8 Inc/APP/APP.o
                0x0000000020000038                LCD_Adding
 .data.keys     0x0000000020000040        0xc Inc/APP/APP.o
                0x0000000020000040                keys
 .data.RowsPins
                0x000000002000004c        0x8 Inc/APP/APP.o
                0x000000002000004c                RowsPins
 .data.ColsPins
                0x0000000020000054        0x6 Inc/APP/APP.o
                0x0000000020000054                ColsPins
 .data.Glob_u8Pressed_Key
                0x000000002000005a        0x1 Inc/APP/APP.o
                0x000000002000005a                Glob_u8Pressed_Key
 *fill*         0x000000002000005b        0x1 
 .data.arr_ofFunctions
                0x000000002000005c       0x28 Inc/HAL/_7Segment/_7Segment.o
                0x0000000020000084                . = ALIGN (0x4)
                0x0000000020000084                _edata = .

.igot.plt       0x0000000020000084        0x0 load address 0x0000000008004c4c
 .igot.plt      0x0000000020000084        0x0 c:/st/stm32cubeide_1.4.0/stm32cubeide/plugins/com.st.stm32cube.ide.mcu.externaltools.gnu-tools-for-stm32.7-2018-q2-update.win32_1.4.0.202007081208/tools/bin/../lib/gcc/arm-none-eabi/7.3.1/thumb/v7-m/crtbegin.o
                0x0000000020000084                . = ALIGN (0x4)

.bss            0x0000000020000084      0x138 load address 0x0000000008004c4c
                0x0000000020000084                _sbss = .
                0x0000000020000084                __bss_start__ = _sbss
 *(.bss)
 .bss           0x0000000020000084       0x1c c:/st/stm32cubeide_1.4.0/stm32cubeide/plugins/com.st.stm32cube.ide.mcu.externaltools.gnu-tools-for-stm32.7-2018-q2-update.win32_1.4.0.202007081208/tools/bin/../lib/gcc/arm-none-eabi/7.3.1/thumb/v7-m/crtbegin.o
 *(.bss*)
 .bss.LOC_u8TimerCounter
                0x00000000200000a0        0x1 Inc/APP/APP.o
                0x00000000200000a0                LOC_u8TimerCounter
 *fill*         0x00000000200000a1        0x3 
 .bss.Glob_u8InGarage
                0x00000000200000a4        0x3 Inc/APP/APP.o
                0x00000000200000a4                Glob_u8InGarage
 *fill*         0x00000000200000a7        0x1 
 .bss.myLCD     0x00000000200000a8        0x8 Inc/APP/APP.o
 .bss.SPI1_Communication
                0x00000000200000b0       0x14 Inc/APP/APP.o
 .bss.myUART    0x00000000200000c4       0x1c Inc/APP/APP.o
 .bss.EXTI_PtrFunction
                0x00000000200000e0       0x40 Inc/MCAL/EXTI/EXTI_program.o
 .bss.Global_SPI_Config
                0x0000000020000120        0x8 Inc/MCAL/SPI/SPI_program.o
 .bss.Glob_STKCallback
                0x0000000020000128        0x4 Inc/MCAL/SYSTICK/STK_program.o
                0x0000000020000128                Glob_STKCallback
 .bss.Global_USART_Config
                0x000000002000012c        0xc Inc/MCAL/UART/USART_program.o
 *(COMMON)
 COMMON         0x0000000020000138       0x82 Inc/APP/APP.o
                0x0000000020000138                myKeypad
                0x0000000020000148                Glob_u8AdminArr
                0x0000000020000174                Glob_u8NumberOfCurrentUsers
                0x0000000020000178                Glob_u8DriverArr
 COMMON         0x00000000200001ba        0x1 Inc/MCAL/SYSTICK/STK_program.o
                0x00000000200001ba                STK_u8ModeOfInterval
                0x00000000200001bc                . = ALIGN (0x4)
 *fill*         0x00000000200001bb        0x1 
                0x00000000200001bc                _ebss = .
                0x00000000200001bc                __bss_end__ = _ebss

._user_heap_stack
                0x00000000200001bc      0x604 load address 0x0000000008004c4c
                0x00000000200001c0                . = ALIGN (0x8)
 *fill*         0x00000000200001bc        0x4 
                [!provide]                        PROVIDE (end = .)
                0x00000000200001c0                PROVIDE (_end = .)
                0x00000000200003c0                . = (. + _Min_Heap_Size)
 *fill*         0x00000000200001c0      0x200 
                0x00000000200007c0                . = (. + _Min_Stack_Size)
 *fill*         0x00000000200003c0      0x400 
                0x00000000200007c0                . = ALIGN (0x8)

/DISCARD/
 libc.a(*)
 libm.a(*)
 libgcc.a(*)

.ARM.attributes
                0x0000000000000000       0x29
 *(.ARM.attributes)
 .ARM.attributes
                0x0000000000000000       0x1d c:/st/stm32cubeide_1.4.0/stm32cubeide/plugins/com.st.stm32cube.ide.mcu.externaltools.gnu-tools-for-stm32.7-2018-q2-update.win32_1.4.0.202007081208/tools/bin/../lib/gcc/arm-none-eabi/7.3.1/thumb/v7-m/crti.o
 .ARM.attributes
                0x000000000000001d       0x2d c:/st/stm32cubeide_1.4.0/stm32cubeide/plugins/com.st.stm32cube.ide.mcu.externaltools.gnu-tools-for-stm32.7-2018-q2-update.win32_1.4.0.202007081208/tools/bin/../lib/gcc/arm-none-eabi/7.3.1/thumb/v7-m/crtbegin.o
 .ARM.attributes
                0x000000000000004a       0x33 Inc/APP/APP.o
 .ARM.attributes
                0x000000000000007d       0x33 Inc/HAL/KeyPad/KeyPad.o
 .ARM.attributes
                0x00000000000000b0       0x33 Inc/HAL/LCD/LCD.o
 .ARM.attributes
                0x00000000000000e3       0x33 Inc/HAL/_7Segment/_7Segment.o
 .ARM.attributes
                0x0000000000000116       0x33 Inc/MCAL/AFIO/AFIO_program.o
 .ARM.attributes
                0x0000000000000149       0x33 Inc/MCAL/EXTI/EXTI_program.o
 .ARM.attributes
                0x000000000000017c       0x33 Inc/MCAL/GPIO/GPIO_program.o
 .ARM.attributes
                0x00000000000001af       0x33 Inc/MCAL/NVIC/NVIC_program.o
 .ARM.attributes
                0x00000000000001e2       0x33 Inc/MCAL/RCC/RCC_program.o
 .ARM.attributes
                0x0000000000000215       0x33 Inc/MCAL/SPI/SPI_program.o
 .ARM.attributes
                0x0000000000000248       0x33 Inc/MCAL/SYSTICK/STK_program.o
 .ARM.attributes
                0x000000000000027b       0x33 Inc/MCAL/UART/USART_program.o
 .ARM.attributes
                0x00000000000002ae       0x33 Src/main.o
 .ARM.attributes
                0x00000000000002e1       0x21 Startup/startup_stm32f103c6tx.o
 .ARM.attributes
                0x0000000000000302       0x2d c:/st/stm32cubeide_1.4.0/stm32cubeide/plugins/com.st.stm32cube.ide.mcu.externaltools.gnu-tools-for-stm32.7-2018-q2-update.win32_1.4.0.202007081208/tools/bin/../lib/gcc/arm-none-eabi/7.3.1/../../../../arm-none-eabi/lib/thumb/v7-m\libc_nano.a(lib_a-init.o)
 .ARM.attributes
                0x000000000000032f       0x2d c:/st/stm32cubeide_1.4.0/stm32cubeide/plugins/com.st.stm32cube.ide.mcu.externaltools.gnu-tools-for-stm32.7-2018-q2-update.win32_1.4.0.202007081208/tools/bin/../lib/gcc/arm-none-eabi/7.3.1/../../../../arm-none-eabi/lib/thumb/v7-m\libc_nano.a(lib_a-itoa.o)
 .ARM.attributes
                0x000000000000035c       0x2d c:/st/stm32cubeide_1.4.0/stm32cubeide/plugins/com.st.stm32cube.ide.mcu.externaltools.gnu-tools-for-stm32.7-2018-q2-update.win32_1.4.0.202007081208/tools/bin/../lib/gcc/arm-none-eabi/7.3.1/../../../../arm-none-eabi/lib/thumb/v7-m\libc_nano.a(lib_a-utoa.o)
 .ARM.attributes
                0x0000000000000389       0x1d c:/st/stm32cubeide_1.4.0/stm32cubeide/plugins/com.st.stm32cube.ide.mcu.externaltools.gnu-tools-for-stm32.7-2018-q2-update.win32_1.4.0.202007081208/tools/bin/../lib/gcc/arm-none-eabi/7.3.1/thumb/v7-m\libgcc.a(_arm_addsubdf3.o)
 .ARM.attributes
                0x00000000000003a6       0x1d c:/st/stm32cubeide_1.4.0/stm32cubeide/plugins/com.st.stm32cube.ide.mcu.externaltools.gnu-tools-for-stm32.7-2018-q2-update.win32_1.4.0.202007081208/tools/bin/../lib/gcc/arm-none-eabi/7.3.1/thumb/v7-m\libgcc.a(_arm_muldivdf3.o)
 .ARM.attributes
                0x00000000000003c3       0x1d c:/st/stm32cubeide_1.4.0/stm32cubeide/plugins/com.st.stm32cube.ide.mcu.externaltools.gnu-tools-for-stm32.7-2018-q2-update.win32_1.4.0.202007081208/tools/bin/../lib/gcc/arm-none-eabi/7.3.1/thumb/v7-m\libgcc.a(_arm_fixunsdfsi.o)
 .ARM.attributes
                0x00000000000003e0       0x1d c:/st/stm32cubeide_1.4.0/stm32cubeide/plugins/com.st.stm32cube.ide.mcu.externaltools.gnu-tools-for-stm32.7-2018-q2-update.win32_1.4.0.202007081208/tools/bin/../lib/gcc/arm-none-eabi/7.3.1/thumb/v7-m/crtn.o
OUTPUT(ECU2_Smart_Vehicle_Parking.elf elf32-littlearm)

.debug_info     0x0000000000000000     0x3a0f
 .debug_info    0x0000000000000000     0x1173 Inc/APP/APP.o
 .debug_info    0x0000000000001173      0x206 Inc/HAL/KeyPad/KeyPad.o
 .debug_info    0x0000000000001379      0x432 Inc/HAL/LCD/LCD.o
 .debug_info    0x00000000000017ab      0x472 Inc/HAL/_7Segment/_7Segment.o
 .debug_info    0x0000000000001c1d      0x18d Inc/MCAL/AFIO/AFIO_program.o
 .debug_info    0x0000000000001daa      0x415 Inc/MCAL/EXTI/EXTI_program.o
 .debug_info    0x00000000000021bf      0x398 Inc/MCAL/GPIO/GPIO_program.o
 .debug_info    0x0000000000002557      0x197 Inc/MCAL/NVIC/NVIC_program.o
 .debug_info    0x00000000000026ee      0x103 Inc/MCAL/RCC/RCC_program.o
 .debug_info    0x00000000000027f1      0x5f2 Inc/MCAL/SPI/SPI_program.o
 .debug_info    0x0000000000002de3      0x4cf Inc/MCAL/SYSTICK/STK_program.o
 .debug_info    0x00000000000032b2      0x6c9 Inc/MCAL/UART/USART_program.o
 .debug_info    0x000000000000397b       0x72 Src/main.o
 .debug_info    0x00000000000039ed       0x22 Startup/startup_stm32f103c6tx.o

.debug_abbrev   0x0000000000000000      0xf0a
 .debug_abbrev  0x0000000000000000      0x1e9 Inc/APP/APP.o
 .debug_abbrev  0x00000000000001e9       0xcf Inc/HAL/KeyPad/KeyPad.o
 .debug_abbrev  0x00000000000002b8      0x195 Inc/HAL/LCD/LCD.o
 .debug_abbrev  0x000000000000044d      0x14c Inc/HAL/_7Segment/_7Segment.o
 .debug_abbrev  0x0000000000000599       0xc3 Inc/MCAL/AFIO/AFIO_program.o
 .debug_abbrev  0x000000000000065c      0x12e Inc/MCAL/EXTI/EXTI_program.o
 .debug_abbrev  0x000000000000078a      0x152 Inc/MCAL/GPIO/GPIO_program.o
 .debug_abbrev  0x00000000000008dc       0xc4 Inc/MCAL/NVIC/NVIC_program.o
 .debug_abbrev  0x00000000000009a0       0xb1 Inc/MCAL/RCC/RCC_program.o
 .debug_abbrev  0x0000000000000a51      0x16f Inc/MCAL/SPI/SPI_program.o
 .debug_abbrev  0x0000000000000bc0      0x177 Inc/MCAL/SYSTICK/STK_program.o
 .debug_abbrev  0x0000000000000d37      0x178 Inc/MCAL/UART/USART_program.o
 .debug_abbrev  0x0000000000000eaf       0x49 Src/main.o
 .debug_abbrev  0x0000000000000ef8       0x12 Startup/startup_stm32f103c6tx.o

.debug_loc      0x0000000000000000     0x2564
 .debug_loc     0x0000000000000000      0x66c Inc/APP/APP.o
 .debug_loc     0x000000000000066c       0xa0 Inc/HAL/KeyPad/KeyPad.o
 .debug_loc     0x000000000000070c      0x428 Inc/HAL/LCD/LCD.o
 .debug_loc     0x0000000000000b34      0x41c Inc/HAL/_7Segment/_7Segment.o
 .debug_loc     0x0000000000000f50       0x5c Inc/MCAL/AFIO/AFIO_program.o
 .debug_loc     0x0000000000000fac      0x4dc Inc/MCAL/EXTI/EXTI_program.o
 .debug_loc     0x0000000000001488      0x284 Inc/MCAL/GPIO/GPIO_program.o
 .debug_loc     0x000000000000170c      0x1cc Inc/MCAL/NVIC/NVIC_program.o
 .debug_loc     0x00000000000018d8       0xfc Inc/MCAL/RCC/RCC_program.o
 .debug_loc     0x00000000000019d4      0x260 Inc/MCAL/SPI/SPI_program.o
 .debug_loc     0x0000000000001c34      0x5dc Inc/MCAL/SYSTICK/STK_program.o
 .debug_loc     0x0000000000002210      0x328 Inc/MCAL/UART/USART_program.o
 .debug_loc     0x0000000000002538       0x2c Src/main.o

.debug_aranges  0x0000000000000000      0x570
 .debug_aranges
                0x0000000000000000       0xf0 Inc/APP/APP.o
 .debug_aranges
                0x00000000000000f0       0x28 Inc/HAL/KeyPad/KeyPad.o
 .debug_aranges
                0x0000000000000118       0x80 Inc/HAL/LCD/LCD.o
 .debug_aranges
                0x0000000000000198       0x80 Inc/HAL/_7Segment/_7Segment.o
 .debug_aranges
                0x0000000000000218       0x20 Inc/MCAL/AFIO/AFIO_program.o
 .debug_aranges
                0x0000000000000238       0xc8 Inc/MCAL/EXTI/EXTI_program.o
 .debug_aranges
                0x0000000000000300       0x50 Inc/MCAL/GPIO/GPIO_program.o
 .debug_aranges
                0x0000000000000350       0x40 Inc/MCAL/NVIC/NVIC_program.o
 .debug_aranges
                0x0000000000000390       0x30 Inc/MCAL/RCC/RCC_program.o
 .debug_aranges
                0x00000000000003c0       0x50 Inc/MCAL/SPI/SPI_program.o
 .debug_aranges
                0x0000000000000410       0xa8 Inc/MCAL/SYSTICK/STK_program.o
 .debug_aranges
                0x00000000000004b8       0x70 Inc/MCAL/UART/USART_program.o
 .debug_aranges
                0x0000000000000528       0x20 Src/main.o
 .debug_aranges
                0x0000000000000548       0x28 Startup/startup_stm32f103c6tx.o

.debug_ranges   0x0000000000000000      0x4d0
 .debug_ranges  0x0000000000000000      0x118 Inc/APP/APP.o
 .debug_ranges  0x0000000000000118       0x18 Inc/HAL/KeyPad/KeyPad.o
 .debug_ranges  0x0000000000000130       0x70 Inc/HAL/LCD/LCD.o
 .debug_ranges  0x00000000000001a0       0x70 Inc/HAL/_7Segment/_7Segment.o
 .debug_ranges  0x0000000000000210       0x10 Inc/MCAL/AFIO/AFIO_program.o
 .debug_ranges  0x0000000000000220       0xb8 Inc/MCAL/EXTI/EXTI_program.o
 .debug_ranges  0x00000000000002d8       0x40 Inc/MCAL/GPIO/GPIO_program.o
 .debug_ranges  0x0000000000000318       0x30 Inc/MCAL/NVIC/NVIC_program.o
 .debug_ranges  0x0000000000000348       0x20 Inc/MCAL/RCC/RCC_program.o
 .debug_ranges  0x0000000000000368       0x40 Inc/MCAL/SPI/SPI_program.o
 .debug_ranges  0x00000000000003a8       0x98 Inc/MCAL/SYSTICK/STK_program.o
 .debug_ranges  0x0000000000000440       0x60 Inc/MCAL/UART/USART_program.o
 .debug_ranges  0x00000000000004a0       0x10 Src/main.o
 .debug_ranges  0x00000000000004b0       0x20 Startup/startup_stm32f103c6tx.o

.debug_macro    0x0000000000000000     0x16d5
 .debug_macro   0x0000000000000000      0x15b Inc/APP/APP.o
 .debug_macro   0x000000000000015b      0xa60 Inc/APP/APP.o
 .debug_macro   0x0000000000000bbb       0x34 Inc/APP/APP.o
 .debug_macro   0x0000000000000bef       0x28 Inc/APP/APP.o
 .debug_macro   0x0000000000000c17       0x40 Inc/APP/APP.o
 .debug_macro   0x0000000000000c57       0x5e Inc/APP/APP.o
 .debug_macro   0x0000000000000cb5       0x16 Inc/APP/APP.o
 .debug_macro   0x0000000000000ccb       0x16 Inc/APP/APP.o
 .debug_macro   0x0000000000000ce1       0x28 Inc/APP/APP.o
 .debug_macro   0x0000000000000d09       0x6d Inc/HAL/KeyPad/KeyPad.o
 .debug_macro   0x0000000000000d76      0x109 Inc/HAL/LCD/LCD.o
 .debug_macro   0x0000000000000e7f       0x50 Inc/HAL/_7Segment/_7Segment.o
 .debug_macro   0x0000000000000ecf       0x40 Inc/MCAL/AFIO/AFIO_program.o
 .debug_macro   0x0000000000000f0f       0x16 Inc/MCAL/AFIO/AFIO_program.o
 .debug_macro   0x0000000000000f25       0x46 Inc/MCAL/EXTI/EXTI_program.o
 .debug_macro   0x0000000000000f6b       0x16 Inc/MCAL/EXTI/EXTI_program.o
 .debug_macro   0x0000000000000f81       0x3f Inc/MCAL/GPIO/GPIO_program.o
 .debug_macro   0x0000000000000fc0       0x64 Inc/MCAL/GPIO/GPIO_program.o
 .debug_macro   0x0000000000001024       0x2e Inc/MCAL/GPIO/GPIO_program.o
 .debug_macro   0x0000000000001052       0x40 Inc/MCAL/NVIC/NVIC_program.o
 .debug_macro   0x0000000000001092       0x4c Inc/MCAL/NVIC/NVIC_program.o
 .debug_macro   0x00000000000010de       0x3f Inc/MCAL/RCC/RCC_program.o
 .debug_macro   0x000000000000111d       0x34 Inc/MCAL/RCC/RCC_program.o
 .debug_macro   0x0000000000001151      0x30e Inc/MCAL/RCC/RCC_program.o
 .debug_macro   0x000000000000145f       0x67 Inc/MCAL/SPI/SPI_program.o
 .debug_macro   0x00000000000014c6       0x22 Inc/MCAL/SPI/SPI_program.o
 .debug_macro   0x00000000000014e8       0x48 Inc/MCAL/SYSTICK/STK_program.o
 .debug_macro   0x0000000000001530       0x16 Inc/MCAL/SYSTICK/STK_program.o
 .debug_macro   0x0000000000001546       0x34 Inc/MCAL/SYSTICK/STK_program.o
 .debug_macro   0x000000000000157a       0x65 Inc/MCAL/UART/USART_program.o
 .debug_macro   0x00000000000015df       0x2e Inc/MCAL/UART/USART_program.o
 .debug_macro   0x000000000000160d       0xc8 Src/main.o

.debug_line     0x0000000000000000     0x284b
 .debug_line    0x0000000000000000      0xa36 Inc/APP/APP.o
 .debug_line    0x0000000000000a36      0x221 Inc/HAL/KeyPad/KeyPad.o
 .debug_line    0x0000000000000c57      0x2a7 Inc/HAL/LCD/LCD.o
 .debug_line    0x0000000000000efe      0x339 Inc/HAL/_7Segment/_7Segment.o
 .debug_line    0x0000000000001237      0x112 Inc/MCAL/AFIO/AFIO_program.o
 .debug_line    0x0000000000001349      0x29f Inc/MCAL/EXTI/EXTI_program.o
 .debug_line    0x00000000000015e8      0x272 Inc/MCAL/GPIO/GPIO_program.o
 .debug_line    0x000000000000185a      0x174 Inc/MCAL/NVIC/NVIC_program.o
 .debug_line    0x00000000000019ce      0x143 Inc/MCAL/RCC/RCC_program.o
 .debug_line    0x0000000000001b11      0x256 Inc/MCAL/SPI/SPI_program.o
 .debug_line    0x0000000000001d67      0x2aa Inc/MCAL/SYSTICK/STK_program.o
 .debug_line    0x0000000000002011      0x39a Inc/MCAL/UART/USART_program.o
 .debug_line    0x00000000000023ab      0x41c Src/main.o
 .debug_line    0x00000000000027c7       0x84 Startup/startup_stm32f103c6tx.o

.debug_str      0x0000000000000000     0x7253
 .debug_str     0x0000000000000000     0x43c5 Inc/APP/APP.o
                                       0x4439 (size before relaxing)
 .debug_str     0x00000000000043c5      0x2e2 Inc/HAL/KeyPad/KeyPad.o
                                       0x340e (size before relaxing)
 .debug_str     0x00000000000046a7      0x74b Inc/HAL/LCD/LCD.o
                                       0x38d9 (size before relaxing)
 .debug_str     0x0000000000004df2      0x170 Inc/HAL/_7Segment/_7Segment.o
                                       0x339e (size before relaxing)
 .debug_str     0x0000000000004f62      0x118 Inc/MCAL/AFIO/AFIO_program.o
                                       0x305e (size before relaxing)
 .debug_str     0x000000000000507a      0x2a2 Inc/MCAL/EXTI/EXTI_program.o
                                       0x321b (size before relaxing)
 .debug_str     0x000000000000531c      0x212 Inc/MCAL/GPIO/GPIO_program.o
                                       0x3329 (size before relaxing)
 .debug_str     0x000000000000552e      0x36c Inc/MCAL/NVIC/NVIC_program.o
                                       0x31fc (size before relaxing)
 .debug_str     0x000000000000589a      0xf31 Inc/MCAL/RCC/RCC_program.o
                                       0x3e94 (size before relaxing)
 .debug_str     0x00000000000067cb      0x292 Inc/MCAL/SPI/SPI_program.o
                                       0x375c (size before relaxing)
 .debug_str     0x0000000000006a5d      0x42d Inc/MCAL/SYSTICK/STK_program.o
                                       0x32e9 (size before relaxing)
 .debug_str     0x0000000000006e8a      0x385 Inc/MCAL/UART/USART_program.o
                                       0x381a (size before relaxing)
 .debug_str     0x000000000000720f       0x13 Src/main.o
                                       0x3315 (size before relaxing)
 .debug_str     0x0000000000007222       0x31 Startup/startup_stm32f103c6tx.o
                                         0x88 (size before relaxing)

.comment        0x0000000000000000       0x7b
 .comment       0x0000000000000000       0x7b Inc/APP/APP.o
                                         0x7c (size before relaxing)
 .comment       0x000000000000007b       0x7c Inc/HAL/KeyPad/KeyPad.o
 .comment       0x000000000000007b       0x7c Inc/HAL/LCD/LCD.o
 .comment       0x000000000000007b       0x7c Inc/HAL/_7Segment/_7Segment.o
 .comment       0x000000000000007b       0x7c Inc/MCAL/AFIO/AFIO_program.o
 .comment       0x000000000000007b       0x7c Inc/MCAL/EXTI/EXTI_program.o
 .comment       0x000000000000007b       0x7c Inc/MCAL/GPIO/GPIO_program.o
 .comment       0x000000000000007b       0x7c Inc/MCAL/NVIC/NVIC_program.o
 .comment       0x000000000000007b       0x7c Inc/MCAL/RCC/RCC_program.o
 .comment       0x000000000000007b       0x7c Inc/MCAL/SPI/SPI_program.o
 .comment       0x000000000000007b       0x7c Inc/MCAL/SYSTICK/STK_program.o
 .comment       0x000000000000007b       0x7c Inc/MCAL/UART/USART_program.o
 .comment       0x000000000000007b       0x7c Src/main.o

.debug_frame    0x0000000000000000     0x1470
 .debug_frame   0x0000000000000000      0x374 Inc/APP/APP.o
 .debug_frame   0x0000000000000374       0x58 Inc/HAL/KeyPad/KeyPad.o
 .debug_frame   0x00000000000003cc      0x1ec Inc/HAL/LCD/LCD.o
 .debug_frame   0x00000000000005b8      0x1e8 Inc/HAL/_7Segment/_7Segment.o
 .debug_frame   0x00000000000007a0       0x38 Inc/MCAL/AFIO/AFIO_program.o
 .debug_frame   0x00000000000007d8      0x2bc Inc/MCAL/EXTI/EXTI_program.o
 .debug_frame   0x0000000000000a94      0x128 Inc/MCAL/GPIO/GPIO_program.o
 .debug_frame   0x0000000000000bbc       0xd8 Inc/MCAL/NVIC/NVIC_program.o
 .debug_frame   0x0000000000000c94       0x80 Inc/MCAL/RCC/RCC_program.o
 .debug_frame   0x0000000000000d14      0x11c Inc/MCAL/SPI/SPI_program.o
 .debug_frame   0x0000000000000e30      0x2b4 Inc/MCAL/SYSTICK/STK_program.o
 .debug_frame   0x00000000000010e4      0x194 Inc/MCAL/UART/USART_program.o
 .debug_frame   0x0000000000001278       0x2c Src/main.o
 .debug_frame   0x00000000000012a4       0x2c c:/st/stm32cubeide_1.4.0/stm32cubeide/plugins/com.st.stm32cube.ide.mcu.externaltools.gnu-tools-for-stm32.7-2018-q2-update.win32_1.4.0.202007081208/tools/bin/../lib/gcc/arm-none-eabi/7.3.1/../../../../arm-none-eabi/lib/thumb/v7-m\libc_nano.a(lib_a-init.o)
 .debug_frame   0x00000000000012d0       0x38 c:/st/stm32cubeide_1.4.0/stm32cubeide/plugins/com.st.stm32cube.ide.mcu.externaltools.gnu-tools-for-stm32.7-2018-q2-update.win32_1.4.0.202007081208/tools/bin/../lib/gcc/arm-none-eabi/7.3.1/../../../../arm-none-eabi/lib/thumb/v7-m\libc_nano.a(lib_a-itoa.o)
 .debug_frame   0x0000000000001308       0x48 c:/st/stm32cubeide_1.4.0/stm32cubeide/plugins/com.st.stm32cube.ide.mcu.externaltools.gnu-tools-for-stm32.7-2018-q2-update.win32_1.4.0.202007081208/tools/bin/../lib/gcc/arm-none-eabi/7.3.1/../../../../arm-none-eabi/lib/thumb/v7-m\libc_nano.a(lib_a-utoa.o)
 .debug_frame   0x0000000000001350       0xac c:/st/stm32cubeide_1.4.0/stm32cubeide/plugins/com.st.stm32cube.ide.mcu.externaltools.gnu-tools-for-stm32.7-2018-q2-update.win32_1.4.0.202007081208/tools/bin/../lib/gcc/arm-none-eabi/7.3.1/thumb/v7-m\libgcc.a(_arm_addsubdf3.o)
 .debug_frame   0x00000000000013fc       0x50 c:/st/stm32cubeide_1.4.0/stm32cubeide/plugins/com.st.stm32cube.ide.mcu.externaltools.gnu-tools-for-stm32.7-2018-q2-update.win32_1.4.0.202007081208/tools/bin/../lib/gcc/arm-none-eabi/7.3.1/thumb/v7-m\libgcc.a(_arm_muldivdf3.o)
 .debug_frame   0x000000000000144c       0x24 c:/st/stm32cubeide_1.4.0/stm32cubeide/plugins/com.st.stm32cube.ide.mcu.externaltools.gnu-tools-for-stm32.7-2018-q2-update.win32_1.4.0.202007081208/tools/bin/../lib/gcc/arm-none-eabi/7.3.1/thumb/v7-m\libgcc.a(_arm_fixunsdfsi.o)
