Archive member included to satisfy reference by file (symbol)

c:/st/stm32cubeide_1.4.0/stm32cubeide/plugins/com.st.stm32cube.ide.mcu.externaltools.gnu-tools-for-stm32.7-2018-q2-update.win32_1.4.0.202007081208/tools/bin/../lib/gcc/arm-none-eabi/7.3.1/../../../../arm-none-eabi/lib/thumb/v7-m\libc_nano.a(lib_a-errno.o)
                              Src/syscalls.o (__errno)
c:/st/stm32cubeide_1.4.0/stm32cubeide/plugins/com.st.stm32cube.ide.mcu.externaltools.gnu-tools-for-stm32.7-2018-q2-update.win32_1.4.0.202007081208/tools/bin/../lib/gcc/arm-none-eabi/7.3.1/../../../../arm-none-eabi/lib/thumb/v7-m\libc_nano.a(lib_a-exit.o)
                              c:/st/stm32cubeide_1.4.0/stm32cubeide/plugins/com.st.stm32cube.ide.mcu.externaltools.gnu-tools-for-stm32.7-2018-q2-update.win32_1.4.0.202007081208/tools/bin/../lib/gcc/arm-none-eabi/7.3.1/../../../../arm-none-eabi/lib/thumb/v7-m/crt0.o (exit)
c:/st/stm32cubeide_1.4.0/stm32cubeide/plugins/com.st.stm32cube.ide.mcu.externaltools.gnu-tools-for-stm32.7-2018-q2-update.win32_1.4.0.202007081208/tools/bin/../lib/gcc/arm-none-eabi/7.3.1/../../../../arm-none-eabi/lib/thumb/v7-m\libc_nano.a(lib_a-impure.o)
                              c:/st/stm32cubeide_1.4.0/stm32cubeide/plugins/com.st.stm32cube.ide.mcu.externaltools.gnu-tools-for-stm32.7-2018-q2-update.win32_1.4.0.202007081208/tools/bin/../lib/gcc/arm-none-eabi/7.3.1/../../../../arm-none-eabi/lib/thumb/v7-m\libc_nano.a(lib_a-exit.o) (_global_impure_ptr)
c:/st/stm32cubeide_1.4.0/stm32cubeide/plugins/com.st.stm32cube.ide.mcu.externaltools.gnu-tools-for-stm32.7-2018-q2-update.win32_1.4.0.202007081208/tools/bin/../lib/gcc/arm-none-eabi/7.3.1/../../../../arm-none-eabi/lib/thumb/v7-m\libc_nano.a(lib_a-init.o)
                              c:/st/stm32cubeide_1.4.0/stm32cubeide/plugins/com.st.stm32cube.ide.mcu.externaltools.gnu-tools-for-stm32.7-2018-q2-update.win32_1.4.0.202007081208/tools/bin/../lib/gcc/arm-none-eabi/7.3.1/../../../../arm-none-eabi/lib/thumb/v7-m/crt0.o (__libc_init_array)
c:/st/stm32cubeide_1.4.0/stm32cubeide/plugins/com.st.stm32cube.ide.mcu.externaltools.gnu-tools-for-stm32.7-2018-q2-update.win32_1.4.0.202007081208/tools/bin/../lib/gcc/arm-none-eabi/7.3.1/../../../../arm-none-eabi/lib/thumb/v7-m\libc_nano.a(lib_a-memset.o)
                              c:/st/stm32cubeide_1.4.0/stm32cubeide/plugins/com.st.stm32cube.ide.mcu.externaltools.gnu-tools-for-stm32.7-2018-q2-update.win32_1.4.0.202007081208/tools/bin/../lib/gcc/arm-none-eabi/7.3.1/../../../../arm-none-eabi/lib/thumb/v7-m/crt0.o (memset)

Allocating common symbols
Common symbol       size              file

DATA                0x1               Src/main.o
DATA1               0x1               Src/main.o
GP_IRQ_CALLBACK     0x40              Stm32_F103C6_Drivers/Stm32_f103c6_Drivers_EXTI.o
PinCfg              0x4               HAL/KEY_PAD.o
ch                  0x1               Src/main.o

Discarded input sections

 .text          0x0000000000000000        0x0 c:/st/stm32cubeide_1.4.0/stm32cubeide/plugins/com.st.stm32cube.ide.mcu.externaltools.gnu-tools-for-stm32.7-2018-q2-update.win32_1.4.0.202007081208/tools/bin/../lib/gcc/arm-none-eabi/7.3.1/thumb/v7-m/crti.o
 .data          0x0000000000000000        0x0 c:/st/stm32cubeide_1.4.0/stm32cubeide/plugins/com.st.stm32cube.ide.mcu.externaltools.gnu-tools-for-stm32.7-2018-q2-update.win32_1.4.0.202007081208/tools/bin/../lib/gcc/arm-none-eabi/7.3.1/thumb/v7-m/crti.o
 .bss           0x0000000000000000        0x0 c:/st/stm32cubeide_1.4.0/stm32cubeide/plugins/com.st.stm32cube.ide.mcu.externaltools.gnu-tools-for-stm32.7-2018-q2-update.win32_1.4.0.202007081208/tools/bin/../lib/gcc/arm-none-eabi/7.3.1/thumb/v7-m/crti.o
 .data          0x0000000000000000        0x4 c:/st/stm32cubeide_1.4.0/stm32cubeide/plugins/com.st.stm32cube.ide.mcu.externaltools.gnu-tools-for-stm32.7-2018-q2-update.win32_1.4.0.202007081208/tools/bin/../lib/gcc/arm-none-eabi/7.3.1/thumb/v7-m/crtbegin.o
 .text          0x0000000000000000       0x74 c:/st/stm32cubeide_1.4.0/stm32cubeide/plugins/com.st.stm32cube.ide.mcu.externaltools.gnu-tools-for-stm32.7-2018-q2-update.win32_1.4.0.202007081208/tools/bin/../lib/gcc/arm-none-eabi/7.3.1/../../../../arm-none-eabi/lib/thumb/v7-m/crt0.o
 .data          0x0000000000000000        0x0 c:/st/stm32cubeide_1.4.0/stm32cubeide/plugins/com.st.stm32cube.ide.mcu.externaltools.gnu-tools-for-stm32.7-2018-q2-update.win32_1.4.0.202007081208/tools/bin/../lib/gcc/arm-none-eabi/7.3.1/../../../../arm-none-eabi/lib/thumb/v7-m/crt0.o
 .bss           0x0000000000000000        0x0 c:/st/stm32cubeide_1.4.0/stm32cubeide/plugins/com.st.stm32cube.ide.mcu.externaltools.gnu-tools-for-stm32.7-2018-q2-update.win32_1.4.0.202007081208/tools/bin/../lib/gcc/arm-none-eabi/7.3.1/../../../../arm-none-eabi/lib/thumb/v7-m/crt0.o
[...]
Memory Configuration

Name             Origin             Length             Attributes
RAM              0x0000000020000000 0x0000000000002800 xrw
ROM              0x0000000008000000 0x0000000000008000 xr
*default*        0x0000000000000000 0xffffffffffffffff

Linker script and memory map

LOAD c:/st/stm32cubeide_1.4.0/stm32cubeide/plugins/com.st.stm32cube.ide.mcu.externaltools.gnu-tools-for-stm32.7-2018-q2-update.win32_1.4.0.202007081208/tools/bin/../lib/gcc/arm-none-eabi/7.3.1/thumb/v7-m/crti.o
LOAD c:/st/stm32cubeide_1.4.0/stm32cubeide/plugins/com.st.stm32cube.ide.mcu.externaltools.gnu-tools-for-stm32.7-2018-q2-update.win32_1.4.0.202007081208/tools/bin/../lib/gcc/arm-none-eabi/7.3.1/thumb/v7-m/crtbegin.o
LOAD c:/st/stm32cubeide_1.4.0/stm32cubeide/plugins/com.st.stm32cube.ide.mcu.externaltools.gnu-tools-for-stm32.7-2018-q2-update.win32_1.4.0.202007081208/tools/bin/../lib/gcc/arm-none-eabi/7.3.1/../../../../arm-none-eabi/lib/thumb/v7-m/crt0.o
LOAD HAL/KEY_PAD.o
LOAD HAL/LCD.o
LOAD Src/main.o
LOAD Src/syscalls.o
LOAD Src/sysmem.o
LOAD Startup/startup_stm32f103c6tx.o
LOAD Stm32_F103C6_Drivers/Stm32_f103c6_Drivers_EXTI.o
LOAD Stm32_F103C6_Drivers/Stm32_f103c6_Drivers_Gpio.o
LOAD Stm32_F103C6_Drivers/Stm32_f103c6_Drivers_RCC.o
LOAD Stm32_F103C6_Drivers/Stm32_f103c6_Drivers_SPI.o
LOAD Stm32_F103C6_Drivers/Stm32_f103c6_Drivers_USART.o
START GROUP
LOAD c:/st/stm32cubeide_1.4.0/stm32cubeide/plugins/com.st.stm32cube.ide.mcu.externaltools.gnu-tools-for-stm32.7-2018-q2-update.win32_1.4.0.202007081208/tools/bin/../lib/gcc/arm-none-eabi/7.3.1/../../../../arm-none-eabi/lib/thumb/v7-m\libc_nano.a
LOAD c:/st/stm32cubeide_1.4.0/stm32cubeide/plugins/com.st.stm32cube.ide.mcu.externaltools.gnu-tools-for-stm32.7-2018-q2-update.win32_1.4.0.202007081208/tools/bin/../lib/gcc/arm-none-eabi/7.3.1/../../../../arm-none-eabi/lib/thumb/v7-m\libm.a
END GROUP
START GROUP
LOAD c:/st/stm32cubeide_1.4.0/stm32cubeide/plugins/com.st.stm32cube.ide.mcu.externaltools.gnu-tools-for-stm32.7-2018-q2-update.win32_1.4.0.202007081208/tools/bin/../lib/gcc/arm-none-eabi/7.3.1/thumb/v7-m\libgcc.a
LOAD c:/st/stm32cubeide_1.4.0/stm32cubeide/plugins/com.st.stm32cube.ide.mcu.externaltools.gnu-tools-for-stm32.7-2018-q2-update.win32_1.4.0.202007081208/tools/bin/../lib/gcc/arm-none-eabi/7.3.1/../../../../arm-none-eabi/lib/thumb/v7-m\libg_nano.a
LOAD c:/st/stm32cubeide_1.4.0/stm32cubeide/plugins/com.st.stm32cube.ide.mcu.externaltools.gnu-tools-for-stm32.7-2018-q2-update.win32_1.4.0.202007081208/tools/bin/../lib/gcc/arm-none-eabi/7.3.1/../../../../arm-none-eabi/lib/thumb/v7-m\libc_nano.a
END GROUP
START GROUP
LOAD c:/st/stm32cubeide_1.4.0/stm32cubeide/plugins/com.st.stm32cube.ide.mcu.externaltools.gnu-tools-for-stm32.7-2018-q2-update.win32_1.4.0.202007081208/tools/bin/../lib/gcc/arm-none-eabi/7.3.1/thumb/v7-m\libgcc.a
LOAD c:/st/stm32cubeide_1.4.0/stm32cubeide/plugins/com.st.stm32cube.ide.mcu.externaltools.gnu-tools-for-stm32.7-2018-q2-update.win32_1.4.0.202007081208/tools/bin/../lib/gcc/arm-none-eabi/7.3.1/../../../../arm-none-eabi/lib/thumb/v7-m\libc_nano.a
LOAD c:/st/stm32cubeide_1.4.0/stm32cubeide/plugins/com.st.stm32cube.ide.mcu.externaltools.gnu-tools-for-stm32.7-2018-q2-update.win32_1.4.0.202007081208/tools/bin/../lib/gcc/arm-none-eabi/7.3.1/../../../../arm-none-eabi/lib/thumb/v7-m\libnosys.a
END GROUP
START GROUP
LOAD c:/st/stm32cubeide_1.4.0/stm32cubeide/plugins/com.st.stm32cube.ide.mcu.externaltools.gnu-tools-for-stm32.7-2018-q2-update.win32_1.4.0.202007081208/tools/bin/../lib/gcc/arm-none-eabi/7.3.1/thumb/v7-m\libgcc.a
LOAD c:/st/stm32cubeide_1.4.0/stm32cubeide/plugins/com.st.stm32cube.ide.mcu.externaltools.gnu-tools-for-stm32.7-2018-q2-update.win32_1.4.0.202007081208/tools/bin/../lib/gcc/arm-none-eabi/7.3.1/../../../../arm-none-eabi/lib/thumb/v7-m\libc_nano.a
LOAD c:/st/stm32cubeide_1.4.0/stm32cubeide/plugins/com.st.stm32cube.ide.mcu.externaltools.gnu-tools-for-stm32.7-2018-q2-update.win32_1.4.0.202007081208/tools/bin/../lib/gcc/arm-none-eabi/7.3.1/../../../../arm-none-eabi/lib/thumb/v7-m\libnosys.a
END GROUP
LOAD c:/st/stm32cubeide_1.4.0/stm32cubeide/plugins/com.st.stm32cube.ide.mcu.externaltools.gnu-tools-for-stm32.7-2018-q2-update.win32_1.4.0.202007081208/tools/bin/../lib/gcc/arm-none-eabi/7.3.1/thumb/v7-m/crtend.o
LOAD c:/st/stm32cubeide_1.4.0/stm32cubeide/plugins/com.st.stm32cube.ide.mcu.externaltools.gnu-tools-for-stm32.7-2018-q2-update.win32_1.4.0.202007081208/tools/bin/../lib/gcc/arm-none-eabi/7.3.1/thumb/v7-m/crtn.o
                0x0000000020002800                _estack = (ORIGIN (RAM) + LENGTH (RAM))
                0x0000000000000200                _Min_Heap_Size = 0x200
                0x0000000000000400                _Min_Stack_Size = 0x400

.isr_vector     0x0000000008000000      0x130
                0x0000000008000000                . = ALIGN (0x4)
 *(.isr_vector)
 .isr_vector    0x0000000008000000      0x130 Startup/startup_stm32f103c6tx.o
                0x0000000008000000                g_pfnVectors
                0x0000000008000130                . = ALIGN (0x4)

.text           0x0000000008000130      0xf20
                0x0000000008000130                . = ALIGN (0x4)
 *(.text)
 .text          0x0000000008000130       0x40 c:/st/stm32cubeide_1.4.0/stm32cubeide/plugins/com.st.stm32cube.ide.mcu.externaltools.gnu-tools-for-stm32.7-2018-q2-update.win32_1.4.0.202007081208/tools/bin/../lib/gcc/arm-none-eabi/7.3.1/thumb/v7-m/crtbegin.o
 *(.text*)
 .text.Clock_INIT
                0x0000000008000170       0x34 Src/main.o
                0x0000000008000170                Clock_INIT
 .text.SPI1_IRQ_Call
                0x00000000080001a4       0x44 Src/main.o
                0x00000000080001a4                SPI1_IRQ_Call
 .text.USART1_IRQ_Call
                0x00000000080001e8        0xc Src/main.o
                0x00000000080001e8                USART1_IRQ_Call
 .text.main     0x00000000080001f4       0xa0 Src/main.o
                0x00000000080001f4                main
 .text.Reset_Handler
                0x0000000008000294       0x50 Startup/startup_stm32f103c6tx.o
                0x0000000008000294                Reset_Handler
 .text.Default_Handler
                0x00000000080002e4        0x2 Startup/startup_stm32f103c6tx.o
                0x00000000080002e4                TIM8_TRG_COM_IRQHandler
                0x00000000080002e4                TIM8_CC_IRQHandler
                0x00000000080002e4                DebugMon_Handler
                0x00000000080002e4                TIM1_CC_IRQHandler
                0x00000000080002e4                HardFault_Handler
                0x00000000080002e4                TIM6_IRQHandler
                0x00000000080002e4                SysTick_Handler
                0x00000000080002e4                PVD_IRQHandler
                0x00000000080002e4                SDIO_IRQHandler
                0x00000000080002e4                PendSV_Handler
                0x00000000080002e4                NMI_Handler
                0x00000000080002e4                USB_HP_CAN_TX_IRQHandler
                0x00000000080002e4                I2C2_EV_IRQHandler
                0x00000000080002e4                UsageFault_Handler
                0x00000000080002e4                ADC1_2_IRQHandler
                0x00000000080002e4                CAN_SCE_IRQHandler
                0x00000000080002e4                TAMPER_IRQHandler
                0x00000000080002e4                TIM8_UP_IRQHandler
                0x00000000080002e4                DMA2_Channel2_IRQHandler
                0x00000000080002e4                DMA1_Channel4_IRQHandler
                0x00000000080002e4                RTC_IRQHandler
                0x00000000080002e4                DMA1_Channel7_IRQHandler
                0x00000000080002e4                UART5_IRQHandler
                0x00000000080002e4                ADC3_IRQHandler
                0x00000000080002e4                TIM4_IRQHandler
                0x00000000080002e4                CAN_RX1_IRQHandler
                0x00000000080002e4                DMA2_Channel1_IRQHandler
                0x00000000080002e4                I2C1_EV_IRQHandler
                0x00000000080002e4                DMA1_Channel6_IRQHandler
                0x00000000080002e4                UART4_IRQHandler
                0x00000000080002e4                TIM3_IRQHandler
                0x00000000080002e4                RCC_IRQHandler
                0x00000000080002e4                TIM1_TRG_COM_IRQHandler
                0x00000000080002e4                DMA1_Channel1_IRQHandler
                0x00000000080002e4                Default_Handler
                0x00000000080002e4                TIM7_IRQHandler
                0x00000000080002e4                TIM5_IRQHandler
                0x00000000080002e4                USB_LP_CAN_RX0_IRQHandler
                0x00000000080002e4                MemManage_Handler
                0x00000000080002e4                SVC_Handler
                0x00000000080002e4                DMA1_Channel5_IRQHandler
                0x00000000080002e4                DMA1_Channel3_IRQHandler
                0x00000000080002e4                FSMC_IRQHandler
                0x00000000080002e4                TIM1_UP_IRQHandler
                0x00000000080002e4                WWDG_IRQHandler
                0x00000000080002e4                TIM2_IRQHandler
                0x00000000080002e4                TIM1_BRK_IRQHandler
                0x00000000080002e4                RTCAlarm_IRQHandler
                0x00000000080002e4                DMA2_Channel4_5_IRQHandler
                0x00000000080002e4                I2C2_ER_IRQHandler
                0x00000000080002e4                DMA1_Channel2_IRQHandler
                0x00000000080002e4                TIM8_BRK_IRQHandler
                0x00000000080002e4                FLASH_IRQHandler
                0x00000000080002e4                BusFault_Handler
                0x00000000080002e4                SPI3_IRQHandler
                0x00000000080002e4                I2C1_ER_IRQHandler
                0x00000000080002e4                DMA2_Channel3_IRQHandler
 *fill*         0x00000000080002e6        0x2 
 .text.EXTI0_IRQHandler
                0x00000000080002e8       0x24 Stm32_F103C6_Drivers/Stm32_f103c6_Drivers_EXTI.o
                0x00000000080002e8                EXTI0_IRQHandler
 .text.EXTI1_IRQHandler
                0x000000000800030c       0x24 Stm32_F103C6_Drivers/Stm32_f103c6_Drivers_EXTI.o
                0x000000000800030c                EXTI1_IRQHandler
 .text.EXTI2_IRQHandler
                0x0000000008000330       0x24 Stm32_F103C6_Drivers/Stm32_f103c6_Drivers_EXTI.o
                0x0000000008000330                EXTI2_IRQHandler
 .text.EXTI3_IRQHandler
                0x0000000008000354       0x24 Stm32_F103C6_Drivers/Stm32_f103c6_Drivers_EXTI.o
                0x0000000008000354                EXTI3_IRQHandler
 .text.EXTI4_IRQHandler
                0x0000000008000378       0x24 Stm32_F103C6_Drivers/Stm32_f103c6_Drivers_EXTI.o
                0x0000000008000378                EXTI4_IRQHandler
 .text.EXTI9_5_IRQHandler
                0x000000000800039c       0xb0 Stm32_F103C6_Drivers/Stm32_f103c6_Drivers_EXTI.o
                0x000000000800039c                EXTI9_5_IRQHandler
 .text.EXTI15_10_IRQHandler
                0x000000000800044c       0xd0 Stm32_F103C6_Drivers/Stm32_f103c6_Drivers_EXTI.o
                0x000000000800044c                EXTI15_10_IRQHandler
 .text.Get_CRLH_Position
                0x000000000800051c       0xc6 Stm32_F103C6_Drivers/Stm32_f103c6_Drivers_Gpio.o
                0x000000000800051c                Get_CRLH_Position
 .text.MCAL_GPIO_INIT
                0x00000000080005e2       0xfa Stm32_F103C6_Drivers/Stm32_f103c6_Drivers_Gpio.o
                0x00000000080005e2                MCAL_GPIO_INIT
 .text.MCAL_RCC_getSYSCLK_Freq
                0x00000000080006dc       0x48 Stm32_F103C6_Drivers/Stm32_f103c6_Drivers_RCC.o
                0x00000000080006dc                MCAL_RCC_getSYSCLK_Freq
 .text.MCAL_RCC_getPCKL1_Freq
                0x0000000008000724       0x28 Stm32_F103C6_Drivers/Stm32_f103c6_Drivers_RCC.o
                0x0000000008000724                MCAL_RCC_getPCKL1_Freq
 .text.MCAL_RCC_getPCKL2_Freq
                0x000000000800074c       0x28 Stm32_F103C6_Drivers/Stm32_f103c6_Drivers_RCC.o
                0x000000000800074c                MCAL_RCC_getPCKL2_Freq
 .text.MCAL_RCC_getHCKL_Freq
                0x0000000008000774       0x28 Stm32_F103C6_Drivers/Stm32_f103c6_Drivers_RCC.o
                0x0000000008000774                MCAL_RCC_getHCKL_Freq
 .text.MCAL_SPI_Init
                0x000000000800079c      0x1b8 Stm32_F103C6_Drivers/Stm32_f103c6_Drivers_SPI.o
                0x000000000800079c                MCAL_SPI_Init
 .text.MCAL_SPI_Set_Pin
                0x0000000008000954      0x234 Stm32_F103C6_Drivers/Stm32_f103c6_Drivers_SPI.o
                0x0000000008000954                MCAL_SPI_Set_Pin
 .text.MCAL_SPI_Receive_Send_Data
                0x0000000008000b88       0x54 Stm32_F103C6_Drivers/Stm32_f103c6_Drivers_SPI.o
                0x0000000008000b88                MCAL_SPI_Receive_Send_Data
 .text.SPI1_IRQHandler
                0x0000000008000bdc       0x5c Stm32_F103C6_Drivers/Stm32_f103c6_Drivers_SPI.o
                0x0000000008000bdc                SPI1_IRQHandler
 .text.SPI2_IRQHandler
                0x0000000008000c38       0x5c Stm32_F103C6_Drivers/Stm32_f103c6_Drivers_SPI.o
                0x0000000008000c38                SPI2_IRQHandler
 .text.USART_init
                0x0000000008000c94      0x1b8 Stm32_F103C6_Drivers/Stm32_f103c6_Drivers_USART.o
                0x0000000008000c94                USART_init
 .text.USART_SetPins
                0x0000000008000e4c       0xcc Stm32_F103C6_Drivers/Stm32_f103c6_Drivers_USART.o
                0x0000000008000e4c                USART_SetPins
 .text.USART_Send
                0x0000000008000f18       0x9c Stm32_F103C6_Drivers/Stm32_f103c6_Drivers_USART.o
                0x0000000008000f18                USART_Send
 .text.USART1_IRQHandler
                0x0000000008000fb4       0x14 Stm32_F103C6_Drivers/Stm32_f103c6_Drivers_USART.o
                0x0000000008000fb4                USART1_IRQHandler
 .text.USART2_IRQHandler
                0x0000000008000fc8       0x14 Stm32_F103C6_Drivers/Stm32_f103c6_Drivers_USART.o
                0x0000000008000fc8                USART2_IRQHandler
 .text.USART3_IRQHandler
                0x0000000008000fdc       0x14 Stm32_F103C6_Drivers/Stm32_f103c6_Drivers_USART.o
                0x0000000008000fdc                USART3_IRQHandler
 .text.__libc_init_array
                0x0000000008000ff0       0x48 c:/st/stm32cubeide_1.4.0/stm32cubeide/plugins/com.st.stm32cube.ide.mcu.externaltools.gnu-tools-for-stm32.7-2018-q2-update.win32_1.4.0.202007081208/tools/bin/../lib/gcc/arm-none-eabi/7.3.1/../../../../arm-none-eabi/lib/thumb/v7-m\libc_nano.a(lib_a-init.o)
                0x0000000008000ff0                __libc_init_array
 *(.glue_7)
 .glue_7        0x0000000008001038        0x0 linker stubs
 *(.glue_7t)
 .glue_7t       0x0000000008001038        0x0 linker stubs
 *(.eh_frame)
 .eh_frame      0x0000000008001038        0x0 c:/st/stm32cubeide_1.4.0/stm32cubeide/plugins/com.st.stm32cube.ide.mcu.externaltools.gnu-tools-for-stm32.7-2018-q2-update.win32_1.4.0.202007081208/tools/bin/../lib/gcc/arm-none-eabi/7.3.1/thumb/v7-m/crtbegin.o
 *(.init)
 .init          0x0000000008001038        0x4 c:/st/stm32cubeide_1.4.0/stm32cubeide/plugins/com.st.stm32cube.ide.mcu.externaltools.gnu-tools-for-stm32.7-2018-q2-update.win32_1.4.0.202007081208/tools/bin/../lib/gcc/arm-none-eabi/7.3.1/thumb/v7-m/crti.o
                0x0000000008001038                _init
 .init          0x000000000800103c        0x8 c:/st/stm32cubeide_1.4.0/stm32cubeide/plugins/com.st.stm32cube.ide.mcu.externaltools.gnu-tools-for-stm32.7-2018-q2-update.win32_1.4.0.202007081208/tools/bin/../lib/gcc/arm-none-eabi/7.3.1/thumb/v7-m/crtn.o
 *(.fini)
 .fini          0x0000000008001044        0x4 c:/st/stm32cubeide_1.4.0/stm32cubeide/plugins/com.st.stm32cube.ide.mcu.externaltools.gnu-tools-for-stm32.7-2018-q2-update.win32_1.4.0.202007081208/tools/bin/../lib/gcc/arm-none-eabi/7.3.1/thumb/v7-m/crti.o
                0x0000000008001044                _fini
 .fini          0x0000000008001048        0x8 c:/st/stm32cubeide_1.4.0/stm32cubeide/plugins/com.st.stm32cube.ide.mcu.externaltools.gnu-tools-for-stm32.7-2018-q2-update.win32_1.4.0.202007081208/tools/bin/../lib/gcc/arm-none-eabi/7.3.1/thumb/v7-m/crtn.o
                0x0000000008001050                . = ALIGN (0x4)
                0x0000000008001050                _etext = .

.vfp11_veneer   0x0000000008001050        0x0
 .vfp11_veneer  0x0000000008001050        0x0 linker stubs

.v4_bx          0x0000000008001050        0x0
 .v4_bx         0x0000000008001050        0x0 linker stubs

.iplt           0x0000000008001050        0x0
 .iplt          0x0000000008001050        0x0 c:/st/stm32cubeide_1.4.0/stm32cubeide/plugins/com.st.stm32cube.ide.mcu.externaltools.gnu-tools-for-stm32.7-2018-q2-update.win32_1.4.0.202007081208/tools/bin/../lib/gcc/arm-none-eabi/7.3.1/thumb/v7-m/crtbegin.o

.rel.dyn        0x0000000008001050        0x0
 .rel.iplt      0x0000000008001050        0x0 c:/st/stm32cubeide_1.4.0/stm32cubeide/plugins/com.st.stm32cube.ide.mcu.externaltools.gnu-tools-for-stm32.7-2018-q2-update.win32_1.4.0.202007081208/tools/bin/../lib/gcc/arm-none-eabi/7.3.1/thumb/v7-m/crtbegin.o

.rodata         0x0000000008001050        0x0
                0x0000000008001050                . = ALIGN (0x4)
 *(.rodata)
 *(.rodata*)
                0x0000000008001050                . = ALIGN (0x4)

.ARM.extab      0x0000000008001050        0x0
                0x0000000008001050                . = ALIGN (0x4)
 *(.ARM.extab* .gnu.linkonce.armextab.*)
                0x0000000008001050                . = ALIGN (0x4)

.ARM            0x0000000008001050        0x0
                0x0000000008001050                . = ALIGN (0x4)
                0x0000000008001050                __exidx_start = .
 *(.ARM.exidx*)
                0x0000000008001050                __exidx_end = .
                0x0000000008001050                . = ALIGN (0x4)

.preinit_array  0x0000000008001050        0x0
                0x0000000008001050                . = ALIGN (0x4)
                0x0000000008001050                PROVIDE (__preinit_array_start = .)
 *(.preinit_array*)
                0x0000000008001050                PROVIDE (__preinit_array_end = .)
                0x0000000008001050                . = ALIGN (0x4)

.init_array     0x0000000008001050        0x4
                0x0000000008001050                . = ALIGN (0x4)
                0x0000000008001050                PROVIDE (__init_array_start = .)
 *(SORT_BY_NAME(.init_array.*))
 *(.init_array*)
 .init_array    0x0000000008001050        0x4 c:/st/stm32cubeide_1.4.0/stm32cubeide/plugins/com.st.stm32cube.ide.mcu.externaltools.gnu-tools-for-stm32.7-2018-q2-update.win32_1.4.0.202007081208/tools/bin/../lib/gcc/arm-none-eabi/7.3.1/thumb/v7-m/crtbegin.o
                0x0000000008001054                PROVIDE (__init_array_end = .)
                0x0000000008001054                . = ALIGN (0x4)

.fini_array     0x0000000008001054        0x4
                0x0000000008001054                . = ALIGN (0x4)
                [!provide]                        PROVIDE (__fini_array_start = .)
 *(SORT_BY_NAME(.fini_array.*))
 *(.fini_array*)
 .fini_array    0x0000000008001054        0x4 c:/st/stm32cubeide_1.4.0/stm32cubeide/plugins/com.st.stm32cube.ide.mcu.externaltools.gnu-tools-for-stm32.7-2018-q2-update.win32_1.4.0.202007081208/tools/bin/../lib/gcc/arm-none-eabi/7.3.1/thumb/v7-m/crtbegin.o
                [!provide]                        PROVIDE (__fini_array_end = .)
                0x0000000008001058                . = ALIGN (0x4)
                0x0000000008001058                _sidata = LOADADDR (.data)

.data           0x0000000020000000       0x18 load address 0x0000000008001058
                0x0000000020000000                . = ALIGN (0x4)
                0x0000000020000000                _sdata = .
 *(.data)
 *(.data*)
 .data.APB_PrescTable
                0x0000000020000000        0x8 Stm32_F103C6_Drivers/Stm32_f103c6_Drivers_RCC.o
                0x0000000020000000                APB_PrescTable
 .data.AHB_PrescTable
                0x0000000020000008       0x10 Stm32_F103C6_Drivers/Stm32_f103c6_Drivers_RCC.o
                0x0000000020000008                AHB_PrescTable
                0x0000000020000018                . = ALIGN (0x4)
                0x0000000020000018                _edata = .

.igot.plt       0x0000000020000018        0x0 load address 0x0000000008001070
 .igot.plt      0x0000000020000018        0x0 c:/st/stm32cubeide_1.4.0/stm32cubeide/plugins/com.st.stm32cube.ide.mcu.externaltools.gnu-tools-for-stm32.7-2018-q2-update.win32_1.4.0.202007081208/tools/bin/../lib/gcc/arm-none-eabi/7.3.1/thumb/v7-m/crtbegin.o
                0x0000000020000018                . = ALIGN (0x4)

.bss            0x0000000020000018       0x74 load address 0x0000000008001070
                0x0000000020000018                _sbss = .
                0x0000000020000018                __bss_start__ = _sbss
 *(.bss)
 .bss           0x0000000020000018       0x1c c:/st/stm32cubeide_1.4.0/stm32cubeide/plugins/com.st.stm32cube.ide.mcu.externaltools.gnu-tools-for-stm32.7-2018-q2-update.win32_1.4.0.202007081208/tools/bin/../lib/gcc/arm-none-eabi/7.3.1/thumb/v7-m/crtbegin.o
 *(.bss*)
 .bss.g_SPI_Config
                0x0000000020000034        0x8 Stm32_F103C6_Drivers/Stm32_f103c6_Drivers_SPI.o
                0x0000000020000034                g_SPI_Config
 .bss.Global_USART1Config
                0x000000002000003c        0x4 Stm32_F103C6_Drivers/Stm32_f103c6_Drivers_USART.o
                0x000000002000003c                Global_USART1Config
 .bss.Global_USART2Config
                0x0000000020000040        0x4 Stm32_F103C6_Drivers/Stm32_f103c6_Drivers_USART.o
                0x0000000020000040                Global_USART2Config
 .bss.Global_USART3Config
                0x0000000020000044        0x4 Stm32_F103C6_Drivers/Stm32_f103c6_Drivers_USART.o
                0x0000000020000044                Global_USART3Config
 *(COMMON)
 COMMON         0x0000000020000048        0x3 Src/main.o
                0x0000000020000048                DATA
                0x0000000020000049                DATA1
                0x000000002000004a                ch
 *fill*         0x000000002000004b        0x1 
 COMMON         0x000000002000004c       0x40 Stm32_F103C6_Drivers/Stm32_f103c6_Drivers_EXTI.o
                0x000000002000004c                GP_IRQ_CALLBACK
                0x000000002000008c                . = ALIGN (0x4)
                0x000000002000008c                _ebss = .
                0x000000002000008c                __bss_end__ = _ebss

._user_heap_stack
                0x000000002000008c      0x604 load address 0x0000000008001070
                0x0000000020000090                . = ALIGN (0x8)
 *fill*         0x000000002000008c        0x4 
                [!provide]                        PROVIDE (end = .)
                0x0000000020000090                PROVIDE (_end = .)
                0x0000000020000290                . = (. + _Min_Heap_Size)
 *fill*         0x0000000020000090      0x200 
                0x0000000020000690                . = (. + _Min_Stack_Size)
 *fill*         0x0000000020000290      0x400 
                0x0000000020000690                . = ALIGN (0x8)

/DISCARD/
 libc.a(*)
 libm.a(*)
 libgcc.a(*)

.ARM.attributes
                0x0000000000000000       0x29
 *(.ARM.attributes)
 .ARM.attributes
                0x0000000000000000       0x1d c:/st/stm32cubeide_1.4.0/stm32cubeide/plugins/com.st.stm32cube.ide.mcu.externaltools.gnu-tools-for-stm32.7-2018-q2-update.win32_1.4.0.202007081208/tools/bin/../lib/gcc/arm-none-eabi/7.3.1/thumb/v7-m/crti.o
 .ARM.attributes
                0x000000000000001d       0x2d c:/st/stm32cubeide_1.4.0/stm32cubeide/plugins/com.st.stm32cube.ide.mcu.externaltools.gnu-tools-for-stm32.7-2018-q2-update.win32_1.4.0.202007081208/tools/bin/../lib/gcc/arm-none-eabi/7.3.1/thumb/v7-m/crtbegin.o
 .ARM.attributes
                0x000000000000004a       0x33 Src/main.o
 .ARM.attributes
                0x000000000000007d       0x21 Startup/startup_stm32f103c6tx.o
 .ARM.attributes
                0x000000000000009e       0x33 Stm32_F103C6_Drivers/Stm32_f103c6_Drivers_EXTI.o
 .ARM.attributes
                0x00000000000000d1       0x33 Stm32_F103C6_Drivers/Stm32_f103c6_Drivers_Gpio.o
 .ARM.attributes
                0x0000000000000104       0x33 Stm32_F103C6_Drivers/Stm32_f103c6_Drivers_RCC.o
 .ARM.attributes
                0x0000000000000137       0x33 Stm32_F103C6_Drivers/Stm32_f103c6_Drivers_SPI.o
 .ARM.attributes
                0x000000000000016a       0x33 Stm32_F103C6_Drivers/Stm32_f103c6_Drivers_USART.o
 .ARM.attributes
                0x000000000000019d       0x2d c:/st/stm32cubeide_1.4.0/stm32cubeide/plugins/com.st.stm32cube.ide.mcu.externaltools.gnu-tools-for-stm32.7-2018-q2-update.win32_1.4.0.202007081208/tools/bin/../lib/gcc/arm-none-eabi/7.3.1/../../../../arm-none-eabi/lib/thumb/v7-m\libc_nano.a(lib_a-init.o)
 .ARM.attributes
                0x00000000000001ca       0x1d c:/st/stm32cubeide_1.4.0/stm32cubeide/plugins/com.st.stm32cube.ide.mcu.externaltools.gnu-tools-for-stm32.7-2018-q2-update.win32_1.4.0.202007081208/tools/bin/../lib/gcc/arm-none-eabi/7.3.1/thumb/v7-m/crtn.o
OUTPUT(Section_3_keypad_LCD.elf elf32-littlearm)

.debug_info     0x0000000000000000     0x525f
 .debug_info    0x0000000000000000      0xe28 Src/main.o
 .debug_info    0x0000000000000e28       0x22 Startup/startup_stm32f103c6tx.o
 .debug_info    0x0000000000000e4a      0xdb9 Stm32_F103C6_Drivers/Stm32_f103c6_Drivers_EXTI.o
 .debug_info    0x0000000000001c03      0xdad Stm32_F103C6_Drivers/Stm32_f103c6_Drivers_Gpio.o
 .debug_info    0x00000000000029b0      0xb24 Stm32_F103C6_Drivers/Stm32_f103c6_Drivers_RCC.o
 .debug_info    0x00000000000034d4      0xf15 Stm32_F103C6_Drivers/Stm32_f103c6_Drivers_SPI.o
 .debug_info    0x00000000000043e9      0xe76 Stm32_F103C6_Drivers/Stm32_f103c6_Drivers_USART.o

.debug_abbrev   0x0000000000000000      0xd14
 .debug_abbrev  0x0000000000000000      0x22a Src/main.o
 .debug_abbrev  0x000000000000022a       0x12 Startup/startup_stm32f103c6tx.o
 .debug_abbrev  0x000000000000023c      0x22e Stm32_F103C6_Drivers/Stm32_f103c6_Drivers_EXTI.o
 .debug_abbrev  0x000000000000046a      0x232 Stm32_F103C6_Drivers/Stm32_f103c6_Drivers_Gpio.o
 .debug_abbrev  0x000000000000069c      0x1aa Stm32_F103C6_Drivers/Stm32_f103c6_Drivers_RCC.o
 .debug_abbrev  0x0000000000000846      0x269 Stm32_F103C6_Drivers/Stm32_f103c6_Drivers_SPI.o
 .debug_abbrev  0x0000000000000aaf      0x265 Stm32_F103C6_Drivers/Stm32_f103c6_Drivers_USART.o

.debug_loc      0x0000000000000000      0xdec
 .debug_loc     0x0000000000000000      0x110 Src/main.o
 .debug_loc     0x0000000000000110      0x320 Stm32_F103C6_Drivers/Stm32_f103c6_Drivers_EXTI.o
 .debug_loc     0x0000000000000430      0x38c Stm32_F103C6_Drivers/Stm32_f103c6_Drivers_Gpio.o
 .debug_loc     0x00000000000007bc       0xe0 Stm32_F103C6_Drivers/Stm32_f103c6_Drivers_RCC.o
 .debug_loc     0x000000000000089c      0x2bc Stm32_F103C6_Drivers/Stm32_f103c6_Drivers_SPI.o
 .debug_loc     0x0000000000000b58      0x294 Stm32_F103C6_Drivers/Stm32_f103c6_Drivers_USART.o

.debug_aranges  0x0000000000000000      0x238
 .debug_aranges
                0x0000000000000000       0x38 Src/main.o
 .debug_aranges
                0x0000000000000038       0x28 Startup/startup_stm32f103c6tx.o
 .debug_aranges
                0x0000000000000060       0x80 Stm32_F103C6_Drivers/Stm32_f103c6_Drivers_EXTI.o
 .debug_aranges
                0x00000000000000e0       0x68 Stm32_F103C6_Drivers/Stm32_f103c6_Drivers_Gpio.o
 .debug_aranges
                0x0000000000000148       0x38 Stm32_F103C6_Drivers/Stm32_f103c6_Drivers_RCC.o
 .debug_aranges
                0x0000000000000180       0x58 Stm32_F103C6_Drivers/Stm32_f103c6_Drivers_SPI.o
 .debug_aranges
                0x00000000000001d8       0x60 Stm32_F103C6_Drivers/Stm32_f103c6_Drivers_USART.o

.debug_ranges   0x0000000000000000      0x1d0
 .debug_ranges  0x0000000000000000       0x28 Src/main.o
 .debug_ranges  0x0000000000000028       0x20 Startup/startup_stm32f103c6tx.o
 .debug_ranges  0x0000000000000048       0x70 Stm32_F103C6_Drivers/Stm32_f103c6_Drivers_EXTI.o
 .debug_ranges  0x00000000000000b8       0x58 Stm32_F103C6_Drivers/Stm32_f103c6_Drivers_Gpio.o
 .debug_ranges  0x0000000000000110       0x28 Stm32_F103C6_Drivers/Stm32_f103c6_Drivers_RCC.o
 .debug_ranges  0x0000000000000138       0x48 Stm32_F103C6_Drivers/Stm32_f103c6_Drivers_SPI.o
 .debug_ranges  0x0000000000000180       0x50 Stm32_F103C6_Drivers/Stm32_f103c6_Drivers_USART.o

.debug_macro    0x0000000000000000     0x103d
 .debug_macro   0x0000000000000000      0x268 Src/main.o
 .debug_macro   0x0000000000000268       0x40 Src/main.o
 .debug_macro   0x00000000000002a8      0x21b Src/main.o
 .debug_macro   0x00000000000004c3       0xee Src/main.o
 .debug_macro   0x00000000000005b1       0x16 Src/main.o
 .debug_macro   0x00000000000005c7       0xf9 Src/main.o
 .debug_macro   0x00000000000006c0      0x152 Stm32_F103C6_Drivers/Stm32_f103c6_Drivers_EXTI.o
 .debug_macro   0x0000000000000812       0xd6 Stm32_F103C6_Drivers/Stm32_f103c6_Drivers_EXTI.o
 .debug_macro   0x00000000000008e8      0x13f Stm32_F103C6_Drivers/Stm32_f103c6_Drivers_Gpio.o
 .debug_macro   0x0000000000000a27      0x148 Stm32_F103C6_Drivers/Stm32_f103c6_Drivers_RCC.o
 .debug_macro   0x0000000000000b6f       0x10 Stm32_F103C6_Drivers/Stm32_f103c6_Drivers_RCC.o
 .debug_macro   0x0000000000000b7f      0x151 Stm32_F103C6_Drivers/Stm32_f103c6_Drivers_SPI.o
 .debug_macro   0x0000000000000cd0      0x221 Stm32_F103C6_Drivers/Stm32_f103c6_Drivers_SPI.o
 .debug_macro   0x0000000000000ef1      0x14c Stm32_F103C6_Drivers/Stm32_f103c6_Drivers_USART.o

.debug_line     0x0000000000000000     0x2a2d
 .debug_line    0x0000000000000000      0x76f Src/main.o
 .debug_line    0x000000000000076f       0x84 Startup/startup_stm32f103c6tx.o
 .debug_line    0x00000000000007f3      0x750 Stm32_F103C6_Drivers/Stm32_f103c6_Drivers_EXTI.o
 .debug_line    0x0000000000000f43      0x6d6 Stm32_F103C6_Drivers/Stm32_f103c6_Drivers_Gpio.o
 .debug_line    0x0000000000001619      0x5ef Stm32_F103C6_Drivers/Stm32_f103c6_Drivers_RCC.o
 .debug_line    0x0000000000001c08      0x710 Stm32_F103C6_Drivers/Stm32_f103c6_Drivers_SPI.o
 .debug_line    0x0000000000002318      0x715 Stm32_F103C6_Drivers/Stm32_f103c6_Drivers_USART.o

.debug_str      0x0000000000000000     0xbe6c
 .debug_str     0x0000000000000000     0xb729 Src/main.o
                                       0xb9b5 (size before relaxing)
 .debug_str     0x000000000000b729       0x65 Startup/startup_stm32f103c6tx.o
 .debug_str     0x000000000000b78e      0x2c9 Stm32_F103C6_Drivers/Stm32_f103c6_Drivers_EXTI.o
                                       0x98b2 (size before relaxing)
 .debug_str     0x000000000000ba57      0x134 Stm32_F103C6_Drivers/Stm32_f103c6_Drivers_Gpio.o
                                       0x8364 (size before relaxing)
 .debug_str     0x000000000000bb8b       0xad Stm32_F103C6_Drivers/Stm32_f103c6_Drivers_RCC.o
                                       0x82ba (size before relaxing)
 .debug_str     0x000000000000bc38      0x111 Stm32_F103C6_Drivers/Stm32_f103c6_Drivers_SPI.o
                                       0x9ffd (size before relaxing)
 .debug_str     0x000000000000bd49      0x123 Stm32_F103C6_Drivers/Stm32_f103c6_Drivers_USART.o
                                       0x8925 (size before relaxing)

.comment        0x0000000000000000       0x7b
 .comment       0x0000000000000000       0x7b Src/main.o
                                         0x7c (size before relaxing)
 .comment       0x000000000000007b       0x7c Stm32_F103C6_Drivers/Stm32_f103c6_Drivers_EXTI.o
 .comment       0x000000000000007b       0x7c Stm32_F103C6_Drivers/Stm32_f103c6_Drivers_Gpio.o
 .comment       0x000000000000007b       0x7c Stm32_F103C6_Drivers/Stm32_f103c6_Drivers_RCC.o
 .comment       0x000000000000007b       0x7c Stm32_F103C6_Drivers/Stm32_f103c6_Drivers_SPI.o
 .comment       0x000000000000007b       0x7c Stm32_F103C6_Drivers/Stm32_f103c6_Drivers_USART.o

.debug_frame    0x0000000000000000      0x730
 .debug_frame   0x0000000000000000       0x94 Src/main.o
 .debug_frame   0x0000000000000094      0x1b0 Stm32_F103C6_Drivers/Stm32_f103c6_Drivers_EXTI.o
 .debug_frame   0x0000000000000244      0x1a0 Stm32_F103C6_Drivers/Stm32_f103c6_Drivers_Gpio.o
 .debug_frame   0x00000000000003e4       0x8c Stm32_F103C6_Drivers/Stm32_f103c6_Drivers_RCC.o
 .debug_frame   0x0000000000000470      0x148 Stm32_F103C6_Drivers/Stm32_f103c6_Drivers_SPI.o
 .debug_frame   0x00000000000005b8      0x14c Stm32_F103C6_Drivers/Stm32_f103c6_Drivers_USART.o
 .debug_frame   0x0000000000000704       0x2c c:/st/stm32cubeide_1.4.0/stm32cubeide/plugins/com.st.stm32cube.ide.mcu.externaltools.gnu-tools-for-stm32.7-2018-q2-update.win32_1.4.0.202007081208/tools/bin/../lib/gcc/arm-none-eabi/7.3.1/../../../../arm-none-eabi/lib/thumb/v7-m\libc_nano.a(lib_a-init.o)
