APP.c:371:6:xDelay	24	static
APP.c:404:13:System_voidFillAdminsData	4	static
APP.c:442:13:System_voidFillDriverssData	4	static
APP.c:482:11:System_u8ValidateAdminData	40	static
APP.c:581:13:System_voidAddNewUser	24	static
APP.c:681:13:System_VoidDeleteUser	48	static
APP.c:827:4:compTwoStrings	24	static
APP.c:845:13:SPI_voidSetup	8	static
APP.c:873:13:LCD_voidSetup	8	static
APP.c:895:6:UART_voidSetup	8	static
APP.c:914:13:progressBar	24	static
APP.c:926:13:DeletingBar	24	static
APP.c:948:13:AddinggBar	24	static
APP.c:964:13:LCD_voidMainScreen	8	static
APP.c:977:13:LCD_voidAdminOptions	8	static
APP.c:991:13:LCD_voidStatusOptions	8	static
APP.c:1009:13:LCD_AddDriver	8	static
APP.c:1019:13:LCD_voidDeleteDriver	8	static
APP.c:1034:13:LCD_voidDeletingOptions	8	static
APP.c:1056:13:keypad_voidSetup	8	static
APP.c:1074:6:_7Segnent_voidSetup	8	static
APP.c:1102:13:EXTI_voidSetup	8	static
APP.c:1133:6:ECU3_Dashboard_APP_SETUP	8	static
APP.c:1165:6:ECU3_Dashboard_APP_LOOP	8	static
APP.c:1282:13:ECU1_Callback	40	static
APP.c:1410:13:ECU3_Callback	40	static
APP.c:1543:13:Tiner_voidCallback	4	static
