Stm32_f103c6_Drivers_EXTI.c:46:6:EXTI_voidInitLine	16	static
Stm32_f103c6_Drivers_EXTI.c:66:6:EXTI_voidEnableEXTI	16	static
Stm32_f103c6_Drivers_EXTI.c:71:6:EXTI_voidDisableEXTI	16	static
Stm32_f103c6_Drivers_EXTI.c:76:6:EXTI_voidSoftwareTrigger	16	static
Stm32_f103c6_Drivers_EXTI.c:80:6:EXTI_voidChangeLineTrigger	16	static
Stm32_f103c6_Drivers_EXTI.c:85:6:EXTI_voidSetCallBackFCN	16	static
Stm32_f103c6_Drivers_EXTI.c:91:9:EXTI0_IRQHandler	8	static
Stm32_f103c6_Drivers_EXTI.c:98:9:EXTI1_IRQHandler	8	static
Stm32_f103c6_Drivers_EXTI.c:104:9:EXTI2_IRQHandler	8	static
Stm32_f103c6_Drivers_EXTI.c:110:9:EXTI3_IRQHandler	8	static
Stm32_f103c6_Drivers_EXTI.c:116:9:EXTI4_IRQHandler	8	static
Stm32_f103c6_Drivers_EXTI.c:122:9:EXTI5_IRQHandler	8	static
Stm32_f103c6_Drivers_EXTI.c:128:9:EXTI6_IRQHandler	8	static
Stm32_f103c6_Drivers_EXTI.c:134:9:EXTI7_IRQHandler	8	static
Stm32_f103c6_Drivers_EXTI.c:141:9:EXTI8_IRQHandler	8	static
Stm32_f103c6_Drivers_EXTI.c:147:9:EXTI9_IRQHandler	8	static
Stm32_f103c6_Drivers_EXTI.c:153:9:EXTI10_IRQHandler	8	static
Stm32_f103c6_Drivers_EXTI.c:159:9:EXTI11_IRQHandler	8	static
Stm32_f103c6_Drivers_EXTI.c:165:9:EXTI12_IRQHandler	8	static
Stm32_f103c6_Drivers_EXTI.c:171:9:EXTI13_IRQHandler	8	static
Stm32_f103c6_Drivers_EXTI.c:177:9:EXTI14_IRQHandler	8	static
Stm32_f103c6_Drivers_EXTI.c:183:9:EXTI15_IRQHandler	8	static
