Archive member included to satisfy reference by file (symbol)

c:/st/stm32cubeide_1.4.0/stm32cubeide/plugins/com.st.stm32cube.ide.mcu.externaltools.gnu-tools-for-stm32.7-2018-q2-update.win32_1.4.0.202007081208/tools/bin/../lib/gcc/arm-none-eabi/7.3.1/../../../../arm-none-eabi/lib/thumb/v7-m\libc_nano.a(lib_a-errno.o)
                              Src/syscalls.o (__errno)
c:/st/stm32cubeide_1.4.0/stm32cubeide/plugins/com.st.stm32cube.ide.mcu.externaltools.gnu-tools-for-stm32.7-2018-q2-update.win32_1.4.0.202007081208/tools/bin/../lib/gcc/arm-none-eabi/7.3.1/../../../../arm-none-eabi/lib/thumb/v7-m\libc_nano.a(lib_a-exit.o)
                              c:/st/stm32cubeide_1.4.0/stm32cubeide/plugins/com.st.stm32cube.ide.mcu.externaltools.gnu-tools-for-stm32.7-2018-q2-update.win32_1.4.0.202007081208/tools/bin/../lib/gcc/arm-none-eabi/7.3.1/../../../../arm-none-eabi/lib/thumb/v7-m/crt0.o (exit)
c:/st/stm32cubeide_1.4.0/stm32cubeide/plugins/com.st.stm32cube.ide.mcu.externaltools.gnu-tools-for-stm32.7-2018-q2-update.win32_1.4.0.202007081208/tools/bin/../lib/gcc/arm-none-eabi/7.3.1/../../../../arm-none-eabi/lib/thumb/v7-m\libc_nano.a(lib_a-impure.o)
                              c:/st/stm32cubeide_1.4.0/stm32cubeide/plugins/com.st.stm32cube.ide.mcu.externaltools.gnu-tools-for-stm32.7-2018-q2-update.win32_1.4.0.202007081208/tools/bin/../lib/gcc/arm-none-eabi/7.3.1/../../../../arm-none-eabi/lib/thumb/v7-m\libc_nano.a(lib_a-exit.o) (_global_impure_ptr)
c:/st/stm32cubeide_1.4.0/stm32cubeide/plugins/com.st.stm32cube.ide.mcu.externaltools.gnu-tools-for-stm32.7-2018-q2-update.win32_1.4.0.202007081208/tools/bin/../lib/gcc/arm-none-eabi/7.3.1/../../../../arm-none-eabi/lib/thumb/v7-m\libc_nano.a(lib_a-init.o)
                              c:/st/stm32cubeide_1.4.0/stm32cubeide/plugins/com.st.stm32cube.ide.mcu.externaltools.gnu-tools-for-stm32.7-2018-q2-update.win32_1.4.0.202007081208/tools/bin/../lib/gcc/arm-none-eabi/7.3.1/../../../../arm-none-eabi/lib/thumb/v7-m/crt0.o (__libc_init_array)
c:/st/stm32cubeide_1.4.0/stm32cubeide/plugins/com.st.stm32cube.ide.mcu.externaltools.gnu-tools-for-stm32.7-2018-q2-update.win32_1.4.0.202007081208/tools/bin/../lib/gcc/arm-none-eabi/7.3.1/../../../../arm-none-eabi/lib/thumb/v7-m\libc_nano.a(lib_a-memset.o)
                              c:/st/stm32cubeide_1.4.0/stm32cubeide/plugins/com.st.stm32cube.ide.mcu.externaltools.gnu-tools-for-stm32.7-2018-q2-update.win32_1.4.0.202007081208/tools/bin/../lib/gcc/arm-none-eabi/7.3.1/../../../../arm-none-eabi/lib/thumb/v7-m/crt0.o (memset)
c:/st/stm32cubeide_1.4.0/stm32cubeide/plugins/com.st.stm32cube.ide.mcu.externaltools.gnu-tools-for-stm32.7-2018-q2-update.win32_1.4.0.202007081208/tools/bin/../lib/gcc/arm-none-eabi/7.3.1/thumb/v7-m\libgcc.a(_arm_addsubdf3.o)
                              Stm32_F103C6_Drivers/Stm32_f103c6_Drivers_Systclk.o (__aeabi_ui2d)
c:/st/stm32cubeide_1.4.0/stm32cubeide/plugins/com.st.stm32cube.ide.mcu.externaltools.gnu-tools-for-stm32.7-2018-q2-update.win32_1.4.0.202007081208/tools/bin/../lib/gcc/arm-none-eabi/7.3.1/thumb/v7-m\libgcc.a(_arm_muldivdf3.o)
                              Stm32_F103C6_Drivers/Stm32_f103c6_Drivers_Systclk.o (__aeabi_dmul)
c:/st/stm32cubeide_1.4.0/stm32cubeide/plugins/com.st.stm32cube.ide.mcu.externaltools.gnu-tools-for-stm32.7-2018-q2-update.win32_1.4.0.202007081208/tools/bin/../lib/gcc/arm-none-eabi/7.3.1/thumb/v7-m\libgcc.a(_arm_fixunsdfsi.o)
                              Stm32_F103C6_Drivers/Stm32_f103c6_Drivers_Systclk.o (__aeabi_d2uiz)

Allocating common symbols
Common symbol       size              file

ch                  0x1               Src/main.o

Discarded input sections

 .text          0x0000000000000000        0x0 c:/st/stm32cubeide_1.4.0/stm32cubeide/plugins/com.st.stm32cube.ide.mcu.externaltools.gnu-tools-for-stm32.7-2018-q2-update.win32_1.4.0.202007081208/tools/bin/../lib/gcc/arm-none-eabi/7.3.1/thumb/v7-m/crti.o
 .data          0x0000000000000000        0x0 c:/st/stm32cubeide_1.4.0/stm32cubeide/plugins/com.st.stm32cube.ide.mcu.externaltools.gnu-tools-for-stm32.7-2018-q2-update.win32_1.4.0.202007081208/tools/bin/../lib/gcc/arm-none-eabi/7.3.1/thumb/v7-m/crti.o
 .bss           0x0000000000000000        0x0 c:/st/stm32cubeide_1.4.0/stm32cubeide/plugins/com.st.stm32cube.ide.mcu.externaltools.gnu-tools-for-stm32.7-2018-q2-update.win32_1.4.0.202007081208/tools/bin/../lib/gcc/arm-none-eabi/7.3.1/thumb/v7-m/crti.o
 .data          0x0000000000000000        0x4 c:/st/stm32cubeide_1.4.0/stm32cubeide/plugins/com.st.stm32cube.ide.mcu.externaltools.gnu-tools-for-stm32.7-2018-q2-update.win32_1.4.0.202007081208/tools/bin/../lib/gcc/arm-none-eabi/7.3.1/thumb/v7-m/crtbegin.o
 .text          0x0000000000000000       0x74 c:/st/stm32cubeide_1.4.0/stm32cubeide/plugins/com.st.stm32cube.ide.mcu.externaltools.gnu-tools-for-stm32.7-2018-q2-update.win32_1.4.0.202007081208/tools/bin/../lib/gcc/arm-none-eabi/7.3.1/../../../../arm-none-eabi/lib/thumb/v7-m/crt0.o
[...]
Memory Configuration

Name             Origin             Length             Attributes
RAM              0x0000000020000000 0x0000000000002800 xrw
ROM              0x0000000008000000 0x0000000000008000 xr
*default*        0x0000000000000000 0xffffffffffffffff

Linker script and memory map

LOAD c:/st/stm32cubeide_1.4.0/stm32cubeide/plugins/com.st.stm32cube.ide.mcu.externaltools.gnu-tools-for-stm32.7-2018-q2-update.win32_1.4.0.202007081208/tools/bin/../lib/gcc/arm-none-eabi/7.3.1/thumb/v7-m/crti.o
LOAD c:/st/stm32cubeide_1.4.0/stm32cubeide/plugins/com.st.stm32cube.ide.mcu.externaltools.gnu-tools-for-stm32.7-2018-q2-update.win32_1.4.0.202007081208/tools/bin/../lib/gcc/arm-none-eabi/7.3.1/thumb/v7-m/crtbegin.o
LOAD c:/st/stm32cubeide_1.4.0/stm32cubeide/plugins/com.st.stm32cube.ide.mcu.externaltools.gnu-tools-for-stm32.7-2018-q2-update.win32_1.4.0.202007081208/tools/bin/../lib/gcc/arm-none-eabi/7.3.1/../../../../arm-none-eabi/lib/thumb/v7-m/crt0.o
LOAD HAL/KEY_PAD.o
LOAD HAL/LCD.o
LOAD Src/main.o
LOAD Src/syscalls.o
LOAD Src/sysmem.o
LOAD Startup/startup_stm32f103c6tx.o
LOAD Stm32_F103C6_Drivers/Stm32_f103c6_Drivers_EXTI.o
LOAD Stm32_F103C6_Drivers/Stm32_f103c6_Drivers_Gpio.o
LOAD Stm32_F103C6_Drivers/Stm32_f103c6_Drivers_RCC.o
LOAD Stm32_F103C6_Drivers/Stm32_f103c6_Drivers_Systclk.o
LOAD Stm32_F103C6_Drivers/Stm32_f103c6_Drivers_USART.o
START GROUP
LOAD c:/st/stm32cubeide_1.4.0/stm32cubeide/plugins/com.st.stm32cube.ide.mcu.externaltools.gnu-tools-for-stm32.7-2018-q2-update.win32_1.4.0.202007081208/tools/bin/../lib/gcc/arm-none-eabi/7.3.1/../../../../arm-none-eabi/lib/thumb/v7-m\libc_nano.a
LOAD c:/st/stm32cubeide_1.4.0/stm32cubeide/plugins/com.st.stm32cube.ide.mcu.externaltools.gnu-tools-for-stm32.7-2018-q2-update.win32_1.4.0.202007081208/tools/bin/../lib/gcc/arm-none-eabi/7.3.1/../../../../arm-none-eabi/lib/thumb/v7-m\libm.a
END GROUP
START GROUP
LOAD c:/st/stm32cubeide_1.4.0/stm32cubeide/plugins/com.st.stm32cube.ide.mcu.externaltools.gnu-tools-for-stm32.7-2018-q2-update.win32_1.4.0.202007081208/tools/bin/../lib/gcc/arm-none-eabi/7.3.1/thumb/v7-m\libgcc.a
LOAD c:/st/stm32cubeide_1.4.0/stm32cubeide/plugins/com.st.stm32cube.ide.mcu.externaltools.gnu-tools-for-stm32.7-2018-q2-update.win32_1.4.0.202007081208/tools/bin/../lib/gcc/arm-none-eabi/7.3.1/../../../../arm-none-eabi/lib/thumb/v7-m\libg_nano.a
LOAD c:/st/stm32cubeide_1.4.0/stm32cubeide/plugins/com.st.stm32cube.ide.mcu.externaltools.gnu-tools-for-stm32.7-2018-q2-update.win32_1.4.0.202007081208/tools/bin/../lib/gcc/arm-none-eabi/7.3.1/../../../../arm-none-eabi/lib/thumb/v7-m\libc_nano.a
END GROUP
START GROUP
LOAD c:/st/stm32cubeide_1.4.0/stm32cubeide/plugins/com.st.stm32cube.ide.mcu.externaltools.gnu-tools-for-stm32.7-2018-q2-update.win32_1.4.0.202007081208/tools/bin/../lib/gcc/arm-none-eabi/7.3.1/thumb/v7-m\libgcc.a
LOAD c:/st/stm32cubeide_1.4.0/stm32cubeide/plugins/com.st.stm32cube.ide.mcu.externaltools.gnu-tools-for-stm32.7-2018-q2-update.win32_1.4.0.202007081208/tools/bin/../lib/gcc/arm-none-eabi/7.3.1/../../../../arm-none-eabi/lib/thumb/v7-m\libc_nano.a
LOAD c:/st/stm32cubeide_1.4.0/stm32cubeide/plugins/com.st.stm32cube.ide.mcu.externaltools.gnu-tools-for-stm32.7-2018-q2-update.win32_1.4.0.202007081208/tools/bin/../lib/gcc/arm-none-eabi/7.3.1/../../../../arm-none-eabi/lib/thumb/v7-m\libnosys.a
END GROUP
START GROUP
LOAD c:/st/stm32cubeide_1.4.0/stm32cubeide/plugins/com.st.stm32cube.ide.mcu.externaltools.gnu-tools-for-stm32.7-2018-q2-update.win32_1.4.0.202007081208/tools/bin/../lib/gcc/arm-none-eabi/7.3.1/thumb/v7-m\libgcc.a
LOAD c:/st/stm32cubeide_1.4.0/stm32cubeide/plugins/com.st.stm32cube.ide.mcu.externaltools.gnu-tools-for-stm32.7-2018-q2-update.win32_1.4.0.202007081208/tools/bin/../lib/gcc/arm-none-eabi/7.3.1/../../../../arm-none-eabi/lib/thumb/v7-m\libc_nano.a
LOAD c:/st/stm32cubeide_1.4.0/stm32cubeide/plugins/com.st.stm32cube.ide.mcu.externaltools.gnu-tools-for-stm32.7-2018-q2-update.win32_1.4.0.202007081208/tools/bin/../lib/gcc/arm-none-eabi/7.3.1/../../../../arm-none-eabi/lib/thumb/v7-m\libnosys.a
END GROUP
LOAD c:/st/stm32cubeide_1.4.0/stm32cubeide/plugins/com.st.stm32cube.ide.mcu.externaltools.gnu-tools-for-stm32.7-2018-q2-update.win32_1.4.0.202007081208/tools/bin/../lib/gcc/arm-none-eabi/7.3.1/thumb/v7-m/crtend.o
LOAD c:/st/stm32cubeide_1.4.0/stm32cubeide/plugins/com.st.stm32cube.ide.mcu.externaltools.gnu-tools-for-stm32.7-2018-q2-update.win32_1.4.0.202007081208/tools/bin/../lib/gcc/arm-none-eabi/7.3.1/thumb/v7-m/crtn.o
                0x0000000020002800                _estack = (ORIGIN (RAM) + LENGTH (RAM))
                0x0000000000000200                _Min_Heap_Size = 0x200
                0x0000000000000400                _Min_Stack_Size = 0x400

.isr_vector     0x0000000008000000      0x130
                0x0000000008000000                . = ALIGN (0x4)
 *(.isr_vector)
 .isr_vector    0x0000000008000000      0x130 Startup/startup_stm32f103c6tx.o
                0x0000000008000000                g_pfnVectors
                0x0000000008000130                . = ALIGN (0x4)

.text           0x0000000008000130      0x264
                0x0000000008000130                . = ALIGN (0x4)
 *(.text)
 .text          0x0000000008000130       0x40 c:/st/stm32cubeide_1.4.0/stm32cubeide/plugins/com.st.stm32cube.ide.mcu.externaltools.gnu-tools-for-stm32.7-2018-q2-update.win32_1.4.0.202007081208/tools/bin/../lib/gcc/arm-none-eabi/7.3.1/thumb/v7-m/crtbegin.o
 *(.text*)
 .text.main     0x0000000008000170        0xe Src/main.o
                0x0000000008000170                main
 *fill*         0x000000000800017e        0x2 
 .text.Reset_Handler
                0x0000000008000180       0x50 Startup/startup_stm32f103c6tx.o
                0x0000000008000180                Reset_Handler
 .text.Default_Handler
                0x00000000080001d0        0x2 Startup/startup_stm32f103c6tx.o
                0x00000000080001d0                TIM8_TRG_COM_IRQHandler
                0x00000000080001d0                TIM8_CC_IRQHandler
                0x00000000080001d0                DebugMon_Handler
                0x00000000080001d0                TIM1_CC_IRQHandler
                0x00000000080001d0                HardFault_Handler
                0x00000000080001d0                TIM6_IRQHandler
                0x00000000080001d0                SysTick_Handler
                0x00000000080001d0                PVD_IRQHandler
                0x00000000080001d0                SDIO_IRQHandler
                0x00000000080001d0                PendSV_Handler
                0x00000000080001d0                NMI_Handler
                0x00000000080001d0                USB_HP_CAN_TX_IRQHandler
                0x00000000080001d0                I2C2_EV_IRQHandler
                0x00000000080001d0                UsageFault_Handler
                0x00000000080001d0                ADC1_2_IRQHandler
                0x00000000080001d0                SPI1_IRQHandler
                0x00000000080001d0                CAN_SCE_IRQHandler
                0x00000000080001d0                TAMPER_IRQHandler
                0x00000000080001d0                TIM8_UP_IRQHandler
                0x00000000080001d0                DMA2_Channel2_IRQHandler
                0x00000000080001d0                DMA1_Channel4_IRQHandler
                0x00000000080001d0                RTC_IRQHandler
                0x00000000080001d0                DMA1_Channel7_IRQHandler
                0x00000000080001d0                UART5_IRQHandler
                0x00000000080001d0                ADC3_IRQHandler
                0x00000000080001d0                TIM4_IRQHandler
                0x00000000080001d0                CAN_RX1_IRQHandler
                0x00000000080001d0                DMA2_Channel1_IRQHandler
                0x00000000080001d0                I2C1_EV_IRQHandler
                0x00000000080001d0                DMA1_Channel6_IRQHandler
                0x00000000080001d0                UART4_IRQHandler
                0x00000000080001d0                TIM3_IRQHandler
                0x00000000080001d0                RCC_IRQHandler
                0x00000000080001d0                TIM1_TRG_COM_IRQHandler
                0x00000000080001d0                DMA1_Channel1_IRQHandler
                0x00000000080001d0                Default_Handler
                0x00000000080001d0                EXTI15_10_IRQHandler
                0x00000000080001d0                TIM7_IRQHandler
                0x00000000080001d0                TIM5_IRQHandler
                0x00000000080001d0                EXTI9_5_IRQHandler
                0x00000000080001d0                SPI2_IRQHandler
                0x00000000080001d0                USB_LP_CAN_RX0_IRQHandler
                0x00000000080001d0                MemManage_Handler
                0x00000000080001d0                SVC_Handler
                0x00000000080001d0                DMA1_Channel5_IRQHandler
                0x00000000080001d0                DMA1_Channel3_IRQHandler
                0x00000000080001d0                FSMC_IRQHandler
                0x00000000080001d0                TIM1_UP_IRQHandler
                0x00000000080001d0                WWDG_IRQHandler
                0x00000000080001d0                TIM2_IRQHandler
                0x00000000080001d0                TIM1_BRK_IRQHandler
                0x00000000080001d0                RTCAlarm_IRQHandler
                0x00000000080001d0                DMA2_Channel4_5_IRQHandler
                0x00000000080001d0                I2C2_ER_IRQHandler
                0x00000000080001d0                DMA1_Channel2_IRQHandler
                0x00000000080001d0                TIM8_BRK_IRQHandler
                0x00000000080001d0                FLASH_IRQHandler
                0x00000000080001d0                BusFault_Handler
                0x00000000080001d0                SPI3_IRQHandler
                0x00000000080001d0                I2C1_ER_IRQHandler
                0x00000000080001d0                DMA2_Channel3_IRQHandler
 *fill*         0x00000000080001d2        0x2 
 .text.EXTI0_IRQHandler
                0x00000000080001d4       0x24 Stm32_F103C6_Drivers/Stm32_f103c6_Drivers_EXTI.o
                0x00000000080001d4                EXTI0_IRQHandler
 .text.EXTI1_IRQHandler
                0x00000000080001f8       0x24 Stm32_F103C6_Drivers/Stm32_f103c6_Drivers_EXTI.o
                0x00000000080001f8                EXTI1_IRQHandler
 .text.EXTI2_IRQHandler
                0x000000000800021c       0x24 Stm32_F103C6_Drivers/Stm32_f103c6_Drivers_EXTI.o
                0x000000000800021c                EXTI2_IRQHandler
 .text.EXTI3_IRQHandler
                0x0000000008000240       0x24 Stm32_F103C6_Drivers/Stm32_f103c6_Drivers_EXTI.o
                0x0000000008000240                EXTI3_IRQHandler
 .text.EXTI4_IRQHandler
                0x0000000008000264       0x24 Stm32_F103C6_Drivers/Stm32_f103c6_Drivers_EXTI.o
                0x0000000008000264                EXTI4_IRQHandler
 .text.USART1_IRQHandler
                0x0000000008000288       0x38 Stm32_F103C6_Drivers/Stm32_f103c6_Drivers_Systclk.o
                0x0000000008000288                USART1_IRQHandler
 .text.USART2_IRQHandler
                0x00000000080002c0       0x38 Stm32_F103C6_Drivers/Stm32_f103c6_Drivers_Systclk.o
                0x00000000080002c0                USART2_IRQHandler
 .text.USART3_IRQHandler
                0x00000000080002f8       0x3c Stm32_F103C6_Drivers/Stm32_f103c6_Drivers_Systclk.o
                0x00000000080002f8                USART3_IRQHandler
 .text.__libc_init_array
                0x0000000008000334       0x48 c:/st/stm32cubeide_1.4.0/stm32cubeide/plugins/com.st.stm32cube.ide.mcu.externaltools.gnu-tools-for-stm32.7-2018-q2-update.win32_1.4.0.202007081208/tools/bin/../lib/gcc/arm-none-eabi/7.3.1/../../../../arm-none-eabi/lib/thumb/v7-m\libc_nano.a(lib_a-init.o)
                0x0000000008000334                __libc_init_array
 *(.glue_7)
 .glue_7        0x000000000800037c        0x0 linker stubs
 *(.glue_7t)
 .glue_7t       0x000000000800037c        0x0 linker stubs
 *(.eh_frame)
 .eh_frame      0x000000000800037c        0x0 c:/st/stm32cubeide_1.4.0/stm32cubeide/plugins/com.st.stm32cube.ide.mcu.externaltools.gnu-tools-for-stm32.7-2018-q2-update.win32_1.4.0.202007081208/tools/bin/../lib/gcc/arm-none-eabi/7.3.1/thumb/v7-m/crtbegin.o
 *(.init)
 .init          0x000000000800037c        0x4 c:/st/stm32cubeide_1.4.0/stm32cubeide/plugins/com.st.stm32cube.ide.mcu.externaltools.gnu-tools-for-stm32.7-2018-q2-update.win32_1.4.0.202007081208/tools/bin/../lib/gcc/arm-none-eabi/7.3.1/thumb/v7-m/crti.o
                0x000000000800037c                _init
 .init          0x0000000008000380        0x8 c:/st/stm32cubeide_1.4.0/stm32cubeide/plugins/com.st.stm32cube.ide.mcu.externaltools.gnu-tools-for-stm32.7-2018-q2-update.win32_1.4.0.202007081208/tools/bin/../lib/gcc/arm-none-eabi/7.3.1/thumb/v7-m/crtn.o
 *(.fini)
 .fini          0x0000000008000388        0x4 c:/st/stm32cubeide_1.4.0/stm32cubeide/plugins/com.st.stm32cube.ide.mcu.externaltools.gnu-tools-for-stm32.7-2018-q2-update.win32_1.4.0.202007081208/tools/bin/../lib/gcc/arm-none-eabi/7.3.1/thumb/v7-m/crti.o
                0x0000000008000388                _fini
 .fini          0x000000000800038c        0x8 c:/st/stm32cubeide_1.4.0/stm32cubeide/plugins/com.st.stm32cube.ide.mcu.externaltools.gnu-tools-for-stm32.7-2018-q2-update.win32_1.4.0.202007081208/tools/bin/../lib/gcc/arm-none-eabi/7.3.1/thumb/v7-m/crtn.o
                0x0000000008000394                . = ALIGN (0x4)
                0x0000000008000394                _etext = .

.vfp11_veneer   0x0000000008000394        0x0
 .vfp11_veneer  0x0000000008000394        0x0 linker stubs

.v4_bx          0x0000000008000394        0x0
 .v4_bx         0x0000000008000394        0x0 linker stubs

.iplt           0x0000000008000394        0x0
 .iplt          0x0000000008000394        0x0 c:/st/stm32cubeide_1.4.0/stm32cubeide/plugins/com.st.stm32cube.ide.mcu.externaltools.gnu-tools-for-stm32.7-2018-q2-update.win32_1.4.0.202007081208/tools/bin/../lib/gcc/arm-none-eabi/7.3.1/thumb/v7-m/crtbegin.o

.rel.dyn        0x0000000008000394        0x0
 .rel.iplt      0x0000000008000394        0x0 c:/st/stm32cubeide_1.4.0/stm32cubeide/plugins/com.st.stm32cube.ide.mcu.externaltools.gnu-tools-for-stm32.7-2018-q2-update.win32_1.4.0.202007081208/tools/bin/../lib/gcc/arm-none-eabi/7.3.1/thumb/v7-m/crtbegin.o

.rodata         0x0000000008000394        0x0
                0x0000000008000394                . = ALIGN (0x4)
 *(.rodata)
 *(.rodata*)
                0x0000000008000394                . = ALIGN (0x4)

.ARM.extab      0x0000000008000394        0x0
                0x0000000008000394                . = ALIGN (0x4)
 *(.ARM.extab* .gnu.linkonce.armextab.*)
                0x0000000008000394                . = ALIGN (0x4)

.ARM            0x0000000008000394        0x0
                0x0000000008000394                . = ALIGN (0x4)
                0x0000000008000394                __exidx_start = .
 *(.ARM.exidx*)
                0x0000000008000394                __exidx_end = .
                0x0000000008000394                . = ALIGN (0x4)

.preinit_array  0x0000000008000394        0x0
                0x0000000008000394                . = ALIGN (0x4)
                0x0000000008000394                PROVIDE (__preinit_array_start = .)
 *(.preinit_array*)
                0x0000000008000394                PROVIDE (__preinit_array_end = .)
                0x0000000008000394                . = ALIGN (0x4)

.init_array     0x0000000008000394        0x4
                0x0000000008000394                . = ALIGN (0x4)
                0x0000000008000394                PROVIDE (__init_array_start = .)
 *(SORT_BY_NAME(.init_array.*))
 *(.init_array*)
 .init_array    0x0000000008000394        0x4 c:/st/stm32cubeide_1.4.0/stm32cubeide/plugins/com.st.stm32cube.ide.mcu.externaltools.gnu-tools-for-stm32.7-2018-q2-update.win32_1.4.0.202007081208/tools/bin/../lib/gcc/arm-none-eabi/7.3.1/thumb/v7-m/crtbegin.o
                0x0000000008000398                PROVIDE (__init_array_end = .)
                0x0000000008000398                . = ALIGN (0x4)

.fini_array     0x0000000008000398        0x4
                0x0000000008000398                . = ALIGN (0x4)
                [!provide]                        PROVIDE (__fini_array_start = .)
 *(SORT_BY_NAME(.fini_array.*))
 *(.fini_array*)
 .fini_array    0x0000000008000398        0x4 c:/st/stm32cubeide_1.4.0/stm32cubeide/plugins/com.st.stm32cube.ide.mcu.externaltools.gnu-tools-for-stm32.7-2018-q2-update.win32_1.4.0.202007081208/tools/bin/../lib/gcc/arm-none-eabi/7.3.1/thumb/v7-m/crtbegin.o
                [!provide]                        PROVIDE (__fini_array_end = .)
                0x000000000800039c                . = ALIGN (0x4)
                0x000000000800039c                _sidata = LOADADDR (.data)

.data           0x0000000020000000        0x0 load address 0x000000000800039c
                0x0000000020000000                . = ALIGN (0x4)
                0x0000000020000000                _sdata = .
 *(.data)
 *(.data*)
                0x0000000020000000                . = ALIGN (0x4)
                0x0000000020000000                _edata = .

.igot.plt       0x0000000020000000        0x0 load address 0x000000000800039c
 .igot.plt      0x0000000020000000        0x0 c:/st/stm32cubeide_1.4.0/stm32cubeide/plugins/com.st.stm32cube.ide.mcu.externaltools.gnu-tools-for-stm32.7-2018-q2-update.win32_1.4.0.202007081208/tools/bin/../lib/gcc/arm-none-eabi/7.3.1/thumb/v7-m/crtbegin.o
                0x0000000020000000                . = ALIGN (0x4)

.bss            0x0000000020000000       0x68 load address 0x000000000800039c
                0x0000000020000000                _sbss = .
                0x0000000020000000                __bss_start__ = _sbss
 *(.bss)
 .bss           0x0000000020000000       0x1c c:/st/stm32cubeide_1.4.0/stm32cubeide/plugins/com.st.stm32cube.ide.mcu.externaltools.gnu-tools-for-stm32.7-2018-q2-update.win32_1.4.0.202007081208/tools/bin/../lib/gcc/arm-none-eabi/7.3.1/thumb/v7-m/crtbegin.o
 *(.bss*)
 .bss.EXTI_PtrFunction
                0x000000002000001c       0x40 Stm32_F103C6_Drivers/Stm32_f103c6_Drivers_EXTI.o
 .bss.Global_USART_Config
                0x000000002000005c        0xc Stm32_F103C6_Drivers/Stm32_f103c6_Drivers_Systclk.o
 *(COMMON)
                0x0000000020000068                . = ALIGN (0x4)
                0x0000000020000068                _ebss = .
                0x0000000020000068                __bss_end__ = _ebss

._user_heap_stack
                0x0000000020000068      0x600 load address 0x000000000800039c
                0x0000000020000068                . = ALIGN (0x8)
                [!provide]                        PROVIDE (end = .)
                0x0000000020000068                PROVIDE (_end = .)
                0x0000000020000268                . = (. + _Min_Heap_Size)
 *fill*         0x0000000020000068      0x200 
                0x0000000020000668                . = (. + _Min_Stack_Size)
 *fill*         0x0000000020000268      0x400 
                0x0000000020000668                . = ALIGN (0x8)

/DISCARD/
 libc.a(*)
 libm.a(*)
 libgcc.a(*)

.ARM.attributes
                0x0000000000000000       0x29
 *(.ARM.attributes)
 .ARM.attributes
                0x0000000000000000       0x1d c:/st/stm32cubeide_1.4.0/stm32cubeide/plugins/com.st.stm32cube.ide.mcu.externaltools.gnu-tools-for-stm32.7-2018-q2-update.win32_1.4.0.202007081208/tools/bin/../lib/gcc/arm-none-eabi/7.3.1/thumb/v7-m/crti.o
 .ARM.attributes
                0x000000000000001d       0x2d c:/st/stm32cubeide_1.4.0/stm32cubeide/plugins/com.st.stm32cube.ide.mcu.externaltools.gnu-tools-for-stm32.7-2018-q2-update.win32_1.4.0.202007081208/tools/bin/../lib/gcc/arm-none-eabi/7.3.1/thumb/v7-m/crtbegin.o
 .ARM.attributes
                0x000000000000004a       0x33 Src/main.o
 .ARM.attributes
                0x000000000000007d       0x21 Startup/startup_stm32f103c6tx.o
 .ARM.attributes
                0x000000000000009e       0x33 Stm32_F103C6_Drivers/Stm32_f103c6_Drivers_EXTI.o
 .ARM.attributes
                0x00000000000000d1       0x33 Stm32_F103C6_Drivers/Stm32_f103c6_Drivers_Systclk.o
 .ARM.attributes
                0x0000000000000104       0x2d c:/st/stm32cubeide_1.4.0/stm32cubeide/plugins/com.st.stm32cube.ide.mcu.externaltools.gnu-tools-for-stm32.7-2018-q2-update.win32_1.4.0.202007081208/tools/bin/../lib/gcc/arm-none-eabi/7.3.1/../../../../arm-none-eabi/lib/thumb/v7-m\libc_nano.a(lib_a-init.o)
 .ARM.attributes
                0x0000000000000131       0x1d c:/st/stm32cubeide_1.4.0/stm32cubeide/plugins/com.st.stm32cube.ide.mcu.externaltools.gnu-tools-for-stm32.7-2018-q2-update.win32_1.4.0.202007081208/tools/bin/../lib/gcc/arm-none-eabi/7.3.1/thumb/v7-m/crtn.o
OUTPUT(Section_3_keypad_LCD.elf elf32-littlearm)

.debug_info     0x0000000000000000     0x27b3
 .debug_info    0x0000000000000000      0x9a9 Src/main.o
 .debug_info    0x00000000000009a9       0x22 Startup/startup_stm32f103c6tx.o
 .debug_info    0x00000000000009cb      0xd4c Stm32_F103C6_Drivers/Stm32_f103c6_Drivers_EXTI.o
 .debug_info    0x0000000000001717     0x109c Stm32_F103C6_Drivers/Stm32_f103c6_Drivers_Systclk.o

.debug_abbrev   0x0000000000000000      0x5b1
 .debug_abbrev  0x0000000000000000      0x17a Src/main.o
 .debug_abbrev  0x000000000000017a       0x12 Startup/startup_stm32f103c6tx.o
 .debug_abbrev  0x000000000000018c      0x1f2 Stm32_F103C6_Drivers/Stm32_f103c6_Drivers_EXTI.o
 .debug_abbrev  0x000000000000037e      0x233 Stm32_F103C6_Drivers/Stm32_f103c6_Drivers_Systclk.o

.debug_loc      0x0000000000000000      0x900
 .debug_loc     0x0000000000000000       0x44 Src/main.o
 .debug_loc     0x0000000000000044      0x4dc Stm32_F103C6_Drivers/Stm32_f103c6_Drivers_EXTI.o
 .debug_loc     0x0000000000000520      0x3e0 Stm32_F103C6_Drivers/Stm32_f103c6_Drivers_Systclk.o

.debug_aranges  0x0000000000000000      0x190
 .debug_aranges
                0x0000000000000000       0x20 Src/main.o
 .debug_aranges
                0x0000000000000020       0x28 Startup/startup_stm32f103c6tx.o
 .debug_aranges
                0x0000000000000048       0xc8 Stm32_F103C6_Drivers/Stm32_f103c6_Drivers_EXTI.o
 .debug_aranges
                0x0000000000000110       0x80 Stm32_F103C6_Drivers/Stm32_f103c6_Drivers_Systclk.o

.debug_ranges   0x0000000000000000      0x158
 .debug_ranges  0x0000000000000000       0x10 Src/main.o
 .debug_ranges  0x0000000000000010       0x20 Startup/startup_stm32f103c6tx.o
 .debug_ranges  0x0000000000000030       0xb8 Stm32_F103C6_Drivers/Stm32_f103c6_Drivers_EXTI.o
 .debug_ranges  0x00000000000000e8       0x70 Stm32_F103C6_Drivers/Stm32_f103c6_Drivers_Systclk.o

.debug_macro    0x0000000000000000      0x948
 .debug_macro   0x0000000000000000      0x24f Src/main.o
 .debug_macro   0x000000000000024f       0x10 Src/main.o
 .debug_macro   0x000000000000025f       0x2e Src/main.o
 .debug_macro   0x000000000000028d      0x3b9 Src/main.o
 .debug_macro   0x0000000000000646      0x16e Stm32_F103C6_Drivers/Stm32_f103c6_Drivers_EXTI.o
 .debug_macro   0x00000000000007b4       0x16 Stm32_F103C6_Drivers/Stm32_f103c6_Drivers_EXTI.o
 .debug_macro   0x00000000000007ca      0x17e Stm32_F103C6_Drivers/Stm32_f103c6_Drivers_Systclk.o

.debug_line     0x0000000000000000     0x1705
 .debug_line    0x0000000000000000      0x6ce Src/main.o
 .debug_line    0x00000000000006ce       0x84 Startup/startup_stm32f103c6tx.o
 .debug_line    0x0000000000000752      0x765 Stm32_F103C6_Drivers/Stm32_f103c6_Drivers_EXTI.o
 .debug_line    0x0000000000000eb7      0x84e Stm32_F103C6_Drivers/Stm32_f103c6_Drivers_Systclk.o

.debug_str      0x0000000000000000     0xa023
 .debug_str     0x0000000000000000     0x94fc Src/main.o
                                       0x9743 (size before relaxing)
 .debug_str     0x00000000000094fc       0x65 Startup/startup_stm32f103c6tx.o
 .debug_str     0x0000000000009561      0x357 Stm32_F103C6_Drivers/Stm32_f103c6_Drivers_EXTI.o
                                       0x88b8 (size before relaxing)
 .debug_str     0x00000000000098b8      0x76b Stm32_F103C6_Drivers/Stm32_f103c6_Drivers_Systclk.o
                                       0x8cfe (size before relaxing)

.comment        0x0000000000000000       0x7b
 .comment       0x0000000000000000       0x7b Src/main.o
                                         0x7c (size before relaxing)
 .comment       0x000000000000007b       0x7c Stm32_F103C6_Drivers/Stm32_f103c6_Drivers_EXTI.o
 .comment       0x000000000000007b       0x7c Stm32_F103C6_Drivers/Stm32_f103c6_Drivers_Systclk.o

.debug_frame    0x0000000000000000      0x4fc
 .debug_frame   0x0000000000000000       0x30 Src/main.o
 .debug_frame   0x0000000000000030      0x2bc Stm32_F103C6_Drivers/Stm32_f103c6_Drivers_EXTI.o
 .debug_frame   0x00000000000002ec      0x1e4 Stm32_F103C6_Drivers/Stm32_f103c6_Drivers_Systclk.o
 .debug_frame   0x00000000000004d0       0x2c c:/st/stm32cubeide_1.4.0/stm32cubeide/plugins/com.st.stm32cube.ide.mcu.externaltools.gnu-tools-for-stm32.7-2018-q2-update.win32_1.4.0.202007081208/tools/bin/../lib/gcc/arm-none-eabi/7.3.1/../../../../arm-none-eabi/lib/thumb/v7-m\libc_nano.a(lib_a-init.o)
