Stm32_f103c6_Drivers_EXTI.c:23:6:EXTI0_IRQHandler	8	static
Stm32_f103c6_Drivers_EXTI.c:29:6:EXTI1_IRQHandler	8	static
Stm32_f103c6_Drivers_EXTI.c:33:6:EXTI2_IRQHandler	8	static
Stm32_f103c6_Drivers_EXTI.c:37:6:EXTI3_IRQHandler	8	static
Stm32_f103c6_Drivers_EXTI.c:41:6:EXTI4_IRQHandler	8	static
Stm32_f103c6_Drivers_EXTI.c:45:6:EXTI9_5_IRQHandler	8	static
Stm32_f103c6_Drivers_EXTI.c:63:6:EXTI15_10_IRQHandler	8	static
Stm32_f103c6_Drivers_EXTI.c:101:6:Enable_NVIC	16	static
Stm32_f103c6_Drivers_EXTI.c:136:6:Disable_NVIC	16	static
Stm32_f103c6_Drivers_EXTI.c:173:6:Update_EXTI	24	static
Stm32_f103c6_Drivers_EXTI.c:248:6:MCAL_EXTI_GPIO_DeInit	4	static
Stm32_f103c6_Drivers_EXTI.c:274:6:MCAL_EXTI_GPIO_Init	16	static
Stm32_f103c6_Drivers_EXTI.c:289:6:MCAL_EXTI_GPIO_Update	16	static
